../Core/Src/main.c:78:6:HAL_GPIO_EXTI_Callback	16	static
../Core/Src/main.c:90:6:HAL_TIM_PeriodElapsedCallback	24	static
../Core/Src/main.c:240:5:main	8	static
../Core/Src/main.c:319:6:SystemClock_Config	88	static
../Core/Src/main.c:361:13:MX_I2C1_Init	8	static
../Core/Src/main.c:395:13:MX_TIM2_Init	56	static
../Core/Src/main.c:444:13:MX_TIM3_Init	32	static
../Core/Src/main.c:489:13:MX_USART2_UART_Init	8	static
../Core/Src/main.c:522:13:MX_GPIO_Init	40	static
../Core/Src/main.c:556:6:Error_Handler	4	static,ignoring_inline_asm
