Archive member included to satisfy reference by file (symbol)

E:/STM32CubeIDE_2.1.0/STM32CubeIDE/plugins/com.st.stm32cube.ide.mcu.externaltools.gnu-tools-for-stm32.14.3.rel1.win32_1.0.100.202602081740/tools/bin/../lib/gcc/arm-none-eabi/14.3.1/../../../../arm-none-eabi/lib/thumb/v7e-m+fp/hard\libc_nano.a(libc_a-exit.o)
                              E:/STM32CubeIDE_2.1.0/STM32CubeIDE/plugins/com.st.stm32cube.ide.mcu.externaltools.gnu-tools-for-stm32.14.3.rel1.win32_1.0.100.202602081740/tools/bin/../lib/gcc/arm-none-eabi/14.3.1/../../../../arm-none-eabi/lib/thumb/v7e-m+fp/hard/crt0.o (exit)
E:/STM32CubeIDE_2.1.0/STM32CubeIDE/plugins/com.st.stm32cube.ide.mcu.externaltools.gnu-tools-for-stm32.14.3.rel1.win32_1.0.100.202602081740/tools/bin/../lib/gcc/arm-none-eabi/14.3.1/../../../../arm-none-eabi/lib/thumb/v7e-m+fp/hard\libc_nano.a(libc_a-findfp.o)
                              E:/STM32CubeIDE_2.1.0/STM32CubeIDE/plugins/com.st.stm32cube.ide.mcu.externaltools.gnu-tools-for-stm32.14.3.rel1.win32_1.0.100.202602081740/tools/bin/../lib/gcc/arm-none-eabi/14.3.1/../../../../arm-none-eabi/lib/thumb/v7e-m+fp/hard\libc_nano.a(libc_a-exit.o) (__stdio_exit_handler)
E:/STM32CubeIDE_2.1.0/STM32CubeIDE/plugins/com.st.stm32cube.ide.mcu.externaltools.gnu-tools-for-stm32.14.3.rel1.win32_1.0.100.202602081740/tools/bin/../lib/gcc/arm-none-eabi/14.3.1/../../../../arm-none-eabi/lib/thumb/v7e-m+fp/hard\libc_nano.a(libc_a-fwalk.o)
                              E:/STM32CubeIDE_2.1.0/STM32CubeIDE/plugins/com.st.stm32cube.ide.mcu.externaltools.gnu-tools-for-stm32.14.3.rel1.win32_1.0.100.202602081740/tools/bin/../lib/gcc/arm-none-eabi/14.3.1/../../../../arm-none-eabi/lib/thumb/v7e-m+fp/hard\libc_nano.a(libc_a-findfp.o) (_fwalk_sglue)
E:/STM32CubeIDE_2.1.0/STM32CubeIDE/plugins/com.st.stm32cube.ide.mcu.externaltools.gnu-tools-for-stm32.14.3.rel1.win32_1.0.100.202602081740/tools/bin/../lib/gcc/arm-none-eabi/14.3.1/../../../../arm-none-eabi/lib/thumb/v7e-m+fp/hard\libc_nano.a(libc_a-stdio.o)
                              E:/STM32CubeIDE_2.1.0/STM32CubeIDE/plugins/com.st.stm32cube.ide.mcu.externaltools.gnu-tools-for-stm32.14.3.rel1.win32_1.0.100.202602081740/tools/bin/../lib/gcc/arm-none-eabi/14.3.1/../../../../arm-none-eabi/lib/thumb/v7e-m+fp/hard\libc_nano.a(libc_a-findfp.o) (__sread)
E:/STM32CubeIDE_2.1.0/STM32CubeIDE/plugins/com.st.stm32cube.ide.mcu.externaltools.gnu-tools-for-stm32.14.3.rel1.win32_1.0.100.202602081740/tools/bin/../lib/gcc/arm-none-eabi/14.3.1/../../../../arm-none-eabi/lib/thumb/v7e-m+fp/hard\libc_nano.a(libc_a-memset.o)
                              E:/STM32CubeIDE_2.1.0/STM32CubeIDE/plugins/com.st.stm32cube.ide.mcu.externaltools.gnu-tools-for-stm32.14.3.rel1.win32_1.0.100.202602081740/tools/bin/../lib/gcc/arm-none-eabi/14.3.1/../../../../arm-none-eabi/lib/thumb/v7e-m+fp/hard/crt0.o (memset)
E:/STM32CubeIDE_2.1.0/STM32CubeIDE/plugins/com.st.stm32cube.ide.mcu.externaltools.gnu-tools-for-stm32.14.3.rel1.win32_1.0.100.202602081740/tools/bin/../lib/gcc/arm-none-eabi/14.3.1/../../../../arm-none-eabi/lib/thumb/v7e-m+fp/hard\libc_nano.a(libc_a-closer.o)
                              E:/STM32CubeIDE_2.1.0/STM32CubeIDE/plugins/com.st.stm32cube.ide.mcu.externaltools.gnu-tools-for-stm32.14.3.rel1.win32_1.0.100.202602081740/tools/bin/../lib/gcc/arm-none-eabi/14.3.1/../../../../arm-none-eabi/lib/thumb/v7e-m+fp/hard\libc_nano.a(libc_a-stdio.o) (_close_r)
E:/STM32CubeIDE_2.1.0/STM32CubeIDE/plugins/com.st.stm32cube.ide.mcu.externaltools.gnu-tools-for-stm32.14.3.rel1.win32_1.0.100.202602081740/tools/bin/../lib/gcc/arm-none-eabi/14.3.1/../../../../arm-none-eabi/lib/thumb/v7e-m+fp/hard\libc_nano.a(libc_a-reent.o)
                              E:/STM32CubeIDE_2.1.0/STM32CubeIDE/plugins/com.st.stm32cube.ide.mcu.externaltools.gnu-tools-for-stm32.14.3.rel1.win32_1.0.100.202602081740/tools/bin/../lib/gcc/arm-none-eabi/14.3.1/../../../../arm-none-eabi/lib/thumb/v7e-m+fp/hard\libc_nano.a(libc_a-closer.o) (errno)
E:/STM32CubeIDE_2.1.0/STM32CubeIDE/plugins/com.st.stm32cube.ide.mcu.externaltools.gnu-tools-for-stm32.14.3.rel1.win32_1.0.100.202602081740/tools/bin/../lib/gcc/arm-none-eabi/14.3.1/../../../../arm-none-eabi/lib/thumb/v7e-m+fp/hard\libc_nano.a(libc_a-impure.o)
                              E:/STM32CubeIDE_2.1.0/STM32CubeIDE/plugins/com.st.stm32cube.ide.mcu.externaltools.gnu-tools-for-stm32.14.3.rel1.win32_1.0.100.202602081740/tools/bin/../lib/gcc/arm-none-eabi/14.3.1/../../../../arm-none-eabi/lib/thumb/v7e-m+fp/hard\libc_nano.a(libc_a-reent.o) (_impure_ptr)
E:/STM32CubeIDE_2.1.0/STM32CubeIDE/plugins/com.st.stm32cube.ide.mcu.externaltools.gnu-tools-for-stm32.14.3.rel1.win32_1.0.100.202602081740/tools/bin/../lib/gcc/arm-none-eabi/14.3.1/../../../../arm-none-eabi/lib/thumb/v7e-m+fp/hard\libc_nano.a(libc_a-lseekr.o)
[...]
Memory Configuration

Name             Origin             Length             Attributes
RAM              0x20000000         0x00020000         xrw
FLASH            0x08000000         0x00080000         xr
*default*        0x00000000         0xffffffff

Linker script and memory map

LOAD E:/STM32CubeIDE_2.1.0/STM32CubeIDE/plugins/com.st.stm32cube.ide.mcu.externaltools.gnu-tools-for-stm32.14.3.rel1.win32_1.0.100.202602081740/tools/bin/../lib/gcc/arm-none-eabi/14.3.1/thumb/v7e-m+fp/hard/crti.o
LOAD E:/STM32CubeIDE_2.1.0/STM32CubeIDE/plugins/com.st.stm32cube.ide.mcu.externaltools.gnu-tools-for-stm32.14.3.rel1.win32_1.0.100.202602081740/tools/bin/../lib/gcc/arm-none-eabi/14.3.1/thumb/v7e-m+fp/hard/crtbegin.o
LOAD E:/STM32CubeIDE_2.1.0/STM32CubeIDE/plugins/com.st.stm32cube.ide.mcu.externaltools.gnu-tools-for-stm32.14.3.rel1.win32_1.0.100.202602081740/tools/bin/../lib/gcc/arm-none-eabi/14.3.1/../../../../arm-none-eabi/lib/thumb/v7e-m+fp/hard/crt0.o
LOAD ./Core/Src/control.o
LOAD ./Core/Src/display.o
LOAD ./Core/Src/encoder.o
LOAD ./Core/Src/font_8x12.o
LOAD ./Core/Src/fsm.o
LOAD ./Core/Src/main.o
LOAD ./Core/Src/ntc.o
LOAD ./Core/Src/oled.o
LOAD ./Core/Src/sht30.o
LOAD ./Core/Src/stm32f4xx_hal_msp.o
LOAD ./Core/Src/stm32f4xx_it.o
LOAD ./Core/Src/syscalls.o
LOAD ./Core/Src/sysmem.o
LOAD ./Core/Src/system_stm32f4xx.o
LOAD ./Core/Startup/startup_stm32f411ceux.o
LOAD ./Drivers/STM32F4xx_HAL_Driver/Src/stm32f4xx_hal.o
LOAD ./Drivers/STM32F4xx_HAL_Driver/Src/stm32f4xx_hal_adc.o
LOAD ./Drivers/STM32F4xx_HAL_Driver/Src/stm32f4xx_hal_adc_ex.o
LOAD ./Drivers/STM32F4xx_HAL_Driver/Src/stm32f4xx_hal_cortex.o
LOAD ./Drivers/STM32F4xx_HAL_Driver/Src/stm32f4xx_hal_dma.o
LOAD ./Drivers/STM32F4xx_HAL_Driver/Src/stm32f4xx_hal_dma_ex.o
LOAD ./Drivers/STM32F4xx_HAL_Driver/Src/stm32f4xx_hal_exti.o
LOAD ./Drivers/STM32F4xx_HAL_Driver/Src/stm32f4xx_hal_flash.o
LOAD ./Drivers/STM32F4xx_HAL_Driver/Src/stm32f4xx_hal_flash_ex.o
LOAD ./Drivers/STM32F4xx_HAL_Driver/Src/stm32f4xx_hal_flash_ramfunc.o
LOAD ./Drivers/STM32F4xx_HAL_Driver/Src/stm32f4xx_hal_gpio.o
LOAD ./Drivers/STM32F4xx_HAL_Driver/Src/stm32f4xx_hal_i2c.o
LOAD ./Drivers/STM32F4xx_HAL_Driver/Src/stm32f4xx_hal_i2c_ex.o
LOAD ./Drivers/STM32F4xx_HAL_Driver/Src/stm32f4xx_hal_pwr.o
LOAD ./Drivers/STM32F4xx_HAL_Driver/Src/stm32f4xx_hal_pwr_ex.o
LOAD ./Drivers/STM32F4xx_HAL_Driver/Src/stm32f4xx_hal_rcc.o
LOAD ./Drivers/STM32F4xx_HAL_Driver/Src/stm32f4xx_hal_rcc_ex.o
LOAD ./Drivers/STM32F4xx_HAL_Driver/Src/stm32f4xx_hal_tim.o
LOAD ./Drivers/STM32F4xx_HAL_Driver/Src/stm32f4xx_hal_tim_ex.o
LOAD ./Drivers/STM32F4xx_HAL_Driver/Src/stm32f4xx_ll_adc.o
START GROUP
LOAD E:/STM32CubeIDE_2.1.0/STM32CubeIDE/plugins/com.st.stm32cube.ide.mcu.externaltools.gnu-tools-for-stm32.14.3.rel1.win32_1.0.100.202602081740/tools/bin/../lib/gcc/arm-none-eabi/14.3.1/../../../../arm-none-eabi/lib/thumb/v7e-m+fp/hard\libc_nano.a
LOAD E:/STM32CubeIDE_2.1.0/STM32CubeIDE/plugins/com.st.stm32cube.ide.mcu.externaltools.gnu-tools-for-stm32.14.3.rel1.win32_1.0.100.202602081740/tools/bin/../lib/gcc/arm-none-eabi/14.3.1/../../../../arm-none-eabi/lib/thumb/v7e-m+fp/hard\libm.a
END GROUP
START GROUP
LOAD E:/STM32CubeIDE_2.1.0/STM32CubeIDE/plugins/com.st.stm32cube.ide.mcu.externaltools.gnu-tools-for-stm32.14.3.rel1.win32_1.0.100.202602081740/tools/bin/../lib/gcc/arm-none-eabi/14.3.1/thumb/v7e-m+fp/hard\libgcc.a
LOAD E:/STM32CubeIDE_2.1.0/STM32CubeIDE/plugins/com.st.stm32cube.ide.mcu.externaltools.gnu-tools-for-stm32.14.3.rel1.win32_1.0.100.202602081740/tools/bin/../lib/gcc/arm-none-eabi/14.3.1/../../../../arm-none-eabi/lib/thumb/v7e-m+fp/hard\libc_nano.a
END GROUP
START GROUP
LOAD E:/STM32CubeIDE_2.1.0/STM32CubeIDE/plugins/com.st.stm32cube.ide.mcu.externaltools.gnu-tools-for-stm32.14.3.rel1.win32_1.0.100.202602081740/tools/bin/../lib/gcc/arm-none-eabi/14.3.1/thumb/v7e-m+fp/hard\libgcc.a
LOAD E:/STM32CubeIDE_2.1.0/STM32CubeIDE/plugins/com.st.stm32cube.ide.mcu.externaltools.gnu-tools-for-stm32.14.3.rel1.win32_1.0.100.202602081740/tools/bin/../lib/gcc/arm-none-eabi/14.3.1/../../../../arm-none-eabi/lib/thumb/v7e-m+fp/hard\libc_nano.a
LOAD E:/STM32CubeIDE_2.1.0/STM32CubeIDE/plugins/com.st.stm32cube.ide.mcu.externaltools.gnu-tools-for-stm32.14.3.rel1.win32_1.0.100.202602081740/tools/bin/../lib/gcc/arm-none-eabi/14.3.1/../../../../arm-none-eabi/lib/thumb/v7e-m+fp/hard\libnosys.a
END GROUP
START GROUP
LOAD E:/STM32CubeIDE_2.1.0/STM32CubeIDE/plugins/com.st.stm32cube.ide.mcu.externaltools.gnu-tools-for-stm32.14.3.rel1.win32_1.0.100.202602081740/tools/bin/../lib/gcc/arm-none-eabi/14.3.1/thumb/v7e-m+fp/hard\libgcc.a
LOAD E:/STM32CubeIDE_2.1.0/STM32CubeIDE/plugins/com.st.stm32cube.ide.mcu.externaltools.gnu-tools-for-stm32.14.3.rel1.win32_1.0.100.202602081740/tools/bin/../lib/gcc/arm-none-eabi/14.3.1/../../../../arm-none-eabi/lib/thumb/v7e-m+fp/hard\libc_nano.a
LOAD E:/STM32CubeIDE_2.1.0/STM32CubeIDE/plugins/com.st.stm32cube.ide.mcu.externaltools.gnu-tools-for-stm32.14.3.rel1.win32_1.0.100.202602081740/tools/bin/../lib/gcc/arm-none-eabi/14.3.1/../../../../arm-none-eabi/lib/thumb/v7e-m+fp/hard\libnosys.a
END GROUP
LOAD E:/STM32CubeIDE_2.1.0/STM32CubeIDE/plugins/com.st.stm32cube.ide.mcu.externaltools.gnu-tools-for-stm32.14.3.rel1.win32_1.0.100.202602081740/tools/bin/../lib/gcc/arm-none-eabi/14.3.1/thumb/v7e-m+fp/hard/crtend.o
LOAD E:/STM32CubeIDE_2.1.0/STM32CubeIDE/plugins/com.st.stm32cube.ide.mcu.externaltools.gnu-tools-for-stm32.14.3.rel1.win32_1.0.100.202602081740/tools/bin/../lib/gcc/arm-none-eabi/14.3.1/thumb/v7e-m+fp/hard/crtn.o
                0x20020000                        _estack = (ORIGIN (RAM) + LENGTH (RAM))
                0x00000200                        _Min_Heap_Size = 0x200
                0x00000400                        _Min_Stack_Size = 0x400

.isr_vector     0x08000000      0x198
                0x08000000                        . = ALIGN (0x4)
 *(.isr_vector)
 .isr_vector    0x08000000      0x198 ./Core/Startup/startup_stm32f411ceux.o
                0x08000000                g_pfnVectors
                0x08000198                        . = ALIGN (0x4)

.text           0x08000198     0x829c
                0x08000198                        . = ALIGN (0x4)
 *(.text)
 .text          0x08000198       0x40 E:/STM32CubeIDE_2.1.0/STM32CubeIDE/plugins/com.st.stm32cube.ide.mcu.externaltools.gnu-tools-for-stm32.14.3.rel1.win32_1.0.100.202602081740/tools/bin/../lib/gcc/arm-none-eabi/14.3.1/thumb/v7e-m+fp/hard/crtbegin.o
 .text          0x080001d8      0x378 E:/STM32CubeIDE_2.1.0/STM32CubeIDE/plugins/com.st.stm32cube.ide.mcu.externaltools.gnu-tools-for-stm32.14.3.rel1.win32_1.0.100.202602081740/tools/bin/../lib/gcc/arm-none-eabi/14.3.1/thumb/v7e-m+fp/hard\libgcc.a(_arm_addsubdf3.o)
                0x080001d8                __aeabi_drsub
                0x080001e0                __aeabi_dsub
                0x080001e0                __subdf3
                0x080001e4                __aeabi_dadd
                0x080001e4                __adddf3
                0x0800045c                __floatunsidf
                0x0800045c                __aeabi_ui2d
                0x0800047c                __floatsidf
                0x0800047c                __aeabi_i2d
                0x080004a0                __aeabi_f2d
                0x080004a0                __extendsfdf2
                0x080004e4                __floatundidf
                0x080004e4                __aeabi_ul2d
                0x080004f4                __floatdidf
                0x080004f4                __aeabi_l2d
 .text          0x08000550      0x424 E:/STM32CubeIDE_2.1.0/STM32CubeIDE/plugins/com.st.stm32cube.ide.mcu.externaltools.gnu-tools-for-stm32.14.3.rel1.win32_1.0.100.202602081740/tools/bin/../lib/gcc/arm-none-eabi/14.3.1/thumb/v7e-m+fp/hard\libgcc.a(_arm_muldivdf3.o)
                0x08000550                __aeabi_dmul
                0x08000550                __muldf3
                0x080007a4                __divdf3
                0x080007a4                __aeabi_ddiv
 .text          0x08000974       0xa0 E:/STM32CubeIDE_2.1.0/STM32CubeIDE/plugins/com.st.stm32cube.ide.mcu.externaltools.gnu-tools-for-stm32.14.3.rel1.win32_1.0.100.202602081740/tools/bin/../lib/gcc/arm-none-eabi/14.3.1/thumb/v7e-m+fp/hard\libgcc.a(_arm_truncdfsf2.o)
                0x08000974                __truncdfsf2
                0x08000974                __aeabi_d2f
 .text          0x08000a14       0x30 E:/STM32CubeIDE_2.1.0/STM32CubeIDE/plugins/com.st.stm32cube.ide.mcu.externaltools.gnu-tools-for-stm32.14.3.rel1.win32_1.0.100.202602081740/tools/bin/../lib/gcc/arm-none-eabi/14.3.1/thumb/v7e-m+fp/hard\libgcc.a(_aeabi_uldivmod.o)
                0x08000a14                __aeabi_uldivmod
 .text          0x08000a44      0x2f8 E:/STM32CubeIDE_2.1.0/STM32CubeIDE/plugins/com.st.stm32cube.ide.mcu.externaltools.gnu-tools-for-stm32.14.3.rel1.win32_1.0.100.202602081740/tools/bin/../lib/gcc/arm-none-eabi/14.3.1/thumb/v7e-m+fp/hard\libgcc.a(_udivmoddi4.o)
                0x08000a44                __udivmoddi4
 .text          0x08000d3c        0x4 E:/STM32CubeIDE_2.1.0/STM32CubeIDE/plugins/com.st.stm32cube.ide.mcu.externaltools.gnu-tools-for-stm32.14.3.rel1.win32_1.0.100.202602081740/tools/bin/../lib/gcc/arm-none-eabi/14.3.1/thumb/v7e-m+fp/hard\libgcc.a(_dvmd_tls.o)
                0x08000d3c                __aeabi_idiv0
                0x08000d3c                __aeabi_ldiv0
 *(.text*)
 .text.control_init
                0x08000d40       0x80 ./Core/Src/control.o
                0x08000d40                control_init
 .text.control_peltier_hot_fan
                0x08000dc0       0x34 ./Core/Src/control.o
 .text.control_cold_fan
                0x08000df4       0xb8 ./Core/Src/control.o
 *fill*         0x08000eac        0x4 
 .text.dew_point_calculate
                0x08000eb0       0xfc ./Core/Src/control.o
 .text.control_update
                0x08000fac      0x1b8 ./Core/Src/control.o
                0x08000fac                control_update
 .text.control_filter_hum
                0x08001164       0x48 ./Core/Src/control.o
                0x08001164                control_filter_hum
 .text.display_running
                0x080011ac      0x1bc ./Core/Src/display.o
 .text.draw_cursor
                0x08001368       0x20 ./Core/Src/display.o
 .text.menu_display
                0x08001388       0x60 ./Core/Src/display.o
 .text.set_hum_display
                0x080013e8      0x104 ./Core/Src/display.o
 .text.display_update
                0x080014ec       0xa8 ./Core/Src/display.o
                0x080014ec                display_update
 .text.encoder_init
                0x08001594       0x52 ./Core/Src/encoder.o
                0x08001594                encoder_init
 .text.encoder_read
                0x080015e6       0x84 ./Core/Src/encoder.o
                0x080015e6                encoder_read
 *fill*         0x0800166a        0x2 
 .text.fsm_init
                0x0800166c       0x18 ./Core/Src/fsm.o
                0x0800166c                fsm_init
 .text.fsm_run  0x08001684       0x80 ./Core/Src/fsm.o
                0x08001684                fsm_run
 .text.fsm_get  0x08001704       0x18 ./Core/Src/fsm.o
                0x08001704                fsm_get
 .text.HAL_GPIO_EXTI_Callback
                0x0800171c       0x40 ./Core/Src/main.o
                0x0800171c                HAL_GPIO_EXTI_Callback
 .text.HAL_TIM_PeriodElapsedCallback
                0x0800175c       0x68 ./Core/Src/main.o
                0x0800175c                HAL_TIM_PeriodElapsedCallback
 .text.main     0x080017c4      0x220 ./Core/Src/main.o
                0x080017c4                main
 .text.SystemClock_Config
                0x080019e4       0xbc ./Core/Src/main.o
                0x080019e4                SystemClock_Config
 .text.MX_ADC1_Init
                0x08001aa0       0xa4 ./Core/Src/main.o
 .text.MX_I2C1_Init
                0x08001b44       0x5c ./Core/Src/main.o
 .text.MX_TIM2_Init
                0x08001ba0       0xa8 ./Core/Src/main.o
 .text.MX_TIM3_Init
                0x08001c48       0xec ./Core/Src/main.o
 .text.MX_TIM4_Init
                0x08001d34       0x9c ./Core/Src/main.o
 .text.MX_GPIO_Init
                0x08001dd0       0xdc ./Core/Src/main.o
 .text.Error_Handler
                0x08001eac        0xc ./Core/Src/main.o
                0x08001eac                Error_Handler
 .text.ntc_init
                0x08001eb8       0x30 ./Core/Src/ntc.o
                0x08001eb8                ntc_init
 .text.ntc_read_adc
                0x08001ee8       0x80 ./Core/Src/ntc.o
                0x08001ee8                ntc_read_adc
 .text.ntc_calculate_resistance
                0x08001f68       0x88 ./Core/Src/ntc.o
 .text.ntc_calculate_temp
                0x08001ff0       0xc0 ./Core/Src/ntc.o
                0x08001ff0                ntc_calculate_temp
 .text.oled_init
                0x080020b0       0x68 ./Core/Src/oled.o
                0x080020b0                oled_init
 .text.oled_clear_display
                0x08002118       0x20 ./Core/Src/oled.o
                0x08002118                oled_clear_display
 .text.oled_send_buffer
                0x08002138       0x70 ./Core/Src/oled.o
                0x08002138                oled_send_buffer
 .text.oled_draw_char
                0x080021a8       0xf4 ./Core/Src/oled.o
                0x080021a8                oled_draw_char
 .text.oled_draw_string
                0x0800229c       0x4c ./Core/Src/oled.o
                0x0800229c                oled_draw_string
 .text.oled_draw_int
                0x080022e8       0xac ./Core/Src/oled.o
                0x080022e8                oled_draw_int
 .text.sht30_init
                0x08002394       0x60 ./Core/Src/sht30.o
                0x08002394                sht30_init
 .text.sht30_get
                0x080023f4       0xda ./Core/Src/sht30.o
                0x080023f4                sht30_get
 *fill*         0x080024ce        0x2 
 .text.sht30_calculate
                0x080024d0       0x94 ./Core/Src/sht30.o
                0x080024d0                sht30_calculate
 .text.HAL_MspInit
                0x08002564       0x50 ./Core/Src/stm32f4xx_hal_msp.o
                0x08002564                HAL_MspInit
 .text.HAL_ADC_MspInit
                0x080025b4       0x88 ./Core/Src/stm32f4xx_hal_msp.o
                0x080025b4                HAL_ADC_MspInit
 .text.HAL_I2C_MspInit
                0x0800263c       0xb0 ./Core/Src/stm32f4xx_hal_msp.o
                0x0800263c                HAL_I2C_MspInit
 .text.HAL_TIM_Encoder_MspInit
                0x080026ec       0xcc ./Core/Src/stm32f4xx_hal_msp.o
                0x080026ec                HAL_TIM_Encoder_MspInit
 .text.HAL_TIM_Base_MspInit
                0x080027b8       0x7c ./Core/Src/stm32f4xx_hal_msp.o
                0x080027b8                HAL_TIM_Base_MspInit
 .text.HAL_TIM_MspPostInit
                0x08002834       0x74 ./Core/Src/stm32f4xx_hal_msp.o
                0x08002834                HAL_TIM_MspPostInit
 .text.NMI_Handler
                0x080028a8        0x8 ./Core/Src/stm32f4xx_it.o
                0x080028a8                NMI_Handler
 .text.HardFault_Handler
                0x080028b0        0x8 ./Core/Src/stm32f4xx_it.o
                0x080028b0                HardFault_Handler
 .text.MemManage_Handler
                0x080028b8        0x8 ./Core/Src/stm32f4xx_it.o
                0x080028b8                MemManage_Handler
 .text.BusFault_Handler
                0x080028c0        0x8 ./Core/Src/stm32f4xx_it.o
                0x080028c0                BusFault_Handler
 .text.UsageFault_Handler
                0x080028c8        0x8 ./Core/Src/stm32f4xx_it.o
                0x080028c8                UsageFault_Handler
 .text.SVC_Handler
                0x080028d0        0xe ./Core/Src/stm32f4xx_it.o
                0x080028d0                SVC_Handler
 .text.DebugMon_Handler
                0x080028de        0xe ./Core/Src/stm32f4xx_it.o
                0x080028de                DebugMon_Handler
 .text.PendSV_Handler
                0x080028ec        0xe ./Core/Src/stm32f4xx_it.o
                0x080028ec                PendSV_Handler
 .text.SysTick_Handler
                0x080028fa        0xc ./Core/Src/stm32f4xx_it.o
                0x080028fa                SysTick_Handler
 .text.EXTI4_IRQHandler
                0x08002906        0xe ./Core/Src/stm32f4xx_it.o
                0x08002906                EXTI4_IRQHandler
 .text.TIM4_IRQHandler
                0x08002914       0x14 ./Core/Src/stm32f4xx_it.o
                0x08002914                TIM4_IRQHandler
 .text.I2C1_EV_IRQHandler
                0x08002928       0x14 ./Core/Src/stm32f4xx_it.o
                0x08002928                I2C1_EV_IRQHandler
 .text.I2C1_ER_IRQHandler
                0x0800293c       0x14 ./Core/Src/stm32f4xx_it.o
                0x0800293c                I2C1_ER_IRQHandler
 .text.SystemInit
                0x08002950       0x24 ./Core/Src/system_stm32f4xx.o
                0x08002950                SystemInit
 .text.Reset_Handler
                0x08002974       0x50 ./Core/Startup/startup_stm32f411ceux.o
                0x08002974                Reset_Handler
 .text.Default_Handler
                0x080029c4        0x2 ./Core/Startup/startup_stm32f411ceux.o
                0x080029c4                RTC_Alarm_IRQHandler
                0x080029c4                EXTI2_IRQHandler
                0x080029c4                SPI4_IRQHandler
                0x080029c4                TIM1_CC_IRQHandler
                0x080029c4                DMA2_Stream5_IRQHandler
                0x080029c4                DMA1_Stream5_IRQHandler
                0x080029c4                PVD_IRQHandler
                0x080029c4                SDIO_IRQHandler
                0x080029c4                TAMP_STAMP_IRQHandler
                0x080029c4                EXTI3_IRQHandler
                0x080029c4                TIM1_UP_TIM10_IRQHandler
                0x080029c4                I2C3_ER_IRQHandler
                0x080029c4                EXTI0_IRQHandler
                0x080029c4                I2C2_EV_IRQHandler
                0x080029c4                DMA1_Stream2_IRQHandler
                0x080029c4                FPU_IRQHandler
                0x080029c4                DMA2_Stream2_IRQHandler
                0x080029c4                SPI1_IRQHandler
                0x080029c4                TIM1_BRK_TIM9_IRQHandler
                0x080029c4                DMA2_Stream3_IRQHandler
                0x080029c4                USART6_IRQHandler
                0x080029c4                DMA2_Stream0_IRQHandler
                0x080029c4                DMA1_Stream6_IRQHandler
                0x080029c4                DMA1_Stream1_IRQHandler
                0x080029c4                TIM3_IRQHandler
                0x080029c4                RCC_IRQHandler
                0x080029c4                Default_Handler
                0x080029c4                EXTI15_10_IRQHandler
                0x080029c4                ADC_IRQHandler
                0x080029c4                DMA1_Stream7_IRQHandler
                0x080029c4                SPI5_IRQHandler
                0x080029c4                TIM5_IRQHandler
                0x080029c4                DMA2_Stream7_IRQHandler
                0x080029c4                I2C3_EV_IRQHandler
                0x080029c4                EXTI9_5_IRQHandler
                0x080029c4                RTC_WKUP_IRQHandler
                0x080029c4                SPI2_IRQHandler
                0x080029c4                DMA1_Stream0_IRQHandler
                0x080029c4                WWDG_IRQHandler
                0x080029c4                TIM2_IRQHandler
                0x080029c4                OTG_FS_WKUP_IRQHandler
                0x080029c4                TIM1_TRG_COM_TIM11_IRQHandler
                0x080029c4                EXTI1_IRQHandler
                0x080029c4                USART2_IRQHandler
                0x080029c4                I2C2_ER_IRQHandler
                0x080029c4                DMA2_Stream1_IRQHandler
                0x080029c4                FLASH_IRQHandler
                0x080029c4                DMA2_Stream4_IRQHandler
                0x080029c4                USART1_IRQHandler
                0x080029c4                OTG_FS_IRQHandler
                0x080029c4                SPI3_IRQHandler
                0x080029c4                DMA1_Stream4_IRQHandler
                0x080029c4                DMA2_Stream6_IRQHandler
                0x080029c4                DMA1_Stream3_IRQHandler
 *fill*         0x080029c6        0x2 
 .text.HAL_Init
                0x080029c8       0x44 ./Drivers/STM32F4xx_HAL_Driver/Src/stm32f4xx_hal.o
                0x080029c8                HAL_Init
 .text.HAL_InitTick
                0x08002a0c       0x60 ./Drivers/STM32F4xx_HAL_Driver/Src/stm32f4xx_hal.o
                0x08002a0c                HAL_InitTick
 .text.HAL_IncTick
                0x08002a6c       0x28 ./Drivers/STM32F4xx_HAL_Driver/Src/stm32f4xx_hal.o
                0x08002a6c                HAL_IncTick
 .text.HAL_GetTick
                0x08002a94       0x18 ./Drivers/STM32F4xx_HAL_Driver/Src/stm32f4xx_hal.o
                0x08002a94                HAL_GetTick
 .text.HAL_Delay
                0x08002aac       0x48 ./Drivers/STM32F4xx_HAL_Driver/Src/stm32f4xx_hal.o
                0x08002aac                HAL_Delay
 .text.HAL_ADC_Init
                0x08002af4       0x86 ./Drivers/STM32F4xx_HAL_Driver/Src/stm32f4xx_hal_adc.o
                0x08002af4                HAL_ADC_Init
 *fill*         0x08002b7a        0x2 
 .text.HAL_ADC_Start
                0x08002b7c      0x168 ./Drivers/STM32F4xx_HAL_Driver/Src/stm32f4xx_hal_adc.o
                0x08002b7c                HAL_ADC_Start
 .text.HAL_ADC_PollForConversion
                0x08002ce4      0x116 ./Drivers/STM32F4xx_HAL_Driver/Src/stm32f4xx_hal_adc.o
                0x08002ce4                HAL_ADC_PollForConversion
 .text.HAL_ADC_GetValue
                0x08002dfa       0x1a ./Drivers/STM32F4xx_HAL_Driver/Src/stm32f4xx_hal_adc.o
                0x08002dfa                HAL_ADC_GetValue
 .text.HAL_ADC_ConfigChannel
                0x08002e14      0x264 ./Drivers/STM32F4xx_HAL_Driver/Src/stm32f4xx_hal_adc.o
                0x08002e14                HAL_ADC_ConfigChannel
 .text.ADC_Init
                0x08003078      0x1f8 ./Drivers/STM32F4xx_HAL_Driver/Src/stm32f4xx_hal_adc.o
 .text.__NVIC_SetPriorityGrouping
                0x08003270       0x48 ./Drivers/STM32F4xx_HAL_Driver/Src/stm32f4xx_hal_cortex.o
 .text.__NVIC_GetPriorityGrouping
                0x080032b8       0x1c ./Drivers/STM32F4xx_HAL_Driver/Src/stm32f4xx_hal_cortex.o
 .text.__NVIC_EnableIRQ
                0x080032d4       0x3c ./Drivers/STM32F4xx_HAL_Driver/Src/stm32f4xx_hal_cortex.o
 .text.__NVIC_SetPriority
                0x08003310       0x54 ./Drivers/STM32F4xx_HAL_Driver/Src/stm32f4xx_hal_cortex.o
 .text.NVIC_EncodePriority
                0x08003364       0x66 ./Drivers/STM32F4xx_HAL_Driver/Src/stm32f4xx_hal_cortex.o
 *fill*         0x080033ca        0x2 
 .text.SysTick_Config
                0x080033cc       0x44 ./Drivers/STM32F4xx_HAL_Driver/Src/stm32f4xx_hal_cortex.o
 .text.HAL_NVIC_SetPriorityGrouping
                0x08003410       0x16 ./Drivers/STM32F4xx_HAL_Driver/Src/stm32f4xx_hal_cortex.o
                0x08003410                HAL_NVIC_SetPriorityGrouping
 .text.HAL_NVIC_SetPriority
                0x08003426       0x38 ./Drivers/STM32F4xx_HAL_Driver/Src/stm32f4xx_hal_cortex.o
                0x08003426                HAL_NVIC_SetPriority
 .text.HAL_NVIC_EnableIRQ
                0x0800345e       0x1c ./Drivers/STM32F4xx_HAL_Driver/Src/stm32f4xx_hal_cortex.o
                0x0800345e                HAL_NVIC_EnableIRQ
 .text.HAL_SYSTICK_Config
                0x0800347a       0x18 ./Drivers/STM32F4xx_HAL_Driver/Src/stm32f4xx_hal_cortex.o
                0x0800347a                HAL_SYSTICK_Config
 .text.HAL_DMA_Abort_IT
                0x08003492       0x44 ./Drivers/STM32F4xx_HAL_Driver/Src/stm32f4xx_hal_dma.o
                0x08003492                HAL_DMA_Abort_IT
 .text.HAL_DMA_GetState
                0x080034d6       0x1c ./Drivers/STM32F4xx_HAL_Driver/Src/stm32f4xx_hal_dma.o
                0x080034d6                HAL_DMA_GetState
 *fill*         0x080034f2        0x2 
 .text.HAL_GPIO_Init
                0x080034f4      0x308 ./Drivers/STM32F4xx_HAL_Driver/Src/stm32f4xx_hal_gpio.o
                0x080034f4                HAL_GPIO_Init
 .text.HAL_GPIO_WritePin
                0x080037fc       0x32 ./Drivers/STM32F4xx_HAL_Driver/Src/stm32f4xx_hal_gpio.o
                0x080037fc                HAL_GPIO_WritePin
 *fill*         0x0800382e        0x2 
 .text.HAL_GPIO_EXTI_IRQHandler
                0x08003830       0x30 ./Drivers/STM32F4xx_HAL_Driver/Src/stm32f4xx_hal_gpio.o
                0x08003830                HAL_GPIO_EXTI_IRQHandler
 .text.HAL_I2C_Init
                0x08003860      0x288 ./Drivers/STM32F4xx_HAL_Driver/Src/stm32f4xx_hal_i2c.o
                0x08003860                HAL_I2C_Init
 .text.I2C_Flush_DR
                0x08003ae8       0x2a ./Drivers/STM32F4xx_HAL_Driver/Src/stm32f4xx_hal_i2c.o
 *fill*         0x08003b12        0x2 
 .text.HAL_I2C_Master_Transmit
                0x08003b14      0x1fc ./Drivers/STM32F4xx_HAL_Driver/Src/stm32f4xx_hal_i2c.o
                0x08003b14                HAL_I2C_Master_Transmit
 .text.HAL_I2C_Master_Receive
                0x08003d10      0x464 ./Drivers/STM32F4xx_HAL_Driver/Src/stm32f4xx_hal_i2c.o
                0x08003d10                HAL_I2C_Master_Receive
 .text.HAL_I2C_Mem_Write
                0x08004174      0x1f4 ./Drivers/STM32F4xx_HAL_Driver/Src/stm32f4xx_hal_i2c.o
                0x08004174                HAL_I2C_Mem_Write
 .text.HAL_I2C_Mem_Write_IT
                0x08004368      0x15c ./Drivers/STM32F4xx_HAL_Driver/Src/stm32f4xx_hal_i2c.o
                0x08004368                HAL_I2C_Mem_Write_IT
 .text.HAL_I2C_EV_IRQHandler
                0x080044c4      0x2e2 ./Drivers/STM32F4xx_HAL_Driver/Src/stm32f4xx_hal_i2c.o
                0x080044c4                HAL_I2C_EV_IRQHandler
 .text.HAL_I2C_ER_IRQHandler
                0x080047a6      0x14e ./Drivers/STM32F4xx_HAL_Driver/Src/stm32f4xx_hal_i2c.o
                0x080047a6                HAL_I2C_ER_IRQHandler
 .text.HAL_I2C_MasterTxCpltCallback
                0x080048f4       0x14 ./Drivers/STM32F4xx_HAL_Driver/Src/stm32f4xx_hal_i2c.o
                0x080048f4                HAL_I2C_MasterTxCpltCallback
 .text.HAL_I2C_MasterRxCpltCallback
                0x08004908       0x14 ./Drivers/STM32F4xx_HAL_Driver/Src/stm32f4xx_hal_i2c.o
                0x08004908                HAL_I2C_MasterRxCpltCallback
 .text.HAL_I2C_SlaveTxCpltCallback
                0x0800491c       0x14 ./Drivers/STM32F4xx_HAL_Driver/Src/stm32f4xx_hal_i2c.o
                0x0800491c                HAL_I2C_SlaveTxCpltCallback
 .text.HAL_I2C_SlaveRxCpltCallback
                0x08004930       0x14 ./Drivers/STM32F4xx_HAL_Driver/Src/stm32f4xx_hal_i2c.o
                0x08004930                HAL_I2C_SlaveRxCpltCallback
 .text.HAL_I2C_AddrCallback
                0x08004944       0x1c ./Drivers/STM32F4xx_HAL_Driver/Src/stm32f4xx_hal_i2c.o
                0x08004944                HAL_I2C_AddrCallback
 .text.HAL_I2C_ListenCpltCallback
                0x08004960       0x14 ./Drivers/STM32F4xx_HAL_Driver/Src/stm32f4xx_hal_i2c.o
                0x08004960                HAL_I2C_ListenCpltCallback
 .text.HAL_I2C_MemTxCpltCallback
                0x08004974       0x14 ./Drivers/STM32F4xx_HAL_Driver/Src/stm32f4xx_hal_i2c.o
                0x08004974                HAL_I2C_MemTxCpltCallback
 .text.HAL_I2C_MemRxCpltCallback
                0x08004988       0x14 ./Drivers/STM32F4xx_HAL_Driver/Src/stm32f4xx_hal_i2c.o
                0x08004988                HAL_I2C_MemRxCpltCallback
 .text.HAL_I2C_ErrorCallback
                0x0800499c       0x14 ./Drivers/STM32F4xx_HAL_Driver/Src/stm32f4xx_hal_i2c.o
                0x0800499c                HAL_I2C_ErrorCallback
 .text.HAL_I2C_AbortCpltCallback
                0x080049b0       0x14 ./Drivers/STM32F4xx_HAL_Driver/Src/stm32f4xx_hal_i2c.o
                0x080049b0                HAL_I2C_AbortCpltCallback
 .text.HAL_I2C_GetState
                0x080049c4       0x1c ./Drivers/STM32F4xx_HAL_Driver/Src/stm32f4xx_hal_i2c.o
                0x080049c4                HAL_I2C_GetState
 .text.I2C_MasterTransmit_TXE
                0x080049e0      0x138 ./Drivers/STM32F4xx_HAL_Driver/Src/stm32f4xx_hal_i2c.o
 .text.I2C_MasterTransmit_BTF
                0x08004b18       0xec ./Drivers/STM32F4xx_HAL_Driver/Src/stm32f4xx_hal_i2c.o
 .text.I2C_MemoryTransmit_TXE_BTF
                0x08004c04      0x130 ./Drivers/STM32F4xx_HAL_Driver/Src/stm32f4xx_hal_i2c.o
 .text.I2C_MasterReceive_RXNE
                0x08004d34      0x190 ./Drivers/STM32F4xx_HAL_Driver/Src/stm32f4xx_hal_i2c.o
 .text.I2C_MasterReceive_BTF
                0x08004ec4      0x1e2 ./Drivers/STM32F4xx_HAL_Driver/Src/stm32f4xx_hal_i2c.o
 .text.I2C_Master_SB
                0x080050a6      0x10c ./Drivers/STM32F4xx_HAL_Driver/Src/stm32f4xx_hal_i2c.o
 .text.I2C_Master_ADD10
                0x080051b2       0x54 ./Drivers/STM32F4xx_HAL_Driver/Src/stm32f4xx_hal_i2c.o
 .text.I2C_Master_ADDR
                0x08005206      0x322 ./Drivers/STM32F4xx_HAL_Driver/Src/stm32f4xx_hal_i2c.o
 .text.I2C_SlaveTransmit_TXE
                0x08005528       0x7a ./Drivers/STM32F4xx_HAL_Driver/Src/stm32f4xx_hal_i2c.o
 .text.I2C_SlaveTransmit_BTF
                0x080055a2       0x42 ./Drivers/STM32F4xx_HAL_Driver/Src/stm32f4xx_hal_i2c.o
 .text.I2C_SlaveReceive_RXNE
                0x080055e4       0x7c ./Drivers/STM32F4xx_HAL_Driver/Src/stm32f4xx_hal_i2c.o
 .text.I2C_SlaveReceive_BTF
                0x08005660       0x44 ./Drivers/STM32F4xx_HAL_Driver/Src/stm32f4xx_hal_i2c.o
 .text.I2C_Slave_ADDR
                0x080056a4       0x94 ./Drivers/STM32F4xx_HAL_Driver/Src/stm32f4xx_hal_i2c.o
 .text.I2C_Slave_STOPF
                0x08005738      0x260 ./Drivers/STM32F4xx_HAL_Driver/Src/stm32f4xx_hal_i2c.o
 .text.I2C_Slave_AF
                0x08005998       0xe8 ./Drivers/STM32F4xx_HAL_Driver/Src/stm32f4xx_hal_i2c.o
 .text.I2C_ITError
                0x08005a80      0x264 ./Drivers/STM32F4xx_HAL_Driver/Src/stm32f4xx_hal_i2c.o
 .text.I2C_MasterRequestWrite
                0x08005ce4      0x104 ./Drivers/STM32F4xx_HAL_Driver/Src/stm32f4xx_hal_i2c.o
 .text.I2C_MasterRequestRead
                0x08005de8      0x19c ./Drivers/STM32F4xx_HAL_Driver/Src/stm32f4xx_hal_i2c.o
 .text.I2C_RequestMemoryWrite
                0x08005f84      0x12c ./Drivers/STM32F4xx_HAL_Driver/Src/stm32f4xx_hal_i2c.o
 .text.I2C_DMAAbort
                0x080060b0      0x150 ./Drivers/STM32F4xx_HAL_Driver/Src/stm32f4xx_hal_i2c.o
 .text.I2C_WaitOnFlagUntilTimeout
                0x08006200       0xf4 ./Drivers/STM32F4xx_HAL_Driver/Src/stm32f4xx_hal_i2c.o
 .text.I2C_WaitOnMasterAddressFlagUntilTimeout
                0x080062f4      0x140 ./Drivers/STM32F4xx_HAL_Driver/Src/stm32f4xx_hal_i2c.o
 .text.I2C_WaitOnTXEFlagUntilTimeout
                0x08006434       0x90 ./Drivers/STM32F4xx_HAL_Driver/Src/stm32f4xx_hal_i2c.o
 .text.I2C_WaitOnBTFFlagUntilTimeout
                0x080064c4       0x90 ./Drivers/STM32F4xx_HAL_Driver/Src/stm32f4xx_hal_i2c.o
 .text.I2C_WaitOnSTOPRequestThroughIT
                0x08006554       0x64 ./Drivers/STM32F4xx_HAL_Driver/Src/stm32f4xx_hal_i2c.o
 .text.I2C_WaitOnRXNEFlagUntilTimeout
                0x080065b8       0xba ./Drivers/STM32F4xx_HAL_Driver/Src/stm32f4xx_hal_i2c.o
 .text.I2C_IsAcknowledgeFailed
                0x08006672       0x5e ./Drivers/STM32F4xx_HAL_Driver/Src/stm32f4xx_hal_i2c.o
 .text.I2C_ConvertOtherXferOptions
                0x080066d0       0x36 ./Drivers/STM32F4xx_HAL_Driver/Src/stm32f4xx_hal_i2c.o
 *fill*         0x08006706        0x2 
 .text.HAL_RCC_OscConfig
                0x08006708      0x4f0 ./Drivers/STM32F4xx_HAL_Driver/Src/stm32f4xx_hal_rcc.o
                0x08006708                HAL_RCC_OscConfig
 .text.HAL_RCC_ClockConfig
                0x08006bf8      0x1cc ./Drivers/STM32F4xx_HAL_Driver/Src/stm32f4xx_hal_rcc.o
                0x08006bf8                HAL_RCC_ClockConfig
 .text.HAL_RCC_GetSysClockFreq
                0x08006dc4      0x188 ./Drivers/STM32F4xx_HAL_Driver/Src/stm32f4xx_hal_rcc.o
                0x08006dc4                HAL_RCC_GetSysClockFreq
 .text.HAL_RCC_GetHCLKFreq
                0x08006f4c       0x18 ./Drivers/STM32F4xx_HAL_Driver/Src/stm32f4xx_hal_rcc.o
                0x08006f4c                HAL_RCC_GetHCLKFreq
 .text.HAL_RCC_GetPCLK1Freq
                0x08006f64       0x28 ./Drivers/STM32F4xx_HAL_Driver/Src/stm32f4xx_hal_rcc.o
                0x08006f64                HAL_RCC_GetPCLK1Freq
 .text.HAL_TIM_Base_Init
                0x08006f8c       0x9e ./Drivers/STM32F4xx_HAL_Driver/Src/stm32f4xx_hal_tim.o
                0x08006f8c                HAL_TIM_Base_Init
 *fill*         0x0800702a        0x2 
 .text.HAL_TIM_Base_Start_IT
                0x0800702c       0xc4 ./Drivers/STM32F4xx_HAL_Driver/Src/stm32f4xx_hal_tim.o
                0x0800702c                HAL_TIM_Base_Start_IT
 .text.HAL_TIM_PWM_Init
                0x080070f0       0x9e ./Drivers/STM32F4xx_HAL_Driver/Src/stm32f4xx_hal_tim.o
                0x080070f0                HAL_TIM_PWM_Init
 .text.HAL_TIM_PWM_MspInit
                0x0800718e       0x14 ./Drivers/STM32F4xx_HAL_Driver/Src/stm32f4xx_hal_tim.o
                0x0800718e                HAL_TIM_PWM_MspInit
 *fill*         0x080071a2        0x2 
 .text.HAL_TIM_PWM_Start
                0x080071a4      0x160 ./Drivers/STM32F4xx_HAL_Driver/Src/stm32f4xx_hal_tim.o
                0x080071a4                HAL_TIM_PWM_Start
 .text.HAL_TIM_Encoder_Init
                0x08007304      0x14c ./Drivers/STM32F4xx_HAL_Driver/Src/stm32f4xx_hal_tim.o
                0x08007304                HAL_TIM_Encoder_Init
 .text.HAL_TIM_Encoder_Start
                0x08007450      0x11c ./Drivers/STM32F4xx_HAL_Driver/Src/stm32f4xx_hal_tim.o
                0x08007450                HAL_TIM_Encoder_Start
 .text.HAL_TIM_IRQHandler
                0x0800756c      0x1e0 ./Drivers/STM32F4xx_HAL_Driver/Src/stm32f4xx_hal_tim.o
                0x0800756c                HAL_TIM_IRQHandler
 .text.HAL_TIM_PWM_ConfigChannel
                0x0800774c      0x184 ./Drivers/STM32F4xx_HAL_Driver/Src/stm32f4xx_hal_tim.o
                0x0800774c                HAL_TIM_PWM_ConfigChannel
 .text.HAL_TIM_ConfigClockSource
                0x080078d0      0x18e ./Drivers/STM32F4xx_HAL_Driver/Src/stm32f4xx_hal_tim.o
                0x080078d0                HAL_TIM_ConfigClockSource
 .text.HAL_TIM_OC_DelayElapsedCallback
                0x08007a5e       0x14 ./Drivers/STM32F4xx_HAL_Driver/Src/stm32f4xx_hal_tim.o
                0x08007a5e                HAL_TIM_OC_DelayElapsedCallback
 .text.HAL_TIM_IC_CaptureCallback
                0x08007a72       0x14 ./Drivers/STM32F4xx_HAL_Driver/Src/stm32f4xx_hal_tim.o
                0x08007a72                HAL_TIM_IC_CaptureCallback
 .text.HAL_TIM_PWM_PulseFinishedCallback
                0x08007a86       0x14 ./Drivers/STM32F4xx_HAL_Driver/Src/stm32f4xx_hal_tim.o
                0x08007a86                HAL_TIM_PWM_PulseFinishedCallback
 .text.HAL_TIM_TriggerCallback
                0x08007a9a       0x14 ./Drivers/STM32F4xx_HAL_Driver/Src/stm32f4xx_hal_tim.o
                0x08007a9a                HAL_TIM_TriggerCallback
 *fill*         0x08007aae        0x2 
 .text.TIM_Base_SetConfig
                0x08007ab0      0x10c ./Drivers/STM32F4xx_HAL_Driver/Src/stm32f4xx_hal_tim.o
                0x08007ab0                TIM_Base_SetConfig
 .text.TIM_OC1_SetConfig
                0x08007bbc       0xcc ./Drivers/STM32F4xx_HAL_Driver/Src/stm32f4xx_hal_tim.o
 .text.TIM_OC2_SetConfig
                0x08007c88       0xd8 ./Drivers/STM32F4xx_HAL_Driver/Src/stm32f4xx_hal_tim.o
                0x08007c88                TIM_OC2_SetConfig
 .text.TIM_OC3_SetConfig
                0x08007d60       0xd4 ./Drivers/STM32F4xx_HAL_Driver/Src/stm32f4xx_hal_tim.o
 .text.TIM_OC4_SetConfig
                0x08007e34       0xa0 ./Drivers/STM32F4xx_HAL_Driver/Src/stm32f4xx_hal_tim.o
 .text.TIM_TI1_ConfigInputStage
                0x08007ed4       0x5e ./Drivers/STM32F4xx_HAL_Driver/Src/stm32f4xx_hal_tim.o
 .text.TIM_TI2_ConfigInputStage
                0x08007f32       0x60 ./Drivers/STM32F4xx_HAL_Driver/Src/stm32f4xx_hal_tim.o
 .text.TIM_ITRx_SetConfig
                0x08007f92       0x36 ./Drivers/STM32F4xx_HAL_Driver/Src/stm32f4xx_hal_tim.o
 .text.TIM_ETR_SetConfig
                0x08007fc8       0x40 ./Drivers/STM32F4xx_HAL_Driver/Src/stm32f4xx_hal_tim.o
                0x08007fc8                TIM_ETR_SetConfig
 .text.TIM_CCxChannelCmd
                0x08008008       0x4a ./Drivers/STM32F4xx_HAL_Driver/Src/stm32f4xx_hal_tim.o
                0x08008008                TIM_CCxChannelCmd
 *fill*         0x08008052        0x2 
 .text.HAL_TIMEx_MasterConfigSynchronization
                0x08008054       0xdc ./Drivers/STM32F4xx_HAL_Driver/Src/stm32f4xx_hal_tim_ex.o
                0x08008054                HAL_TIMEx_MasterConfigSynchronization
 .text.HAL_TIMEx_CommutCallback
                0x08008130       0x14 ./Drivers/STM32F4xx_HAL_Driver/Src/stm32f4xx_hal_tim_ex.o
                0x08008130                HAL_TIMEx_CommutCallback
 .text.HAL_TIMEx_BreakCallback
                0x08008144       0x14 ./Drivers/STM32F4xx_HAL_Driver/Src/stm32f4xx_hal_tim_ex.o
                0x08008144                HAL_TIMEx_BreakCallback
 .text.memset   0x08008158       0x10 E:/STM32CubeIDE_2.1.0/STM32CubeIDE/plugins/com.st.stm32cube.ide.mcu.externaltools.gnu-tools-for-stm32.14.3.rel1.win32_1.0.100.202602081740/tools/bin/../lib/gcc/arm-none-eabi/14.3.1/../../../../arm-none-eabi/lib/thumb/v7e-m+fp/hard\libc_nano.a(libc_a-memset.o)
                0x08008158                memset
 .text.__errno  0x08008168        0xc E:/STM32CubeIDE_2.1.0/STM32CubeIDE/plugins/com.st.stm32cube.ide.mcu.externaltools.gnu-tools-for-stm32.14.3.rel1.win32_1.0.100.202602081740/tools/bin/../lib/gcc/arm-none-eabi/14.3.1/../../../../arm-none-eabi/lib/thumb/v7e-m+fp/hard\libc_nano.a(libc_a-errno.o)
                0x08008168                __errno
 .text.__libc_init_array
                0x08008174       0x48 E:/STM32CubeIDE_2.1.0/STM32CubeIDE/plugins/com.st.stm32cube.ide.mcu.externaltools.gnu-tools-for-stm32.14.3.rel1.win32_1.0.100.202602081740/tools/bin/../lib/gcc/arm-none-eabi/14.3.1/../../../../arm-none-eabi/lib/thumb/v7e-m+fp/hard\libc_nano.a(libc_a-init.o)
                0x08008174                __libc_init_array
 .text.logf     0x080081bc       0x60 E:/STM32CubeIDE_2.1.0/STM32CubeIDE/plugins/com.st.stm32cube.ide.mcu.externaltools.gnu-tools-for-stm32.14.3.rel1.win32_1.0.100.202602081740/tools/bin/../lib/gcc/arm-none-eabi/14.3.1/../../../../arm-none-eabi/lib/thumb/v7e-m+fp/hard\libm.a(libm_a-wf_log.o)
                0x080081bc                logf
 .text.nanf     0x0800821c        0xc E:/STM32CubeIDE_2.1.0/STM32CubeIDE/plugins/com.st.stm32cube.ide.mcu.externaltools.gnu-tools-for-stm32.14.3.rel1.win32_1.0.100.202602081740/tools/bin/../lib/gcc/arm-none-eabi/14.3.1/../../../../arm-none-eabi/lib/thumb/v7e-m+fp/hard\libm.a(libm_a-sf_nan.o)
                0x0800821c                nanf
 .text.__ieee754_logf
                0x08008228      0x1f4 E:/STM32CubeIDE_2.1.0/STM32CubeIDE/plugins/com.st.stm32cube.ide.mcu.externaltools.gnu-tools-for-stm32.14.3.rel1.win32_1.0.100.202602081740/tools/bin/../lib/gcc/arm-none-eabi/14.3.1/../../../../arm-none-eabi/lib/thumb/v7e-m+fp/hard\libm.a(libm_a-ef_log.o)
                0x08008228                __ieee754_logf
 *(.glue_7)
 .glue_7        0x0800841c        0x0 linker stubs
 *(.glue_7t)
 .glue_7t       0x0800841c        0x0 linker stubs
 *(.eh_frame)
 .eh_frame      0x0800841c        0x0 E:/STM32CubeIDE_2.1.0/STM32CubeIDE/plugins/com.st.stm32cube.ide.mcu.externaltools.gnu-tools-for-stm32.14.3.rel1.win32_1.0.100.202602081740/tools/bin/../lib/gcc/arm-none-eabi/14.3.1/thumb/v7e-m+fp/hard/crtbegin.o
 *(.init)
 .init          0x0800841c        0x4 E:/STM32CubeIDE_2.1.0/STM32CubeIDE/plugins/com.st.stm32cube.ide.mcu.externaltools.gnu-tools-for-stm32.14.3.rel1.win32_1.0.100.202602081740/tools/bin/../lib/gcc/arm-none-eabi/14.3.1/thumb/v7e-m+fp/hard/crti.o
                0x0800841c                _init
 .init          0x08008420        0x8 E:/STM32CubeIDE_2.1.0/STM32CubeIDE/plugins/com.st.stm32cube.ide.mcu.externaltools.gnu-tools-for-stm32.14.3.rel1.win32_1.0.100.202602081740/tools/bin/../lib/gcc/arm-none-eabi/14.3.1/thumb/v7e-m+fp/hard/crtn.o
 *(.fini)
 .fini          0x08008428        0x4 E:/STM32CubeIDE_2.1.0/STM32CubeIDE/plugins/com.st.stm32cube.ide.mcu.externaltools.gnu-tools-for-stm32.14.3.rel1.win32_1.0.100.202602081740/tools/bin/../lib/gcc/arm-none-eabi/14.3.1/thumb/v7e-m+fp/hard/crti.o
                0x08008428                _fini
 .fini          0x0800842c        0x8 E:/STM32CubeIDE_2.1.0/STM32CubeIDE/plugins/com.st.stm32cube.ide.mcu.externaltools.gnu-tools-for-stm32.14.3.rel1.win32_1.0.100.202602081740/tools/bin/../lib/gcc/arm-none-eabi/14.3.1/thumb/v7e-m+fp/hard/crtn.o
                0x08008434                        . = ALIGN (0x4)
                0x08008434                        _etext = .

.vfp11_veneer   0x08008434        0x0
 .vfp11_veneer  0x08008434        0x0 linker stubs

.v4_bx          0x08008434        0x0
 .v4_bx         0x08008434        0x0 linker stubs

.iplt           0x08008434        0x0
 .iplt          0x08008434        0x0 E:/STM32CubeIDE_2.1.0/STM32CubeIDE/plugins/com.st.stm32cube.ide.mcu.externaltools.gnu-tools-for-stm32.14.3.rel1.win32_1.0.100.202602081740/tools/bin/../lib/gcc/arm-none-eabi/14.3.1/thumb/v7e-m+fp/hard/crtbegin.o

.rodata         0x08008434      0x73c
                0x08008434                        . = ALIGN (0x4)
 *(.rodata)
 .rodata        0x08008434       0x6b ./Core/Src/display.o
 *(.rodata*)
 *fill*         0x0800849f        0x1 
 .rodata.font_8x12
                0x080084a0      0x660 ./Core/Src/font_8x12.o
                0x080084a0                font_8x12
 .rodata.fsm_table
                0x08008b00       0x51 ./Core/Src/fsm.o
 *fill*         0x08008b51        0x3 
 .rodata.AHBPrescTable
                0x08008b54       0x10 ./Core/Src/system_stm32f4xx.o
                0x08008b54                AHBPrescTable
 .rodata.APBPrescTable
                0x08008b64        0x8 ./Core/Src/system_stm32f4xx.o
                0x08008b64                APBPrescTable
 .rodata.logf.str1.4
                0x08008b6c        0x1 E:/STM32CubeIDE_2.1.0/STM32CubeIDE/plugins/com.st.stm32cube.ide.mcu.externaltools.gnu-tools-for-stm32.14.3.rel1.win32_1.0.100.202602081740/tools/bin/../lib/gcc/arm-none-eabi/14.3.1/../../../../arm-none-eabi/lib/thumb/v7e-m+fp/hard\libm.a(libm_a-wf_log.o)
                0x08008b70                        . = ALIGN (0x4)
 *fill*         0x08008b6d        0x3 

.ARM.extab      0x08008b70        0x0
                0x08008b70                        . = ALIGN (0x4)
 *(.ARM.extab* .gnu.linkonce.armextab.*)
                0x08008b70                        . = ALIGN (0x4)

.ARM            0x08008b70        0x8
                0x08008b70                        . = ALIGN (0x4)
                0x08008b70                        __exidx_start = .
 *(.ARM.exidx*)
 .ARM.exidx     0x08008b70        0x8 E:/STM32CubeIDE_2.1.0/STM32CubeIDE/plugins/com.st.stm32cube.ide.mcu.externaltools.gnu-tools-for-stm32.14.3.rel1.win32_1.0.100.202602081740/tools/bin/../lib/gcc/arm-none-eabi/14.3.1/thumb/v7e-m+fp/hard\libgcc.a(_udivmoddi4.o)
                0x08008b78                        __exidx_end = .
                0x08008b78                        . = ALIGN (0x4)

.preinit_array  0x08008b78        0x0
                0x08008b78                        . = ALIGN (0x4)
                0x08008b78                        PROVIDE (__preinit_array_start = .)
 *(.preinit_array*)
                0x08008b78                        PROVIDE (__preinit_array_end = .)
                0x08008b78                        . = ALIGN (0x4)

.init_array     0x08008b78        0x4
                0x08008b78                        . = ALIGN (0x4)
                0x08008b78                        PROVIDE (__init_array_start = .)
 *(SORT_BY_NAME(.init_array.*))
 *(.init_array*)
 .init_array    0x08008b78        0x4 E:/STM32CubeIDE_2.1.0/STM32CubeIDE/plugins/com.st.stm32cube.ide.mcu.externaltools.gnu-tools-for-stm32.14.3.rel1.win32_1.0.100.202602081740/tools/bin/../lib/gcc/arm-none-eabi/14.3.1/thumb/v7e-m+fp/hard/crtbegin.o
                0x08008b7c                        PROVIDE (__init_array_end = .)
                0x08008b7c                        . = ALIGN (0x4)

.fini_array     0x08008b7c        0x4
                0x08008b7c                        . = ALIGN (0x4)
                [!provide]                        PROVIDE (__fini_array_start = .)
 *(SORT_BY_NAME(.fini_array.*))
 *(.fini_array*)
 .fini_array    0x08008b7c        0x4 E:/STM32CubeIDE_2.1.0/STM32CubeIDE/plugins/com.st.stm32cube.ide.mcu.externaltools.gnu-tools-for-stm32.14.3.rel1.win32_1.0.100.202602081740/tools/bin/../lib/gcc/arm-none-eabi/14.3.1/thumb/v7e-m+fp/hard/crtbegin.o
                [!provide]                        PROVIDE (__fini_array_end = .)
                0x08008b80                        . = ALIGN (0x4)
                0x08008b80                        _sidata = LOADADDR (.data)

.rel.dyn        0x08008b80        0x0
 .rel.iplt      0x08008b80        0x0 E:/STM32CubeIDE_2.1.0/STM32CubeIDE/plugins/com.st.stm32cube.ide.mcu.externaltools.gnu-tools-for-stm32.14.3.rel1.win32_1.0.100.202602081740/tools/bin/../lib/gcc/arm-none-eabi/14.3.1/thumb/v7e-m+fp/hard/crtbegin.o

.data           0x20000000       0x78 load address 0x08008b80
                0x20000000                        . = ALIGN (0x4)
                0x20000000                        _sdata = .
 *(.data)
 *(.data*)
 .data.data_byte
                0x20000000        0x1 ./Core/Src/oled.o
 *fill*         0x20000001        0x3 
 .data.set_column_page
                0x20000004        0x6 ./Core/Src/oled.o
 *fill*         0x2000000a        0x2 
 .data.init_buf.0
                0x2000000c        0xc ./Core/Src/oled.o
 .data.SOFT_RESET
                0x20000018        0x2 ./Core/Src/sht30.o
 *fill*         0x2000001a        0x2 
 .data.SystemCoreClock
                0x2000001c        0x4 ./Core/Src/system_stm32f4xx.o
                0x2000001c                SystemCoreClock
 .data.uwTickPrio
                0x20000020        0x4 ./Drivers/STM32F4xx_HAL_Driver/Src/stm32f4xx_hal.o
                0x20000020                uwTickPrio
 .data.uwTickFreq
                0x20000024        0x1 ./Drivers/STM32F4xx_HAL_Driver/Src/stm32f4xx_hal.o
                0x20000024                uwTickFreq
 *fill*         0x20000025        0x3 
 .data._impure_ptr
                0x20000028        0x4 E:/STM32CubeIDE_2.1.0/STM32CubeIDE/plugins/com.st.stm32cube.ide.mcu.externaltools.gnu-tools-for-stm32.14.3.rel1.win32_1.0.100.202602081740/tools/bin/../lib/gcc/arm-none-eabi/14.3.1/../../../../arm-none-eabi/lib/thumb/v7e-m+fp/hard\libc_nano.a(libc_a-impure.o)
                0x20000028                _impure_ptr
 .data._impure_data
                0x2000002c       0x4c E:/STM32CubeIDE_2.1.0/STM32CubeIDE/plugins/com.st.stm32cube.ide.mcu.externaltools.gnu-tools-for-stm32.14.3.rel1.win32_1.0.100.202602081740/tools/bin/../lib/gcc/arm-none-eabi/14.3.1/../../../../arm-none-eabi/lib/thumb/v7e-m+fp/hard\libc_nano.a(libc_a-impure.o)
                0x2000002c                _impure_data
 *(.RamFunc)
 *(.RamFunc*)
                0x20000078                        . = ALIGN (0x4)
                0x20000078                        _edata = .

.igot.plt       0x20000078        0x0 load address 0x08008bf8
 .igot.plt      0x20000078        0x0 E:/STM32CubeIDE_2.1.0/STM32CubeIDE/plugins/com.st.stm32cube.ide.mcu.externaltools.gnu-tools-for-stm32.14.3.rel1.win32_1.0.100.202602081740/tools/bin/../lib/gcc/arm-none-eabi/14.3.1/thumb/v7e-m+fp/hard/crtbegin.o
                0x20000078                        . = ALIGN (0x4)

.bss            0x20000078      0x774 load address 0x08008bf8
                0x20000078                        _sbss = .
                0x20000078                        __bss_start__ = _sbss
 *(.bss)
 .bss           0x20000078       0x1c E:/STM32CubeIDE_2.1.0/STM32CubeIDE/plugins/com.st.stm32cube.ide.mcu.externaltools.gnu-tools-for-stm32.14.3.rel1.win32_1.0.100.202602081740/tools/bin/../lib/gcc/arm-none-eabi/14.3.1/thumb/v7e-m+fp/hard/crtbegin.o
 *(.bss*)
 .bss.display_tick
                0x20000094        0x4 ./Core/Src/display.o
 .bss.toggle    0x20000098        0x1 ./Core/Src/display.o
 .bss.current_state
                0x20000099        0x1 ./Core/Src/fsm.o
 *fill*         0x2000009a        0x2 
 .bss.hadc1     0x2000009c       0x48 ./Core/Src/main.o
                0x2000009c                hadc1
 .bss.hi2c1     0x200000e4       0x54 ./Core/Src/main.o
                0x200000e4                hi2c1
 .bss.htim2     0x20000138       0x48 ./Core/Src/main.o
                0x20000138                htim2
 .bss.htim3     0x20000180       0x48 ./Core/Src/main.o
                0x20000180                htim3
 .bss.htim4     0x200001c8       0x48 ./Core/Src/main.o
                0x200001c8                htim4
 .bss.oled      0x20000210        0xc ./Core/Src/main.o
                0x20000210                oled
 .bss.sht30     0x2000021c       0x18 ./Core/Src/main.o
                0x2000021c                sht30
 .bss.ntc       0x20000234       0x14 ./Core/Src/main.o
                0x20000234                ntc
 .bss.encoder   0x20000248       0x18 ./Core/Src/main.o
                0x20000248                encoder
 .bss.control   0x20000260       0x40 ./Core/Src/main.o
                0x20000260                control
 .bss.oled_tick
                0x200002a0        0x4 ./Core/Src/main.o
                0x200002a0                oled_tick
 .bss.sensor_tick
                0x200002a4        0x4 ./Core/Src/main.o
                0x200002a4                sensor_tick
 .bss.control_tick
                0x200002a8        0x4 ./Core/Src/main.o
                0x200002a8                control_tick
 .bss.event     0x200002ac        0x1 ./Core/Src/main.o
                0x200002ac                event
 .bss.command_byte
                0x200002ad        0x1 ./Core/Src/oled.o
 *fill*         0x200002ae        0x2 
 .bss.oled_buffer
                0x200002b0      0x400 ./Core/Src/oled.o
 .bss.uwTick    0x200006b0        0x4 ./Drivers/STM32F4xx_HAL_Driver/Src/stm32f4xx_hal.o
                0x200006b0                uwTick
 .bss.__sf      0x200006b4      0x138 E:/STM32CubeIDE_2.1.0/STM32CubeIDE/plugins/com.st.stm32cube.ide.mcu.externaltools.gnu-tools-for-stm32.14.3.rel1.win32_1.0.100.202602081740/tools/bin/../lib/gcc/arm-none-eabi/14.3.1/../../../../arm-none-eabi/lib/thumb/v7e-m+fp/hard\libc_nano.a(libc_a-findfp.o)
                0x200006b4                __sf
 *(COMMON)
                0x200007ec                        . = ALIGN (0x4)
                0x200007ec                        _ebss = .
                0x200007ec                        __bss_end__ = _ebss

._user_heap_stack
                0x200007ec      0x604 load address 0x08008bf8
                0x200007f0                        . = ALIGN (0x8)
 *fill*         0x200007ec        0x4 
                [!provide]                        PROVIDE (end = .)
                0x200007f0                        PROVIDE (_end = .)
                0x200009f0                        . = (. + _Min_Heap_Size)
 *fill*         0x200007f0      0x200 
                0x20000df0                        . = (. + _Min_Stack_Size)
 *fill*         0x200009f0      0x400 
                0x20000df0                        . = ALIGN (0x8)

/DISCARD/
 libc.a(*)
 libm.a(*)
 libgcc.a(*)

.ARM.attributes
                0x00000000       0x30
 *(.ARM.attributes)
 .ARM.attributes
                0x00000000       0x22 E:/STM32CubeIDE_2.1.0/STM32CubeIDE/plugins/com.st.stm32cube.ide.mcu.externaltools.gnu-tools-for-stm32.14.3.rel1.win32_1.0.100.202602081740/tools/bin/../lib/gcc/arm-none-eabi/14.3.1/thumb/v7e-m+fp/hard/crti.o
 .ARM.attributes
                0x00000022       0x34 E:/STM32CubeIDE_2.1.0/STM32CubeIDE/plugins/com.st.stm32cube.ide.mcu.externaltools.gnu-tools-for-stm32.14.3.rel1.win32_1.0.100.202602081740/tools/bin/../lib/gcc/arm-none-eabi/14.3.1/thumb/v7e-m+fp/hard/crtbegin.o
 .ARM.attributes
                0x00000056       0x34 ./Core/Src/control.o
 .ARM.attributes
                0x0000008a       0x34 ./Core/Src/display.o
 .ARM.attributes
                0x000000be       0x34 ./Core/Src/encoder.o
 .ARM.attributes
                0x000000f2       0x34 ./Core/Src/font_8x12.o
 .ARM.attributes
                0x00000126       0x34 ./Core/Src/fsm.o
 .ARM.attributes
                0x0000015a       0x34 ./Core/Src/main.o
 .ARM.attributes
                0x0000018e       0x34 ./Core/Src/ntc.o
 .ARM.attributes
                0x000001c2       0x34 ./Core/Src/oled.o
 .ARM.attributes
                0x000001f6       0x34 ./Core/Src/sht30.o
 .ARM.attributes
                0x0000022a       0x34 ./Core/Src/stm32f4xx_hal_msp.o
 .ARM.attributes
                0x0000025e       0x34 ./Core/Src/stm32f4xx_it.o
 .ARM.attributes
                0x00000292       0x34 ./Core/Src/system_stm32f4xx.o
 .ARM.attributes
                0x000002c6       0x21 ./Core/Startup/startup_stm32f411ceux.o
 .ARM.attributes
                0x000002e7       0x34 ./Drivers/STM32F4xx_HAL_Driver/Src/stm32f4xx_hal.o
 .ARM.attributes
                0x0000031b       0x34 ./Drivers/STM32F4xx_HAL_Driver/Src/stm32f4xx_hal_adc.o
 .ARM.attributes
                0x0000034f       0x34 ./Drivers/STM32F4xx_HAL_Driver/Src/stm32f4xx_hal_cortex.o
 .ARM.attributes
                0x00000383       0x34 ./Drivers/STM32F4xx_HAL_Driver/Src/stm32f4xx_hal_dma.o
 .ARM.attributes
                0x000003b7       0x34 ./Drivers/STM32F4xx_HAL_Driver/Src/stm32f4xx_hal_gpio.o
 .ARM.attributes
                0x000003eb       0x34 ./Drivers/STM32F4xx_HAL_Driver/Src/stm32f4xx_hal_i2c.o
 .ARM.attributes
                0x0000041f       0x34 ./Drivers/STM32F4xx_HAL_Driver/Src/stm32f4xx_hal_rcc.o
 .ARM.attributes
                0x00000453       0x34 ./Drivers/STM32F4xx_HAL_Driver/Src/stm32f4xx_hal_tim.o
 .ARM.attributes
                0x00000487       0x34 ./Drivers/STM32F4xx_HAL_Driver/Src/stm32f4xx_hal_tim_ex.o
 .ARM.attributes
                0x000004bb       0x34 E:/STM32CubeIDE_2.1.0/STM32CubeIDE/plugins/com.st.stm32cube.ide.mcu.externaltools.gnu-tools-for-stm32.14.3.rel1.win32_1.0.100.202602081740/tools/bin/../lib/gcc/arm-none-eabi/14.3.1/../../../../arm-none-eabi/lib/thumb/v7e-m+fp/hard\libc_nano.a(libc_a-findfp.o)
 .ARM.attributes
                0x000004ef       0x34 E:/STM32CubeIDE_2.1.0/STM32CubeIDE/plugins/com.st.stm32cube.ide.mcu.externaltools.gnu-tools-for-stm32.14.3.rel1.win32_1.0.100.202602081740/tools/bin/../lib/gcc/arm-none-eabi/14.3.1/../../../../arm-none-eabi/lib/thumb/v7e-m+fp/hard\libc_nano.a(libc_a-memset.o)
 .ARM.attributes
                0x00000523       0x34 E:/STM32CubeIDE_2.1.0/STM32CubeIDE/plugins/com.st.stm32cube.ide.mcu.externaltools.gnu-tools-for-stm32.14.3.rel1.win32_1.0.100.202602081740/tools/bin/../lib/gcc/arm-none-eabi/14.3.1/../../../../arm-none-eabi/lib/thumb/v7e-m+fp/hard\libc_nano.a(libc_a-impure.o)
 .ARM.attributes
                0x00000557       0x34 E:/STM32CubeIDE_2.1.0/STM32CubeIDE/plugins/com.st.stm32cube.ide.mcu.externaltools.gnu-tools-for-stm32.14.3.rel1.win32_1.0.100.202602081740/tools/bin/../lib/gcc/arm-none-eabi/14.3.1/../../../../arm-none-eabi/lib/thumb/v7e-m+fp/hard\libc_nano.a(libc_a-errno.o)
 .ARM.attributes
                0x0000058b       0x34 E:/STM32CubeIDE_2.1.0/STM32CubeIDE/plugins/com.st.stm32cube.ide.mcu.externaltools.gnu-tools-for-stm32.14.3.rel1.win32_1.0.100.202602081740/tools/bin/../lib/gcc/arm-none-eabi/14.3.1/../../../../arm-none-eabi/lib/thumb/v7e-m+fp/hard\libc_nano.a(libc_a-init.o)
 .ARM.attributes
                0x000005bf       0x34 E:/STM32CubeIDE_2.1.0/STM32CubeIDE/plugins/com.st.stm32cube.ide.mcu.externaltools.gnu-tools-for-stm32.14.3.rel1.win32_1.0.100.202602081740/tools/bin/../lib/gcc/arm-none-eabi/14.3.1/../../../../arm-none-eabi/lib/thumb/v7e-m+fp/hard\libm.a(libm_a-wf_log.o)
 .ARM.attributes
                0x000005f3       0x34 E:/STM32CubeIDE_2.1.0/STM32CubeIDE/plugins/com.st.stm32cube.ide.mcu.externaltools.gnu-tools-for-stm32.14.3.rel1.win32_1.0.100.202602081740/tools/bin/../lib/gcc/arm-none-eabi/14.3.1/../../../../arm-none-eabi/lib/thumb/v7e-m+fp/hard\libm.a(libm_a-sf_nan.o)
 .ARM.attributes
                0x00000627       0x34 E:/STM32CubeIDE_2.1.0/STM32CubeIDE/plugins/com.st.stm32cube.ide.mcu.externaltools.gnu-tools-for-stm32.14.3.rel1.win32_1.0.100.202602081740/tools/bin/../lib/gcc/arm-none-eabi/14.3.1/../../../../arm-none-eabi/lib/thumb/v7e-m+fp/hard\libm.a(libm_a-ef_log.o)
 .ARM.attributes
                0x0000065b       0x22 E:/STM32CubeIDE_2.1.0/STM32CubeIDE/plugins/com.st.stm32cube.ide.mcu.externaltools.gnu-tools-for-stm32.14.3.rel1.win32_1.0.100.202602081740/tools/bin/../lib/gcc/arm-none-eabi/14.3.1/thumb/v7e-m+fp/hard\libgcc.a(_arm_addsubdf3.o)
 .ARM.attributes
                0x0000067d       0x22 E:/STM32CubeIDE_2.1.0/STM32CubeIDE/plugins/com.st.stm32cube.ide.mcu.externaltools.gnu-tools-for-stm32.14.3.rel1.win32_1.0.100.202602081740/tools/bin/../lib/gcc/arm-none-eabi/14.3.1/thumb/v7e-m+fp/hard\libgcc.a(_arm_muldivdf3.o)
 .ARM.attributes
                0x0000069f       0x22 E:/STM32CubeIDE_2.1.0/STM32CubeIDE/plugins/com.st.stm32cube.ide.mcu.externaltools.gnu-tools-for-stm32.14.3.rel1.win32_1.0.100.202602081740/tools/bin/../lib/gcc/arm-none-eabi/14.3.1/thumb/v7e-m+fp/hard\libgcc.a(_arm_truncdfsf2.o)
 .ARM.attributes
                0x000006c1       0x22 E:/STM32CubeIDE_2.1.0/STM32CubeIDE/plugins/com.st.stm32cube.ide.mcu.externaltools.gnu-tools-for-stm32.14.3.rel1.win32_1.0.100.202602081740/tools/bin/../lib/gcc/arm-none-eabi/14.3.1/thumb/v7e-m+fp/hard\libgcc.a(_aeabi_uldivmod.o)
 .ARM.attributes
                0x000006e3       0x34 E:/STM32CubeIDE_2.1.0/STM32CubeIDE/plugins/com.st.stm32cube.ide.mcu.externaltools.gnu-tools-for-stm32.14.3.rel1.win32_1.0.100.202602081740/tools/bin/../lib/gcc/arm-none-eabi/14.3.1/thumb/v7e-m+fp/hard\libgcc.a(_udivmoddi4.o)
 .ARM.attributes
                0x00000717       0x22 E:/STM32CubeIDE_2.1.0/STM32CubeIDE/plugins/com.st.stm32cube.ide.mcu.externaltools.gnu-tools-for-stm32.14.3.rel1.win32_1.0.100.202602081740/tools/bin/../lib/gcc/arm-none-eabi/14.3.1/thumb/v7e-m+fp/hard\libgcc.a(_dvmd_tls.o)
 .ARM.attributes
                0x00000739       0x22 E:/STM32CubeIDE_2.1.0/STM32CubeIDE/plugins/com.st.stm32cube.ide.mcu.externaltools.gnu-tools-for-stm32.14.3.rel1.win32_1.0.100.202602081740/tools/bin/../lib/gcc/arm-none-eabi/14.3.1/thumb/v7e-m+fp/hard/crtn.o
OUTPUT(stm32f411ceu6_final_project.elf elf32-littlearm)
LOAD linker stubs
LOAD E:/STM32CubeIDE_2.1.0/STM32CubeIDE/plugins/com.st.stm32cube.ide.mcu.externaltools.gnu-tools-for-stm32.14.3.rel1.win32_1.0.100.202602081740/tools/bin/../lib/gcc/arm-none-eabi/14.3.1/../../../../arm-none-eabi/lib/thumb/v7e-m+fp/hard\libc.a
LOAD E:/STM32CubeIDE_2.1.0/STM32CubeIDE/plugins/com.st.stm32cube.ide.mcu.externaltools.gnu-tools-for-stm32.14.3.rel1.win32_1.0.100.202602081740/tools/bin/../lib/gcc/arm-none-eabi/14.3.1/../../../../arm-none-eabi/lib/thumb/v7e-m+fp/hard\libm.a
LOAD E:/STM32CubeIDE_2.1.0/STM32CubeIDE/plugins/com.st.stm32cube.ide.mcu.externaltools.gnu-tools-for-stm32.14.3.rel1.win32_1.0.100.202602081740/tools/bin/../lib/gcc/arm-none-eabi/14.3.1/thumb/v7e-m+fp/hard\libgcc.a

.debug_info     0x00000000    0x1252f
 .debug_info    0x00000000     0x1116 ./Core/Src/control.o
 .debug_info    0x00001116      0xea0 ./Core/Src/display.o
 .debug_info    0x00001fb6      0x7f3 ./Core/Src/encoder.o
 .debug_info    0x000027a9       0xf1 ./Core/Src/font_8x12.o
 .debug_info    0x0000289a      0x210 ./Core/Src/fsm.o
 .debug_info    0x00002aaa     0x1f47 ./Core/Src/main.o
 .debug_info    0x000049f1      0x75f ./Core/Src/ntc.o
 .debug_info    0x00005150      0xa89 ./Core/Src/oled.o
 .debug_info    0x00005bd9      0x890 ./Core/Src/sht30.o
 .debug_info    0x00006469     0x1322 ./Core/Src/stm32f4xx_hal_msp.o
 .debug_info    0x0000778b      0xa23 ./Core/Src/stm32f4xx_it.o
 .debug_info    0x000081ae      0x53e ./Core/Src/system_stm32f4xx.o
 .debug_info    0x000086ec       0x30 ./Core/Startup/startup_stm32f411ceux.o
 .debug_info    0x0000871c      0x8c4 ./Drivers/STM32F4xx_HAL_Driver/Src/stm32f4xx_hal.o
 .debug_info    0x00008fe0      0xce0 ./Drivers/STM32F4xx_HAL_Driver/Src/stm32f4xx_hal_adc.o
 .debug_info    0x00009cc0      0xcfc ./Drivers/STM32F4xx_HAL_Driver/Src/stm32f4xx_hal_cortex.o
 .debug_info    0x0000a9bc      0x8e6 ./Drivers/STM32F4xx_HAL_Driver/Src/stm32f4xx_hal_dma.o
 .debug_info    0x0000b2a2      0x6f9 ./Drivers/STM32F4xx_HAL_Driver/Src/stm32f4xx_hal_gpio.o
 .debug_info    0x0000b99b     0x2426 ./Drivers/STM32F4xx_HAL_Driver/Src/stm32f4xx_hal_i2c.o
 .debug_info    0x0000ddc1      0x904 ./Drivers/STM32F4xx_HAL_Driver/Src/stm32f4xx_hal_rcc.o
 .debug_info    0x0000e6c5     0x2996 ./Drivers/STM32F4xx_HAL_Driver/Src/stm32f4xx_hal_tim.o
 .debug_info    0x0001105b     0x14d4 ./Drivers/STM32F4xx_HAL_Driver/Src/stm32f4xx_hal_tim_ex.o

.debug_abbrev   0x00000000     0x2b7b
 .debug_abbrev  0x00000000      0x24a ./Core/Src/control.o
 .debug_abbrev  0x0000024a      0x208 ./Core/Src/display.o
 .debug_abbrev  0x00000452      0x1b5 ./Core/Src/encoder.o
 .debug_abbrev  0x00000607       0x94 ./Core/Src/font_8x12.o
 .debug_abbrev  0x0000069b      0x129 ./Core/Src/fsm.o
 .debug_abbrev  0x000007c4      0x320 ./Core/Src/main.o
 .debug_abbrev  0x00000ae4      0x16c ./Core/Src/ntc.o
 .debug_abbrev  0x00000c50      0x228 ./Core/Src/oled.o
 .debug_abbrev  0x00000e78      0x1f4 ./Core/Src/sht30.o
 .debug_abbrev  0x0000106c      0x217 ./Core/Src/stm32f4xx_hal_msp.o
 .debug_abbrev  0x00001283      0x1bd ./Core/Src/stm32f4xx_it.o
 .debug_abbrev  0x00001440      0x11a ./Core/Src/system_stm32f4xx.o
 .debug_abbrev  0x0000155a       0x24 ./Core/Startup/startup_stm32f411ceux.o
 .debug_abbrev  0x0000157e      0x24b ./Drivers/STM32F4xx_HAL_Driver/Src/stm32f4xx_hal.o
 .debug_abbrev  0x000017c9      0x20e ./Drivers/STM32F4xx_HAL_Driver/Src/stm32f4xx_hal_adc.o
 .debug_abbrev  0x000019d7      0x31d ./Drivers/STM32F4xx_HAL_Driver/Src/stm32f4xx_hal_cortex.o
 .debug_abbrev  0x00001cf4      0x221 ./Drivers/STM32F4xx_HAL_Driver/Src/stm32f4xx_hal_dma.o
 .debug_abbrev  0x00001f15      0x1d3 ./Drivers/STM32F4xx_HAL_Driver/Src/stm32f4xx_hal_gpio.o
 .debug_abbrev  0x000020e8      0x2bc ./Drivers/STM32F4xx_HAL_Driver/Src/stm32f4xx_hal_i2c.o
 .debug_abbrev  0x000023a4      0x2b6 ./Drivers/STM32F4xx_HAL_Driver/Src/stm32f4xx_hal_rcc.o
 .debug_abbrev  0x0000265a      0x28b ./Drivers/STM32F4xx_HAL_Driver/Src/stm32f4xx_hal_tim.o
 .debug_abbrev  0x000028e5      0x296 ./Drivers/STM32F4xx_HAL_Driver/Src/stm32f4xx_hal_tim_ex.o

.debug_aranges  0x00000000      0xfb8
 .debug_aranges
                0x00000000       0x48 ./Core/Src/control.o
 .debug_aranges
                0x00000048       0x40 ./Core/Src/display.o
 .debug_aranges
                0x00000088       0x28 ./Core/Src/encoder.o
 .debug_aranges
                0x000000b0       0x18 ./Core/Src/font_8x12.o
 .debug_aranges
                0x000000c8       0x30 ./Core/Src/fsm.o
 .debug_aranges
                0x000000f8       0x70 ./Core/Src/main.o
 .debug_aranges
                0x00000168       0x38 ./Core/Src/ntc.o
 .debug_aranges
                0x000001a0       0x50 ./Core/Src/oled.o
 .debug_aranges
                0x000001f0       0x38 ./Core/Src/sht30.o
 .debug_aranges
                0x00000228       0x68 ./Core/Src/stm32f4xx_hal_msp.o
 .debug_aranges
                0x00000290       0x80 ./Core/Src/stm32f4xx_it.o
 .debug_aranges
                0x00000310       0x28 ./Core/Src/system_stm32f4xx.o
 .debug_aranges
                0x00000338       0x28 ./Core/Startup/startup_stm32f411ceux.o
 .debug_aranges
                0x00000360       0xf0 ./Drivers/STM32F4xx_HAL_Driver/Src/stm32f4xx_hal.o
 .debug_aranges
                0x00000450       0xe8 ./Drivers/STM32F4xx_HAL_Driver/Src/stm32f4xx_hal_adc.o
 .debug_aranges
                0x00000538      0x130 ./Drivers/STM32F4xx_HAL_Driver/Src/stm32f4xx_hal_cortex.o
 .debug_aranges
                0x00000668       0x90 ./Drivers/STM32F4xx_HAL_Driver/Src/stm32f4xx_hal_dma.o
 .debug_aranges
                0x000006f8       0x58 ./Drivers/STM32F4xx_HAL_Driver/Src/stm32f4xx_hal_gpio.o
 .debug_aranges
                0x00000750      0x2a8 ./Drivers/STM32F4xx_HAL_Driver/Src/stm32f4xx_hal_i2c.o
 .debug_aranges
                0x000009f8       0x88 ./Drivers/STM32F4xx_HAL_Driver/Src/stm32f4xx_hal_rcc.o
 .debug_aranges
                0x00000a80      0x3d0 ./Drivers/STM32F4xx_HAL_Driver/Src/stm32f4xx_hal_tim.o
 .debug_aranges
                0x00000e50      0x168 ./Drivers/STM32F4xx_HAL_Driver/Src/stm32f4xx_hal_tim_ex.o

.debug_rnglists
                0x00000000      0xc35
 .debug_rnglists
                0x00000000       0x35 ./Core/Src/control.o
 .debug_rnglists
                0x00000035       0x2e ./Core/Src/display.o
 .debug_rnglists
                0x00000063       0x1a ./Core/Src/encoder.o
 .debug_rnglists
                0x0000007d       0x2c ./Core/Src/fsm.o
 .debug_rnglists
                0x000000a9       0x56 ./Core/Src/main.o
 .debug_rnglists
                0x000000ff       0x28 ./Core/Src/ntc.o
 .debug_rnglists
                0x00000127       0x39 ./Core/Src/oled.o
 .debug_rnglists
                0x00000160       0x27 ./Core/Src/sht30.o
 .debug_rnglists
                0x00000187       0x4c ./Core/Src/stm32f4xx_hal_msp.o
 .debug_rnglists
                0x000001d3       0x5b ./Core/Src/stm32f4xx_it.o
 .debug_rnglists
                0x0000022e       0x1a ./Core/Src/system_stm32f4xx.o
 .debug_rnglists
                0x00000248       0x19 ./Core/Startup/startup_stm32f411ceux.o
 .debug_rnglists
                0x00000261       0xaf ./Drivers/STM32F4xx_HAL_Driver/Src/stm32f4xx_hal.o
 .debug_rnglists
                0x00000310       0xb5 ./Drivers/STM32F4xx_HAL_Driver/Src/stm32f4xx_hal_adc.o
 .debug_rnglists
                0x000003c5       0xe0 ./Drivers/STM32F4xx_HAL_Driver/Src/stm32f4xx_hal_cortex.o
 .debug_rnglists
                0x000004a5       0x70 ./Drivers/STM32F4xx_HAL_Driver/Src/stm32f4xx_hal_dma.o
 .debug_rnglists
                0x00000515       0x3f ./Drivers/STM32F4xx_HAL_Driver/Src/stm32f4xx_hal_gpio.o
 .debug_rnglists
                0x00000554      0x23c ./Drivers/STM32F4xx_HAL_Driver/Src/stm32f4xx_hal_i2c.o
 .debug_rnglists
                0x00000790       0x66 ./Drivers/STM32F4xx_HAL_Driver/Src/stm32f4xx_hal_rcc.o
 .debug_rnglists
                0x000007f6      0x31a ./Drivers/STM32F4xx_HAL_Driver/Src/stm32f4xx_hal_tim.o
 .debug_rnglists
                0x00000b10      0x125 ./Drivers/STM32F4xx_HAL_Driver/Src/stm32f4xx_hal_tim_ex.o

.debug_macro    0x00000000    0x18925
 .debug_macro   0x00000000      0x2db ./Core/Src/control.o
 .debug_macro   0x000002db      0xad8 ./Core/Src/control.o
 .debug_macro   0x00000db3       0x22 ./Core/Src/control.o
 .debug_macro   0x00000dd5       0x2e ./Core/Src/control.o
 .debug_macro   0x00000e03       0x28 ./Core/Src/control.o
 .debug_macro   0x00000e2b       0x22 ./Core/Src/control.o
 .debug_macro   0x00000e4d       0x8e ./Core/Src/control.o
 .debug_macro   0x00000edb       0x51 ./Core/Src/control.o
 .debug_macro   0x00000f2c      0x103 ./Core/Src/control.o
 .debug_macro   0x0000102f       0x6a ./Core/Src/control.o
 .debug_macro   0x00001099      0x1df ./Core/Src/control.o
 .debug_macro   0x00001278       0x1c ./Core/Src/control.o
 .debug_macro   0x00001294       0x22 ./Core/Src/control.o
 .debug_macro   0x000012b6       0xfb ./Core/Src/control.o
 .debug_macro   0x000013b1     0x1011 ./Core/Src/control.o
 .debug_macro   0x000023c2      0x11f ./Core/Src/control.o
 .debug_macro   0x000024e1     0xb968 ./Core/Src/control.o
 .debug_macro   0x0000de49       0x6d ./Core/Src/control.o
 .debug_macro   0x0000deb6      0x2a1 ./Core/Src/control.o
 .debug_macro   0x0000e157     0x3693 ./Core/Src/control.o
 .debug_macro   0x000117ea      0x190 ./Core/Src/control.o
 .debug_macro   0x0001197a       0x5c ./Core/Src/control.o
 .debug_macro   0x000119d6      0x45c ./Core/Src/control.o
 .debug_macro   0x00011e32      0x9e9 ./Core/Src/control.o
 .debug_macro   0x0001281b      0x115 ./Core/Src/control.o
 .debug_macro   0x00012930      0x11b ./Core/Src/control.o
 .debug_macro   0x00012a4b       0xa5 ./Core/Src/control.o
 .debug_macro   0x00012af0      0x15f ./Core/Src/control.o
 .debug_macro   0x00012c4f      0x287 ./Core/Src/control.o
 .debug_macro   0x00012ed6       0x5f ./Core/Src/control.o
 .debug_macro   0x00012f35      0x236 ./Core/Src/control.o
 .debug_macro   0x0001316b      0x9e1 ./Core/Src/control.o
 .debug_macro   0x00013b4c      0x38b ./Core/Src/control.o
 .debug_macro   0x00013ed7      0x17d ./Core/Src/control.o
 .debug_macro   0x00014054       0xf9 ./Core/Src/control.o
 .debug_macro   0x0001414d      0x132 ./Core/Src/control.o
 .debug_macro   0x0001427f      0x264 ./Core/Src/control.o
 .debug_macro   0x000144e3       0x2e ./Core/Src/control.o
 .debug_macro   0x00014511      0x1b5 ./Core/Src/control.o
 .debug_macro   0x000146c6       0x22 ./Core/Src/control.o
 .debug_macro   0x000146e8       0xd6 ./Core/Src/control.o
 .debug_macro   0x000147be      0x127 ./Core/Src/control.o
 .debug_macro   0x000148e5       0x85 ./Core/Src/control.o
 .debug_macro   0x0001496a       0x89 ./Core/Src/control.o
 .debug_macro   0x000149f3      0x8ed ./Core/Src/control.o
 .debug_macro   0x000152e0       0x47 ./Core/Src/control.o
 .debug_macro   0x00015327      0x126 ./Core/Src/control.o
 .debug_macro   0x0001544d       0x3a ./Core/Src/control.o
 .debug_macro   0x00015487       0x10 ./Core/Src/control.o
 .debug_macro   0x00015497       0x61 ./Core/Src/control.o
 .debug_macro   0x000154f8       0x2a ./Core/Src/control.o
 .debug_macro   0x00015522       0x43 ./Core/Src/control.o
 .debug_macro   0x00015565       0x34 ./Core/Src/control.o
 .debug_macro   0x00015599      0x364 ./Core/Src/control.o
 .debug_macro   0x000158fd       0x16 ./Core/Src/control.o
 .debug_macro   0x00015913       0x4a ./Core/Src/control.o
 .debug_macro   0x0001595d       0x34 ./Core/Src/control.o
 .debug_macro   0x00015991       0x10 ./Core/Src/control.o
 .debug_macro   0x000159a1       0x58 ./Core/Src/control.o
 .debug_macro   0x000159f9       0x8e ./Core/Src/control.o
 .debug_macro   0x00015a87       0x1c ./Core/Src/control.o
 .debug_macro   0x00015aa3      0x17e ./Core/Src/control.o
 .debug_macro   0x00015c21      0x19b ./Core/Src/control.o
 .debug_macro   0x00015dbc      0x32b ./Core/Src/display.o
 .debug_macro   0x000160e7       0x10 ./Core/Src/display.o
 .debug_macro   0x000160f7       0x3c ./Core/Src/display.o
 .debug_macro   0x00016133       0x20 ./Core/Src/display.o
 .debug_macro   0x00016153       0x16 ./Core/Src/display.o
 .debug_macro   0x00016169      0x20f ./Core/Src/encoder.o
 .debug_macro   0x00016378       0x73 ./Core/Src/font_8x12.o
 .debug_macro   0x000163eb       0x6d ./Core/Src/fsm.o
 .debug_macro   0x00016458      0x383 ./Core/Src/main.o
 .debug_macro   0x000167db       0x34 ./Core/Src/main.o
 .debug_macro   0x0001680f      0x2c8 ./Core/Src/ntc.o
 .debug_macro   0x00016ad7      0x2ef ./Core/Src/oled.o
 .debug_macro   0x00016dc6       0x10 ./Core/Src/oled.o
 .debug_macro   0x00016dd6      0x215 ./Core/Src/sht30.o
 .debug_macro   0x00016feb      0x20f ./Core/Src/stm32f4xx_hal_msp.o
 .debug_macro   0x000171fa      0x219 ./Core/Src/stm32f4xx_it.o
 .debug_macro   0x00017413      0x205 ./Core/Src/system_stm32f4xx.o
 .debug_macro   0x00017618      0x265 ./Drivers/STM32F4xx_HAL_Driver/Src/stm32f4xx_hal.o
 .debug_macro   0x0001787d      0x206 ./Drivers/STM32F4xx_HAL_Driver/Src/stm32f4xx_hal_adc.o
 .debug_macro   0x00017a83      0x205 ./Drivers/STM32F4xx_HAL_Driver/Src/stm32f4xx_hal_cortex.o
 .debug_macro   0x00017c88      0x20b ./Drivers/STM32F4xx_HAL_Driver/Src/stm32f4xx_hal_dma.o
 .debug_macro   0x00017e93      0x20b ./Drivers/STM32F4xx_HAL_Driver/Src/stm32f4xx_hal_gpio.o
 .debug_macro   0x0001809e      0x253 ./Drivers/STM32F4xx_HAL_Driver/Src/stm32f4xx_hal_i2c.o
 .debug_macro   0x000182f1      0x229 ./Drivers/STM32F4xx_HAL_Driver/Src/stm32f4xx_hal_rcc.o
 .debug_macro   0x0001851a      0x206 ./Drivers/STM32F4xx_HAL_Driver/Src/stm32f4xx_hal_tim.o
 .debug_macro   0x00018720      0x205 ./Drivers/STM32F4xx_HAL_Driver/Src/stm32f4xx_hal_tim_ex.o

.debug_line     0x00000000    0x1492e
 .debug_line    0x00000000      0xaab ./Core/Src/control.o
 .debug_line    0x00000aab      0xa98 ./Core/Src/display.o
 .debug_line    0x00001543      0x7fa ./Core/Src/encoder.o
 .debug_line    0x00001d3d      0x40a ./Core/Src/font_8x12.o
 .debug_line    0x00002147      0x479 ./Core/Src/fsm.o
 .debug_line    0x000025c0      0xd60 ./Core/Src/main.o
 .debug_line    0x00003320      0x9cc ./Core/Src/ntc.o
 .debug_line    0x00003cec      0xab2 ./Core/Src/oled.o
 .debug_line    0x0000479e      0x879 ./Core/Src/sht30.o
 .debug_line    0x00005017      0x923 ./Core/Src/stm32f4xx_hal_msp.o
 .debug_line    0x0000593a      0x8ad ./Core/Src/stm32f4xx_it.o
 .debug_line    0x000061e7      0x814 ./Core/Src/system_stm32f4xx.o
 .debug_line    0x000069fb       0x7a ./Core/Startup/startup_stm32f411ceux.o
 .debug_line    0x00006a75      0xa93 ./Drivers/STM32F4xx_HAL_Driver/Src/stm32f4xx_hal.o
 .debug_line    0x00007508     0x11e7 ./Drivers/STM32F4xx_HAL_Driver/Src/stm32f4xx_hal_adc.o
 .debug_line    0x000086ef      0xd60 ./Drivers/STM32F4xx_HAL_Driver/Src/stm32f4xx_hal_cortex.o
 .debug_line    0x0000944f      0xffc ./Drivers/STM32F4xx_HAL_Driver/Src/stm32f4xx_hal_dma.o
 .debug_line    0x0000a44b      0xba9 ./Drivers/STM32F4xx_HAL_Driver/Src/stm32f4xx_hal_gpio.o
 .debug_line    0x0000aff4     0x3b3d ./Drivers/STM32F4xx_HAL_Driver/Src/stm32f4xx_hal_i2c.o
 .debug_line    0x0000eb31      0xe9d ./Drivers/STM32F4xx_HAL_Driver/Src/stm32f4xx_hal_rcc.o
 .debug_line    0x0000f9ce     0x35d5 ./Drivers/STM32F4xx_HAL_Driver/Src/stm32f4xx_hal_tim.o
 .debug_line    0x00012fa3     0x198b ./Drivers/STM32F4xx_HAL_Driver/Src/stm32f4xx_hal_tim_ex.o

.debug_str      0x00000000    0x9a9d7
 .debug_str     0x00000000    0x9a9d7 ./Core/Src/control.o
                              0x96b0f (size before relaxing)
 .debug_str     0x0009a9d7    0x96309 ./Core/Src/display.o
 .debug_str     0x0009a9d7    0x92ad7 ./Core/Src/encoder.o
 .debug_str     0x0009a9d7     0x3de5 ./Core/Src/font_8x12.o
 .debug_str     0x0009a9d7     0x3f15 ./Core/Src/fsm.o
 .debug_str     0x0009a9d7    0x97169 ./Core/Src/main.o
 .debug_str     0x0009a9d7    0x96311 ./Core/Src/ntc.o
 .debug_str     0x0009a9d7    0x95ced ./Core/Src/oled.o
 .debug_str     0x0009a9d7    0x92b15 ./Core/Src/sht30.o
 .debug_str     0x0009a9d7    0x93406 ./Core/Src/stm32f4xx_hal_msp.o
 .debug_str     0x0009a9d7    0x92d75 ./Core/Src/stm32f4xx_it.o
 .debug_str     0x0009a9d7    0x92627 ./Core/Src/system_stm32f4xx.o
 .debug_str     0x0009a9d7       0x7b ./Core/Startup/startup_stm32f411ceux.o
 .debug_str     0x0009a9d7    0x93053 ./Drivers/STM32F4xx_HAL_Driver/Src/stm32f4xx_hal.o
 .debug_str     0x0009a9d7    0x92c02 ./Drivers/STM32F4xx_HAL_Driver/Src/stm32f4xx_hal_adc.o
 .debug_str     0x0009a9d7    0x92dbd ./Drivers/STM32F4xx_HAL_Driver/Src/stm32f4xx_hal_cortex.o
 .debug_str     0x0009a9d7    0x92a2f ./Drivers/STM32F4xx_HAL_Driver/Src/stm32f4xx_hal_dma.o
 .debug_str     0x0009a9d7    0x927a2 ./Drivers/STM32F4xx_HAL_Driver/Src/stm32f4xx_hal_gpio.o
 .debug_str     0x0009a9d7    0x93638 ./Drivers/STM32F4xx_HAL_Driver/Src/stm32f4xx_hal_i2c.o
 .debug_str     0x0009a9d7    0x92a5b ./Drivers/STM32F4xx_HAL_Driver/Src/stm32f4xx_hal_rcc.o
 .debug_str     0x0009a9d7    0x9399f ./Drivers/STM32F4xx_HAL_Driver/Src/stm32f4xx_hal_tim.o
 .debug_str     0x0009a9d7    0x931ab ./Drivers/STM32F4xx_HAL_Driver/Src/stm32f4xx_hal_tim_ex.o

.comment        0x00000000       0x43
 .comment       0x00000000       0x43 ./Core/Src/control.o
                                 0x44 (size before relaxing)
 .comment       0x00000043       0x44 ./Core/Src/display.o
 .comment       0x00000043       0x44 ./Core/Src/encoder.o
 .comment       0x00000043       0x44 ./Core/Src/font_8x12.o
 .comment       0x00000043       0x44 ./Core/Src/fsm.o
 .comment       0x00000043       0x44 ./Core/Src/main.o
 .comment       0x00000043       0x44 ./Core/Src/ntc.o
 .comment       0x00000043       0x44 ./Core/Src/oled.o
 .comment       0x00000043       0x44 ./Core/Src/sht30.o
 .comment       0x00000043       0x44 ./Core/Src/stm32f4xx_hal_msp.o
 .comment       0x00000043       0x44 ./Core/Src/stm32f4xx_it.o
 .comment       0x00000043       0x44 ./Core/Src/system_stm32f4xx.o
 .comment       0x00000043       0x44 ./Drivers/STM32F4xx_HAL_Driver/Src/stm32f4xx_hal.o
 .comment       0x00000043       0x44 ./Drivers/STM32F4xx_HAL_Driver/Src/stm32f4xx_hal_adc.o
 .comment       0x00000043       0x44 ./Drivers/STM32F4xx_HAL_Driver/Src/stm32f4xx_hal_cortex.o
 .comment       0x00000043       0x44 ./Drivers/STM32F4xx_HAL_Driver/Src/stm32f4xx_hal_dma.o
 .comment       0x00000043       0x44 ./Drivers/STM32F4xx_HAL_Driver/Src/stm32f4xx_hal_gpio.o
 .comment       0x00000043       0x44 ./Drivers/STM32F4xx_HAL_Driver/Src/stm32f4xx_hal_i2c.o
 .comment       0x00000043       0x44 ./Drivers/STM32F4xx_HAL_Driver/Src/stm32f4xx_hal_rcc.o
 .comment       0x00000043       0x44 ./Drivers/STM32F4xx_HAL_Driver/Src/stm32f4xx_hal_tim.o
 .comment       0x00000043       0x44 ./Drivers/STM32F4xx_HAL_Driver/Src/stm32f4xx_hal_tim_ex.o

.debug_frame    0x00000000     0x40e0
 .debug_frame   0x00000000       0xf0 ./Core/Src/control.o
 .debug_frame   0x000000f0       0xc4 ./Core/Src/display.o
 .debug_frame   0x000001b4       0x58 ./Core/Src/encoder.o
 .debug_frame   0x0000020c       0x6c ./Core/Src/fsm.o
 .debug_frame   0x00000278      0x184 ./Core/Src/main.o
 .debug_frame   0x000003fc       0xa4 ./Core/Src/ntc.o
 .debug_frame   0x000004a0      0x110 ./Core/Src/oled.o
 .debug_frame   0x000005b0       0xa4 ./Core/Src/sht30.o
 .debug_frame   0x00000654      0x178 ./Core/Src/stm32f4xx_hal_msp.o
 .debug_frame   0x000007cc      0x168 ./Core/Src/stm32f4xx_it.o
 .debug_frame   0x00000934       0x50 ./Core/Src/system_stm32f4xx.o
 .debug_frame   0x00000984      0x31c ./Drivers/STM32F4xx_HAL_Driver/Src/stm32f4xx_hal.o
 .debug_frame   0x00000ca0      0x3bc ./Drivers/STM32F4xx_HAL_Driver/Src/stm32f4xx_hal_adc.o
 .debug_frame   0x0000105c      0x4b8 ./Drivers/STM32F4xx_HAL_Driver/Src/stm32f4xx_hal_cortex.o
 .debug_frame   0x00001514      0x230 ./Drivers/STM32F4xx_HAL_Driver/Src/stm32f4xx_hal_dma.o
 .debug_frame   0x00001744      0x130 ./Drivers/STM32F4xx_HAL_Driver/Src/stm32f4xx_hal_gpio.o
 .debug_frame   0x00001874      0xbf4 ./Drivers/STM32F4xx_HAL_Driver/Src/stm32f4xx_hal_i2c.o
 .debug_frame   0x00002468      0x1d8 ./Drivers/STM32F4xx_HAL_Driver/Src/stm32f4xx_hal_rcc.o
 .debug_frame   0x00002640     0x10e8 ./Drivers/STM32F4xx_HAL_Driver/Src/stm32f4xx_hal_tim.o
 .debug_frame   0x00003728      0x600 ./Drivers/STM32F4xx_HAL_Driver/Src/stm32f4xx_hal_tim_ex.o
 .debug_frame   0x00003d28      0x144 E:/STM32CubeIDE_2.1.0/STM32CubeIDE/plugins/com.st.stm32cube.ide.mcu.externaltools.gnu-tools-for-stm32.14.3.rel1.win32_1.0.100.202602081740/tools/bin/../lib/gcc/arm-none-eabi/14.3.1/../../../../arm-none-eabi/lib/thumb/v7e-m+fp/hard\libc_nano.a(libc_a-findfp.o)
 .debug_frame   0x00003e6c       0x20 E:/STM32CubeIDE_2.1.0/STM32CubeIDE/plugins/com.st.stm32cube.ide.mcu.externaltools.gnu-tools-for-stm32.14.3.rel1.win32_1.0.100.202602081740/tools/bin/../lib/gcc/arm-none-eabi/14.3.1/../../../../arm-none-eabi/lib/thumb/v7e-m+fp/hard\libc_nano.a(libc_a-memset.o)
 .debug_frame   0x00003e8c       0x20 E:/STM32CubeIDE_2.1.0/STM32CubeIDE/plugins/com.st.stm32cube.ide.mcu.externaltools.gnu-tools-for-stm32.14.3.rel1.win32_1.0.100.202602081740/tools/bin/../lib/gcc/arm-none-eabi/14.3.1/../../../../arm-none-eabi/lib/thumb/v7e-m+fp/hard\libc_nano.a(libc_a-errno.o)
 .debug_frame   0x00003eac       0x2c E:/STM32CubeIDE_2.1.0/STM32CubeIDE/plugins/com.st.stm32cube.ide.mcu.externaltools.gnu-tools-for-stm32.14.3.rel1.win32_1.0.100.202602081740/tools/bin/../lib/gcc/arm-none-eabi/14.3.1/../../../../arm-none-eabi/lib/thumb/v7e-m+fp/hard\libc_nano.a(libc_a-init.o)
 .debug_frame   0x00003ed8       0x48 E:/STM32CubeIDE_2.1.0/STM32CubeIDE/plugins/com.st.stm32cube.ide.mcu.externaltools.gnu-tools-for-stm32.14.3.rel1.win32_1.0.100.202602081740/tools/bin/../lib/gcc/arm-none-eabi/14.3.1/../../../../arm-none-eabi/lib/thumb/v7e-m+fp/hard\libm.a(libm_a-wf_log.o)
 .debug_frame   0x00003f20       0x20 E:/STM32CubeIDE_2.1.0/STM32CubeIDE/plugins/com.st.stm32cube.ide.mcu.externaltools.gnu-tools-for-stm32.14.3.rel1.win32_1.0.100.202602081740/tools/bin/../lib/gcc/arm-none-eabi/14.3.1/../../../../arm-none-eabi/lib/thumb/v7e-m+fp/hard\libm.a(libm_a-sf_nan.o)
 .debug_frame   0x00003f40       0x20 E:/STM32CubeIDE_2.1.0/STM32CubeIDE/plugins/com.st.stm32cube.ide.mcu.externaltools.gnu-tools-for-stm32.14.3.rel1.win32_1.0.100.202602081740/tools/bin/../lib/gcc/arm-none-eabi/14.3.1/../../../../arm-none-eabi/lib/thumb/v7e-m+fp/hard\libm.a(libm_a-ef_log.o)
 .debug_frame   0x00003f60       0xac E:/STM32CubeIDE_2.1.0/STM32CubeIDE/plugins/com.st.stm32cube.ide.mcu.externaltools.gnu-tools-for-stm32.14.3.rel1.win32_1.0.100.202602081740/tools/bin/../lib/gcc/arm-none-eabi/14.3.1/thumb/v7e-m+fp/hard\libgcc.a(_arm_addsubdf3.o)
 .debug_frame   0x0000400c       0x50 E:/STM32CubeIDE_2.1.0/STM32CubeIDE/plugins/com.st.stm32cube.ide.mcu.externaltools.gnu-tools-for-stm32.14.3.rel1.win32_1.0.100.202602081740/tools/bin/../lib/gcc/arm-none-eabi/14.3.1/thumb/v7e-m+fp/hard\libgcc.a(_arm_muldivdf3.o)
 .debug_frame   0x0000405c       0x24 E:/STM32CubeIDE_2.1.0/STM32CubeIDE/plugins/com.st.stm32cube.ide.mcu.externaltools.gnu-tools-for-stm32.14.3.rel1.win32_1.0.100.202602081740/tools/bin/../lib/gcc/arm-none-eabi/14.3.1/thumb/v7e-m+fp/hard\libgcc.a(_arm_truncdfsf2.o)
 .debug_frame   0x00004080       0x2c E:/STM32CubeIDE_2.1.0/STM32CubeIDE/plugins/com.st.stm32cube.ide.mcu.externaltools.gnu-tools-for-stm32.14.3.rel1.win32_1.0.100.202602081740/tools/bin/../lib/gcc/arm-none-eabi/14.3.1/thumb/v7e-m+fp/hard\libgcc.a(_aeabi_uldivmod.o)
 .debug_frame   0x000040ac       0x34 E:/STM32CubeIDE_2.1.0/STM32CubeIDE/plugins/com.st.stm32cube.ide.mcu.externaltools.gnu-tools-for-stm32.14.3.rel1.win32_1.0.100.202602081740/tools/bin/../lib/gcc/arm-none-eabi/14.3.1/thumb/v7e-m+fp/hard\libgcc.a(_udivmoddi4.o)

.debug_line_str
                0x00000000       0x5f
 .debug_line_str
                0x00000000       0x5f ./Core/Startup/startup_stm32f411ceux.o
