Archive member included to satisfy reference by file (symbol)

C:/ST/STM32CubeIDE_1.18.0/STM32CubeIDE/plugins/com.st.stm32cube.ide.mcu.externaltools.gnu-tools-for-stm32.13.3.rel1.win32_1.0.0.202411081344/tools/bin/../lib/gcc/arm-none-eabi/13.3.1/../../../../arm-none-eabi/lib/thumb/v7e-m+fp/hard\libc_nano.a(libc_a-exit.o)
                              C:/ST/STM32CubeIDE_1.18.0/STM32CubeIDE/plugins/com.st.stm32cube.ide.mcu.externaltools.gnu-tools-for-stm32.13.3.rel1.win32_1.0.0.202411081344/tools/bin/../lib/gcc/arm-none-eabi/13.3.1/../../../../arm-none-eabi/lib/thumb/v7e-m+fp/hard/crt0.o (exit)
C:/ST/STM32CubeIDE_1.18.0/STM32CubeIDE/plugins/com.st.stm32cube.ide.mcu.externaltools.gnu-tools-for-stm32.13.3.rel1.win32_1.0.0.202411081344/tools/bin/../lib/gcc/arm-none-eabi/13.3.1/../../../../arm-none-eabi/lib/thumb/v7e-m+fp/hard\libc_nano.a(libc_a-findfp.o)
                              C:/ST/STM32CubeIDE_1.18.0/STM32CubeIDE/plugins/com.st.stm32cube.ide.mcu.externaltools.gnu-tools-for-stm32.13.3.rel1.win32_1.0.0.202411081344/tools/bin/../lib/gcc/arm-none-eabi/13.3.1/../../../../arm-none-eabi/lib/thumb/v7e-m+fp/hard\libc_nano.a(libc_a-exit.o) (__stdio_exit_handler)
C:/ST/STM32CubeIDE_1.18.0/STM32CubeIDE/plugins/com.st.stm32cube.ide.mcu.externaltools.gnu-tools-for-stm32.13.3.rel1.win32_1.0.0.202411081344/tools/bin/../lib/gcc/arm-none-eabi/13.3.1/../../../../arm-none-eabi/lib/thumb/v7e-m+fp/hard\libc_nano.a(libc_a-fwalk.o)
                              C:/ST/STM32CubeIDE_1.18.0/STM32CubeIDE/plugins/com.st.stm32cube.ide.mcu.externaltools.gnu-tools-for-stm32.13.3.rel1.win32_1.0.0.202411081344/tools/bin/../lib/gcc/arm-none-eabi/13.3.1/../../../../arm-none-eabi/lib/thumb/v7e-m+fp/hard\libc_nano.a(libc_a-findfp.o) (_fwalk_sglue)
C:/ST/STM32CubeIDE_1.18.0/STM32CubeIDE/plugins/com.st.stm32cube.ide.mcu.externaltools.gnu-tools-for-stm32.13.3.rel1.win32_1.0.0.202411081344/tools/bin/../lib/gcc/arm-none-eabi/13.3.1/../../../../arm-none-eabi/lib/thumb/v7e-m+fp/hard\libc_nano.a(libc_a-stdio.o)
                              C:/ST/STM32CubeIDE_1.18.0/STM32CubeIDE/plugins/com.st.stm32cube.ide.mcu.externaltools.gnu-tools-for-stm32.13.3.rel1.win32_1.0.0.202411081344/tools/bin/../lib/gcc/arm-none-eabi/13.3.1/../../../../arm-none-eabi/lib/thumb/v7e-m+fp/hard\libc_nano.a(libc_a-findfp.o) (__sread)
C:/ST/STM32CubeIDE_1.18.0/STM32CubeIDE/plugins/com.st.stm32cube.ide.mcu.externaltools.gnu-tools-for-stm32.13.3.rel1.win32_1.0.0.202411081344/tools/bin/../lib/gcc/arm-none-eabi/13.3.1/../../../../arm-none-eabi/lib/thumb/v7e-m+fp/hard\libc_nano.a(libc_a-memset.o)
                              C:/ST/STM32CubeIDE_1.18.0/STM32CubeIDE/plugins/com.st.stm32cube.ide.mcu.externaltools.gnu-tools-for-stm32.13.3.rel1.win32_1.0.0.202411081344/tools/bin/../lib/gcc/arm-none-eabi/13.3.1/../../../../arm-none-eabi/lib/thumb/v7e-m+fp/hard/crt0.o (memset)
C:/ST/STM32CubeIDE_1.18.0/STM32CubeIDE/plugins/com.st.stm32cube.ide.mcu.externaltools.gnu-tools-for-stm32.13.3.rel1.win32_1.0.0.202411081344/tools/bin/../lib/gcc/arm-none-eabi/13.3.1/../../../../arm-none-eabi/lib/thumb/v7e-m+fp/hard\libc_nano.a(libc_a-closer.o)
                              C:/ST/STM32CubeIDE_1.18.0/STM32CubeIDE/plugins/com.st.stm32cube.ide.mcu.externaltools.gnu-tools-for-stm32.13.3.rel1.win32_1.0.0.202411081344/tools/bin/../lib/gcc/arm-none-eabi/13.3.1/../../../../arm-none-eabi/lib/thumb/v7e-m+fp/hard\libc_nano.a(libc_a-stdio.o) (_close_r)
C:/ST/STM32CubeIDE_1.18.0/STM32CubeIDE/plugins/com.st.stm32cube.ide.mcu.externaltools.gnu-tools-for-stm32.13.3.rel1.win32_1.0.0.202411081344/tools/bin/../lib/gcc/arm-none-eabi/13.3.1/../../../../arm-none-eabi/lib/thumb/v7e-m+fp/hard\libc_nano.a(libc_a-reent.o)
                              C:/ST/STM32CubeIDE_1.18.0/STM32CubeIDE/plugins/com.st.stm32cube.ide.mcu.externaltools.gnu-tools-for-stm32.13.3.rel1.win32_1.0.0.202411081344/tools/bin/../lib/gcc/arm-none-eabi/13.3.1/../../../../arm-none-eabi/lib/thumb/v7e-m+fp/hard\libc_nano.a(libc_a-closer.o) (errno)
C:/ST/STM32CubeIDE_1.18.0/STM32CubeIDE/plugins/com.st.stm32cube.ide.mcu.externaltools.gnu-tools-for-stm32.13.3.rel1.win32_1.0.0.202411081344/tools/bin/../lib/gcc/arm-none-eabi/13.3.1/../../../../arm-none-eabi/lib/thumb/v7e-m+fp/hard\libc_nano.a(libc_a-impure.o)
                              C:/ST/STM32CubeIDE_1.18.0/STM32CubeIDE/plugins/com.st.stm32cube.ide.mcu.externaltools.gnu-tools-for-stm32.13.3.rel1.win32_1.0.0.202411081344/tools/bin/../lib/gcc/arm-none-eabi/13.3.1/../../../../arm-none-eabi/lib/thumb/v7e-m+fp/hard\libc_nano.a(libc_a-reent.o) (_impure_ptr)
C:/ST/STM32CubeIDE_1.18.0/STM32CubeIDE/plugins/com.st.stm32cube.ide.mcu.externaltools.gnu-tools-for-stm32.13.3.rel1.win32_1.0.0.202411081344/tools/bin/../lib/gcc/arm-none-eabi/13.3.1/../../../../arm-none-eabi/lib/thumb/v7e-m+fp/hard\libc_nano.a(libc_a-lseekr.o)
[...]
Memory Configuration

Name             Origin             Length             Attributes
RAM              0x20000000         0x00020000         xrw
FLASH            0x08000000         0x00080000         xr
*default*        0x00000000         0xffffffff

Linker script and memory map

LOAD C:/ST/STM32CubeIDE_1.18.0/STM32CubeIDE/plugins/com.st.stm32cube.ide.mcu.externaltools.gnu-tools-for-stm32.13.3.rel1.win32_1.0.0.202411081344/tools/bin/../lib/gcc/arm-none-eabi/13.3.1/thumb/v7e-m+fp/hard/crti.o
LOAD C:/ST/STM32CubeIDE_1.18.0/STM32CubeIDE/plugins/com.st.stm32cube.ide.mcu.externaltools.gnu-tools-for-stm32.13.3.rel1.win32_1.0.0.202411081344/tools/bin/../lib/gcc/arm-none-eabi/13.3.1/thumb/v7e-m+fp/hard/crtbegin.o
LOAD C:/ST/STM32CubeIDE_1.18.0/STM32CubeIDE/plugins/com.st.stm32cube.ide.mcu.externaltools.gnu-tools-for-stm32.13.3.rel1.win32_1.0.0.202411081344/tools/bin/../lib/gcc/arm-none-eabi/13.3.1/../../../../arm-none-eabi/lib/thumb/v7e-m+fp/hard/crt0.o
LOAD ./Core/Src/control.o
LOAD ./Core/Src/display.o
LOAD ./Core/Src/encoder.o
LOAD ./Core/Src/font_8x12.o
LOAD ./Core/Src/main.o
LOAD ./Core/Src/oled.o
LOAD ./Core/Src/sht30.o
LOAD ./Core/Src/stm32f4xx_hal_msp.o
LOAD ./Core/Src/stm32f4xx_it.o
LOAD ./Core/Src/syscalls.o
LOAD ./Core/Src/sysmem.o
LOAD ./Core/Src/system_stm32f4xx.o
LOAD ./Core/Src/uart.o
LOAD ./Core/Startup/startup_stm32f446retx.o
LOAD ./Drivers/STM32F4xx_HAL_Driver/Src/stm32f4xx_hal.o
LOAD ./Drivers/STM32F4xx_HAL_Driver/Src/stm32f4xx_hal_cortex.o
LOAD ./Drivers/STM32F4xx_HAL_Driver/Src/stm32f4xx_hal_dma.o
LOAD ./Drivers/STM32F4xx_HAL_Driver/Src/stm32f4xx_hal_dma_ex.o
LOAD ./Drivers/STM32F4xx_HAL_Driver/Src/stm32f4xx_hal_exti.o
LOAD ./Drivers/STM32F4xx_HAL_Driver/Src/stm32f4xx_hal_flash.o
LOAD ./Drivers/STM32F4xx_HAL_Driver/Src/stm32f4xx_hal_flash_ex.o
LOAD ./Drivers/STM32F4xx_HAL_Driver/Src/stm32f4xx_hal_flash_ramfunc.o
LOAD ./Drivers/STM32F4xx_HAL_Driver/Src/stm32f4xx_hal_gpio.o
LOAD ./Drivers/STM32F4xx_HAL_Driver/Src/stm32f4xx_hal_i2c.o
LOAD ./Drivers/STM32F4xx_HAL_Driver/Src/stm32f4xx_hal_i2c_ex.o
LOAD ./Drivers/STM32F4xx_HAL_Driver/Src/stm32f4xx_hal_pwr.o
LOAD ./Drivers/STM32F4xx_HAL_Driver/Src/stm32f4xx_hal_pwr_ex.o
LOAD ./Drivers/STM32F4xx_HAL_Driver/Src/stm32f4xx_hal_rcc.o
LOAD ./Drivers/STM32F4xx_HAL_Driver/Src/stm32f4xx_hal_rcc_ex.o
LOAD ./Drivers/STM32F4xx_HAL_Driver/Src/stm32f4xx_hal_tim.o
LOAD ./Drivers/STM32F4xx_HAL_Driver/Src/stm32f4xx_hal_tim_ex.o
LOAD ./Drivers/STM32F4xx_HAL_Driver/Src/stm32f4xx_hal_uart.o
START GROUP
LOAD C:/ST/STM32CubeIDE_1.18.0/STM32CubeIDE/plugins/com.st.stm32cube.ide.mcu.externaltools.gnu-tools-for-stm32.13.3.rel1.win32_1.0.0.202411081344/tools/bin/../lib/gcc/arm-none-eabi/13.3.1/../../../../arm-none-eabi/lib/thumb/v7e-m+fp/hard\libc_nano.a
LOAD C:/ST/STM32CubeIDE_1.18.0/STM32CubeIDE/plugins/com.st.stm32cube.ide.mcu.externaltools.gnu-tools-for-stm32.13.3.rel1.win32_1.0.0.202411081344/tools/bin/../lib/gcc/arm-none-eabi/13.3.1/../../../../arm-none-eabi/lib/thumb/v7e-m+fp/hard\libm.a
END GROUP
START GROUP
LOAD C:/ST/STM32CubeIDE_1.18.0/STM32CubeIDE/plugins/com.st.stm32cube.ide.mcu.externaltools.gnu-tools-for-stm32.13.3.rel1.win32_1.0.0.202411081344/tools/bin/../lib/gcc/arm-none-eabi/13.3.1/thumb/v7e-m+fp/hard\libgcc.a
LOAD C:/ST/STM32CubeIDE_1.18.0/STM32CubeIDE/plugins/com.st.stm32cube.ide.mcu.externaltools.gnu-tools-for-stm32.13.3.rel1.win32_1.0.0.202411081344/tools/bin/../lib/gcc/arm-none-eabi/13.3.1/../../../../arm-none-eabi/lib/thumb/v7e-m+fp/hard\libc_nano.a
END GROUP
START GROUP
LOAD C:/ST/STM32CubeIDE_1.18.0/STM32CubeIDE/plugins/com.st.stm32cube.ide.mcu.externaltools.gnu-tools-for-stm32.13.3.rel1.win32_1.0.0.202411081344/tools/bin/../lib/gcc/arm-none-eabi/13.3.1/thumb/v7e-m+fp/hard\libgcc.a
LOAD C:/ST/STM32CubeIDE_1.18.0/STM32CubeIDE/plugins/com.st.stm32cube.ide.mcu.externaltools.gnu-tools-for-stm32.13.3.rel1.win32_1.0.0.202411081344/tools/bin/../lib/gcc/arm-none-eabi/13.3.1/../../../../arm-none-eabi/lib/thumb/v7e-m+fp/hard\libc_nano.a
LOAD C:/ST/STM32CubeIDE_1.18.0/STM32CubeIDE/plugins/com.st.stm32cube.ide.mcu.externaltools.gnu-tools-for-stm32.13.3.rel1.win32_1.0.0.202411081344/tools/bin/../lib/gcc/arm-none-eabi/13.3.1/../../../../arm-none-eabi/lib/thumb/v7e-m+fp/hard\libnosys.a
END GROUP
START GROUP
LOAD C:/ST/STM32CubeIDE_1.18.0/STM32CubeIDE/plugins/com.st.stm32cube.ide.mcu.externaltools.gnu-tools-for-stm32.13.3.rel1.win32_1.0.0.202411081344/tools/bin/../lib/gcc/arm-none-eabi/13.3.1/thumb/v7e-m+fp/hard\libgcc.a
LOAD C:/ST/STM32CubeIDE_1.18.0/STM32CubeIDE/plugins/com.st.stm32cube.ide.mcu.externaltools.gnu-tools-for-stm32.13.3.rel1.win32_1.0.0.202411081344/tools/bin/../lib/gcc/arm-none-eabi/13.3.1/../../../../arm-none-eabi/lib/thumb/v7e-m+fp/hard\libc_nano.a
LOAD C:/ST/STM32CubeIDE_1.18.0/STM32CubeIDE/plugins/com.st.stm32cube.ide.mcu.externaltools.gnu-tools-for-stm32.13.3.rel1.win32_1.0.0.202411081344/tools/bin/../lib/gcc/arm-none-eabi/13.3.1/../../../../arm-none-eabi/lib/thumb/v7e-m+fp/hard\libnosys.a
END GROUP
LOAD C:/ST/STM32CubeIDE_1.18.0/STM32CubeIDE/plugins/com.st.stm32cube.ide.mcu.externaltools.gnu-tools-for-stm32.13.3.rel1.win32_1.0.0.202411081344/tools/bin/../lib/gcc/arm-none-eabi/13.3.1/thumb/v7e-m+fp/hard/crtend.o
LOAD C:/ST/STM32CubeIDE_1.18.0/STM32CubeIDE/plugins/com.st.stm32cube.ide.mcu.externaltools.gnu-tools-for-stm32.13.3.rel1.win32_1.0.0.202411081344/tools/bin/../lib/gcc/arm-none-eabi/13.3.1/thumb/v7e-m+fp/hard/crtn.o
                0x20020000                        _estack = (ORIGIN (RAM) + LENGTH (RAM))
                0x00000200                        _Min_Heap_Size = 0x200
                0x00000400                        _Min_Stack_Size = 0x400

.isr_vector     0x08000000      0x1c4
                0x08000000                        . = ALIGN (0x4)
 *(.isr_vector)
 .isr_vector    0x08000000      0x1c4 ./Core/Startup/startup_stm32f446retx.o
                0x08000000                g_pfnVectors
                0x080001c4                        . = ALIGN (0x4)

.text           0x080001c4     0x4e40
                0x080001c4                        . = ALIGN (0x4)
 *(.text)
 .text          0x080001c4       0x40 C:/ST/STM32CubeIDE_1.18.0/STM32CubeIDE/plugins/com.st.stm32cube.ide.mcu.externaltools.gnu-tools-for-stm32.13.3.rel1.win32_1.0.0.202411081344/tools/bin/../lib/gcc/arm-none-eabi/13.3.1/thumb/v7e-m+fp/hard/crtbegin.o
 .text          0x08000204      0x254 C:/ST/STM32CubeIDE_1.18.0/STM32CubeIDE/plugins/com.st.stm32cube.ide.mcu.externaltools.gnu-tools-for-stm32.13.3.rel1.win32_1.0.0.202411081344/tools/bin/../lib/gcc/arm-none-eabi/13.3.1/thumb/v7e-m+fp/hard\libgcc.a(_arm_muldf3.o)
                0x08000204                __muldf3
                0x08000204                __aeabi_dmul
 .text          0x08000458      0x378 C:/ST/STM32CubeIDE_1.18.0/STM32CubeIDE/plugins/com.st.stm32cube.ide.mcu.externaltools.gnu-tools-for-stm32.13.3.rel1.win32_1.0.0.202411081344/tools/bin/../lib/gcc/arm-none-eabi/13.3.1/thumb/v7e-m+fp/hard\libgcc.a(_arm_addsubdf3.o)
                0x08000458                __aeabi_drsub
                0x08000460                __aeabi_dsub
                0x08000460                __subdf3
                0x08000464                __aeabi_dadd
                0x08000464                __adddf3
                0x080006dc                __floatunsidf
                0x080006dc                __aeabi_ui2d
                0x080006fc                __floatsidf
                0x080006fc                __aeabi_i2d
                0x08000720                __aeabi_f2d
                0x08000720                __extendsfdf2
                0x08000764                __floatundidf
                0x08000764                __aeabi_ul2d
                0x08000774                __floatdidf
                0x08000774                __aeabi_l2d
 .text          0x080007d0       0x40 C:/ST/STM32CubeIDE_1.18.0/STM32CubeIDE/plugins/com.st.stm32cube.ide.mcu.externaltools.gnu-tools-for-stm32.13.3.rel1.win32_1.0.0.202411081344/tools/bin/../lib/gcc/arm-none-eabi/13.3.1/thumb/v7e-m+fp/hard\libgcc.a(_arm_fixunsdfsi.o)
                0x080007d0                __aeabi_d2uiz
                0x080007d0                __fixunsdfsi
 .text          0x08000810       0x30 C:/ST/STM32CubeIDE_1.18.0/STM32CubeIDE/plugins/com.st.stm32cube.ide.mcu.externaltools.gnu-tools-for-stm32.13.3.rel1.win32_1.0.0.202411081344/tools/bin/../lib/gcc/arm-none-eabi/13.3.1/thumb/v7e-m+fp/hard\libgcc.a(_aeabi_uldivmod.o)
                0x08000810                __aeabi_uldivmod
 .text          0x08000840      0x2f8 C:/ST/STM32CubeIDE_1.18.0/STM32CubeIDE/plugins/com.st.stm32cube.ide.mcu.externaltools.gnu-tools-for-stm32.13.3.rel1.win32_1.0.0.202411081344/tools/bin/../lib/gcc/arm-none-eabi/13.3.1/thumb/v7e-m+fp/hard\libgcc.a(_udivmoddi4.o)
                0x08000840                __udivmoddi4
 .text          0x08000b38        0x4 C:/ST/STM32CubeIDE_1.18.0/STM32CubeIDE/plugins/com.st.stm32cube.ide.mcu.externaltools.gnu-tools-for-stm32.13.3.rel1.win32_1.0.0.202411081344/tools/bin/../lib/gcc/arm-none-eabi/13.3.1/thumb/v7e-m+fp/hard\libgcc.a(_dvmd_tls.o)
                0x08000b38                __aeabi_idiv0
                0x08000b38                __aeabi_ldiv0
 *(.text*)
 .text.control_init
                0x08000b3c       0x38 ./Core/Src/control.o
                0x08000b3c                control_init
 .text.display_init
                0x08000b74       0x2c ./Core/Src/display.o
                0x08000b74                display_init
 .text.display_task
                0x08000ba0      0x6c4 ./Core/Src/display.o
                0x08000ba0                display_task
 .text.encoder_init
                0x08001264       0x52 ./Core/Src/encoder.o
                0x08001264                encoder_init
 .text.encoder_read
                0x080012b6       0x72 ./Core/Src/encoder.o
                0x080012b6                encoder_read
 .text.HAL_GPIO_EXTI_Callback
                0x08001328       0x40 ./Core/Src/main.o
                0x08001328                HAL_GPIO_EXTI_Callback
 .text.HAL_TIM_PeriodElapsedCallback
                0x08001368      0x368 ./Core/Src/main.o
                0x08001368                HAL_TIM_PeriodElapsedCallback
 .text.main     0x080016d0       0xa8 ./Core/Src/main.o
                0x080016d0                main
 .text.SystemClock_Config
                0x08001778       0xc0 ./Core/Src/main.o
                0x08001778                SystemClock_Config
 .text.MX_I2C1_Init
                0x08001838       0x5c ./Core/Src/main.o
 .text.MX_TIM2_Init
                0x08001894       0xa8 ./Core/Src/main.o
 .text.MX_TIM3_Init
                0x0800193c       0x9c ./Core/Src/main.o
 .text.MX_USART2_UART_Init
                0x080019d8       0x54 ./Core/Src/main.o
 .text.MX_GPIO_Init
                0x08001a2c       0x8c ./Core/Src/main.o
 .text.Error_Handler
                0x08001ab8        0xc ./Core/Src/main.o
                0x08001ab8                Error_Handler
 .text.oled_init
                0x08001ac4       0x68 ./Core/Src/oled.o
                0x08001ac4                oled_init
 .text.oled_clear_display
                0x08001b2c       0x20 ./Core/Src/oled.o
                0x08001b2c                oled_clear_display
 .text.oled_send_buffer
                0x08001b4c       0x78 ./Core/Src/oled.o
                0x08001b4c                oled_send_buffer
 .text.oled_draw_char
                0x08001bc4       0xf4 ./Core/Src/oled.o
                0x08001bc4                oled_draw_char
 .text.oled_draw_string
                0x08001cb8       0x4c ./Core/Src/oled.o
                0x08001cb8                oled_draw_string
 .text.oled_draw_int
                0x08001d04       0xac ./Core/Src/oled.o
                0x08001d04                oled_draw_int
 .text.HAL_MspInit
                0x08001db0       0x50 ./Core/Src/stm32f4xx_hal_msp.o
                0x08001db0                HAL_MspInit
 .text.HAL_I2C_MspInit
                0x08001e00       0x90 ./Core/Src/stm32f4xx_hal_msp.o
                0x08001e00                HAL_I2C_MspInit
 .text.HAL_TIM_Encoder_MspInit
                0x08001e90       0x8c ./Core/Src/stm32f4xx_hal_msp.o
                0x08001e90                HAL_TIM_Encoder_MspInit
 .text.HAL_TIM_Base_MspInit
                0x08001f1c       0x50 ./Core/Src/stm32f4xx_hal_msp.o
                0x08001f1c                HAL_TIM_Base_MspInit
 .text.HAL_UART_MspInit
                0x08001f6c       0x90 ./Core/Src/stm32f4xx_hal_msp.o
                0x08001f6c                HAL_UART_MspInit
 .text.NMI_Handler
                0x08001ffc        0x8 ./Core/Src/stm32f4xx_it.o
                0x08001ffc                NMI_Handler
 .text.HardFault_Handler
                0x08002004        0x8 ./Core/Src/stm32f4xx_it.o
                0x08002004                HardFault_Handler
 .text.MemManage_Handler
                0x0800200c        0x8 ./Core/Src/stm32f4xx_it.o
                0x0800200c                MemManage_Handler
 .text.BusFault_Handler
                0x08002014        0x8 ./Core/Src/stm32f4xx_it.o
                0x08002014                BusFault_Handler
 .text.UsageFault_Handler
                0x0800201c        0x8 ./Core/Src/stm32f4xx_it.o
                0x0800201c                UsageFault_Handler
 .text.SVC_Handler
                0x08002024        0xe ./Core/Src/stm32f4xx_it.o
                0x08002024                SVC_Handler
 .text.DebugMon_Handler
                0x08002032        0xe ./Core/Src/stm32f4xx_it.o
                0x08002032                DebugMon_Handler
 .text.PendSV_Handler
                0x08002040        0xe ./Core/Src/stm32f4xx_it.o
                0x08002040                PendSV_Handler
 .text.SysTick_Handler
                0x0800204e        0xc ./Core/Src/stm32f4xx_it.o
                0x0800204e                SysTick_Handler
 *fill*         0x0800205a        0x2 
 .text.TIM3_IRQHandler
                0x0800205c       0x14 ./Core/Src/stm32f4xx_it.o
                0x0800205c                TIM3_IRQHandler
 .text.EXTI15_10_IRQHandler
                0x08002070       0x10 ./Core/Src/stm32f4xx_it.o
                0x08002070                EXTI15_10_IRQHandler
 .text.SystemInit
                0x08002080       0x24 ./Core/Src/system_stm32f4xx.o
                0x08002080                SystemInit
 .text.Reset_Handler
                0x080020a4       0x50 ./Core/Startup/startup_stm32f446retx.o
                0x080020a4                Reset_Handler
 .text.Default_Handler
                0x080020f4        0x2 ./Core/Startup/startup_stm32f446retx.o
                0x080020f4                RTC_Alarm_IRQHandler
                0x080020f4                EXTI2_IRQHandler
                0x080020f4                TIM8_CC_IRQHandler
                0x080020f4                FMPI2C1_EV_IRQHandler
                0x080020f4                SPI4_IRQHandler
                0x080020f4                TIM1_CC_IRQHandler
                0x080020f4                DMA2_Stream5_IRQHandler
                0x080020f4                DMA1_Stream5_IRQHandler
                0x080020f4                PVD_IRQHandler
                0x080020f4                SDIO_IRQHandler
                0x080020f4                TAMP_STAMP_IRQHandler
                0x080020f4                CAN2_RX1_IRQHandler
                0x080020f4                EXTI3_IRQHandler
                0x080020f4                TIM8_TRG_COM_TIM14_IRQHandler
                0x080020f4                TIM1_UP_TIM10_IRQHandler
                0x080020f4                TIM8_UP_TIM13_IRQHandler
                0x080020f4                I2C3_ER_IRQHandler
                0x080020f4                EXTI0_IRQHandler
                0x080020f4                I2C2_EV_IRQHandler
                0x080020f4                DMA1_Stream2_IRQHandler
                0x080020f4                CAN1_RX0_IRQHandler
                0x080020f4                FPU_IRQHandler
                0x080020f4                OTG_HS_WKUP_IRQHandler
                0x080020f4                CAN2_SCE_IRQHandler
                0x080020f4                DMA2_Stream2_IRQHandler
                0x080020f4                SPI1_IRQHandler
                0x080020f4                TIM6_DAC_IRQHandler
                0x080020f4                TIM1_BRK_TIM9_IRQHandler
                0x080020f4                DCMI_IRQHandler
                0x080020f4                CAN2_RX0_IRQHandler
                0x080020f4                DMA2_Stream3_IRQHandler
                0x080020f4                SAI2_IRQHandler
                0x080020f4                USART6_IRQHandler
                0x080020f4                USART3_IRQHandler
                0x080020f4                CAN1_RX1_IRQHandler
                0x080020f4                UART5_IRQHandler
                0x080020f4                DMA2_Stream0_IRQHandler
                0x080020f4                TIM4_IRQHandler
                0x080020f4                QUADSPI_IRQHandler
                0x080020f4                I2C1_EV_IRQHandler
                0x080020f4                DMA1_Stream6_IRQHandler
                0x080020f4                DMA1_Stream1_IRQHandler
                0x080020f4                UART4_IRQHandler
                0x080020f4                RCC_IRQHandler
                0x080020f4                TIM8_BRK_TIM12_IRQHandler
                0x080020f4                Default_Handler
                0x080020f4                CEC_IRQHandler
                0x080020f4                ADC_IRQHandler
                0x080020f4                DMA1_Stream7_IRQHandler
                0x080020f4                TIM7_IRQHandler
                0x080020f4                CAN2_TX_IRQHandler
                0x080020f4                TIM5_IRQHandler
                0x080020f4                DMA2_Stream7_IRQHandler
                0x080020f4                I2C3_EV_IRQHandler
                0x080020f4                EXTI9_5_IRQHandler
                0x080020f4                RTC_WKUP_IRQHandler
                0x080020f4                SPDIF_RX_IRQHandler
                0x080020f4                SPI2_IRQHandler
                0x080020f4                OTG_HS_EP1_IN_IRQHandler
                0x080020f4                DMA1_Stream0_IRQHandler
                0x080020f4                CAN1_TX_IRQHandler
                0x080020f4                FMPI2C1_ER_IRQHandler
                0x080020f4                EXTI4_IRQHandler
                0x080020f4                OTG_HS_EP1_OUT_IRQHandler
                0x080020f4                WWDG_IRQHandler
                0x080020f4                TIM2_IRQHandler
                0x080020f4                OTG_FS_WKUP_IRQHandler
                0x080020f4                TIM1_TRG_COM_TIM11_IRQHandler
                0x080020f4                OTG_HS_IRQHandler
                0x080020f4                EXTI1_IRQHandler
                0x080020f4                USART2_IRQHandler
                0x080020f4                I2C2_ER_IRQHandler
                0x080020f4                DMA2_Stream1_IRQHandler
                0x080020f4                CAN1_SCE_IRQHandler
                0x080020f4                FLASH_IRQHandler
                0x080020f4                DMA2_Stream4_IRQHandler
                0x080020f4                USART1_IRQHandler
                0x080020f4                OTG_FS_IRQHandler
                0x080020f4                SPI3_IRQHandler
                0x080020f4                DMA1_Stream4_IRQHandler
                0x080020f4                I2C1_ER_IRQHandler
                0x080020f4                FMC_IRQHandler
                0x080020f4                DMA2_Stream6_IRQHandler
                0x080020f4                SAI1_IRQHandler
                0x080020f4                DMA1_Stream3_IRQHandler
 *fill*         0x080020f6        0x2 
 .text.HAL_Init
                0x080020f8       0x44 ./Drivers/STM32F4xx_HAL_Driver/Src/stm32f4xx_hal.o
                0x080020f8                HAL_Init
 .text.HAL_InitTick
                0x0800213c       0x60 ./Drivers/STM32F4xx_HAL_Driver/Src/stm32f4xx_hal.o
                0x0800213c                HAL_InitTick
 .text.HAL_IncTick
                0x0800219c       0x28 ./Drivers/STM32F4xx_HAL_Driver/Src/stm32f4xx_hal.o
                0x0800219c                HAL_IncTick
 .text.HAL_GetTick
                0x080021c4       0x18 ./Drivers/STM32F4xx_HAL_Driver/Src/stm32f4xx_hal.o
                0x080021c4                HAL_GetTick
 .text.__NVIC_SetPriorityGrouping
                0x080021dc       0x48 ./Drivers/STM32F4xx_HAL_Driver/Src/stm32f4xx_hal_cortex.o
 .text.__NVIC_GetPriorityGrouping
                0x08002224       0x1c ./Drivers/STM32F4xx_HAL_Driver/Src/stm32f4xx_hal_cortex.o
 .text.__NVIC_EnableIRQ
                0x08002240       0x3c ./Drivers/STM32F4xx_HAL_Driver/Src/stm32f4xx_hal_cortex.o
 .text.__NVIC_SetPriority
                0x0800227c       0x54 ./Drivers/STM32F4xx_HAL_Driver/Src/stm32f4xx_hal_cortex.o
 .text.NVIC_EncodePriority
                0x080022d0       0x66 ./Drivers/STM32F4xx_HAL_Driver/Src/stm32f4xx_hal_cortex.o
 *fill*         0x08002336        0x2 
 .text.SysTick_Config
                0x08002338       0x44 ./Drivers/STM32F4xx_HAL_Driver/Src/stm32f4xx_hal_cortex.o
 .text.HAL_NVIC_SetPriorityGrouping
                0x0800237c       0x16 ./Drivers/STM32F4xx_HAL_Driver/Src/stm32f4xx_hal_cortex.o
                0x0800237c                HAL_NVIC_SetPriorityGrouping
 .text.HAL_NVIC_SetPriority
                0x08002392       0x38 ./Drivers/STM32F4xx_HAL_Driver/Src/stm32f4xx_hal_cortex.o
                0x08002392                HAL_NVIC_SetPriority
 .text.HAL_NVIC_EnableIRQ
                0x080023ca       0x1c ./Drivers/STM32F4xx_HAL_Driver/Src/stm32f4xx_hal_cortex.o
                0x080023ca                HAL_NVIC_EnableIRQ
 .text.HAL_SYSTICK_Config
                0x080023e6       0x18 ./Drivers/STM32F4xx_HAL_Driver/Src/stm32f4xx_hal_cortex.o
                0x080023e6                HAL_SYSTICK_Config
 *fill*         0x080023fe        0x2 
 .text.HAL_GPIO_Init
                0x08002400      0x328 ./Drivers/STM32F4xx_HAL_Driver/Src/stm32f4xx_hal_gpio.o
                0x08002400                HAL_GPIO_Init
 .text.HAL_GPIO_EXTI_IRQHandler
                0x08002728       0x30 ./Drivers/STM32F4xx_HAL_Driver/Src/stm32f4xx_hal_gpio.o
                0x08002728                HAL_GPIO_EXTI_IRQHandler
 .text.HAL_I2C_Init
                0x08002758      0x288 ./Drivers/STM32F4xx_HAL_Driver/Src/stm32f4xx_hal_i2c.o
                0x08002758                HAL_I2C_Init
 .text.HAL_I2C_Master_Transmit
                0x080029e0      0x1fc ./Drivers/STM32F4xx_HAL_Driver/Src/stm32f4xx_hal_i2c.o
                0x080029e0                HAL_I2C_Master_Transmit
 .text.HAL_I2C_Mem_Write
                0x08002bdc      0x1f4 ./Drivers/STM32F4xx_HAL_Driver/Src/stm32f4xx_hal_i2c.o
                0x08002bdc                HAL_I2C_Mem_Write
 .text.I2C_MasterRequestWrite
                0x08002dd0      0x104 ./Drivers/STM32F4xx_HAL_Driver/Src/stm32f4xx_hal_i2c.o
 .text.I2C_RequestMemoryWrite
                0x08002ed4      0x12c ./Drivers/STM32F4xx_HAL_Driver/Src/stm32f4xx_hal_i2c.o
 .text.I2C_WaitOnFlagUntilTimeout
                0x08003000       0xf4 ./Drivers/STM32F4xx_HAL_Driver/Src/stm32f4xx_hal_i2c.o
 .text.I2C_WaitOnMasterAddressFlagUntilTimeout
                0x080030f4      0x140 ./Drivers/STM32F4xx_HAL_Driver/Src/stm32f4xx_hal_i2c.o
 .text.I2C_WaitOnTXEFlagUntilTimeout
                0x08003234       0x90 ./Drivers/STM32F4xx_HAL_Driver/Src/stm32f4xx_hal_i2c.o
 .text.I2C_WaitOnBTFFlagUntilTimeout
                0x080032c4       0x90 ./Drivers/STM32F4xx_HAL_Driver/Src/stm32f4xx_hal_i2c.o
 .text.I2C_IsAcknowledgeFailed
                0x08003354       0x5e ./Drivers/STM32F4xx_HAL_Driver/Src/stm32f4xx_hal_i2c.o
 *fill*         0x080033b2        0x2 
 .text.HAL_RCC_ClockConfig
                0x080033b4      0x1cc ./Drivers/STM32F4xx_HAL_Driver/Src/stm32f4xx_hal_rcc.o
                0x080033b4                HAL_RCC_ClockConfig
 .text.HAL_RCC_GetHCLKFreq
                0x08003580       0x18 ./Drivers/STM32F4xx_HAL_Driver/Src/stm32f4xx_hal_rcc.o
                0x08003580                HAL_RCC_GetHCLKFreq
 .text.HAL_RCC_GetPCLK1Freq
                0x08003598       0x28 ./Drivers/STM32F4xx_HAL_Driver/Src/stm32f4xx_hal_rcc.o
                0x08003598                HAL_RCC_GetPCLK1Freq
 .text.HAL_RCC_GetPCLK2Freq
                0x080035c0       0x28 ./Drivers/STM32F4xx_HAL_Driver/Src/stm32f4xx_hal_rcc.o
                0x080035c0                HAL_RCC_GetPCLK2Freq
 .text.HAL_RCC_GetSysClockFreq
                0x080035e8      0x354 ./Drivers/STM32F4xx_HAL_Driver/Src/stm32f4xx_hal_rcc_ex.o
                0x080035e8                HAL_RCC_GetSysClockFreq
 .text.HAL_RCC_OscConfig
                0x0800393c      0x53c ./Drivers/STM32F4xx_HAL_Driver/Src/stm32f4xx_hal_rcc_ex.o
                0x0800393c                HAL_RCC_OscConfig
 .text.HAL_TIM_Base_Init
                0x08003e78       0x9e ./Drivers/STM32F4xx_HAL_Driver/Src/stm32f4xx_hal_tim.o
                0x08003e78                HAL_TIM_Base_Init
 *fill*         0x08003f16        0x2 
 .text.HAL_TIM_Base_Start_IT
                0x08003f18       0xe0 ./Drivers/STM32F4xx_HAL_Driver/Src/stm32f4xx_hal_tim.o
                0x08003f18                HAL_TIM_Base_Start_IT
 .text.HAL_TIM_Encoder_Init
                0x08003ff8      0x14c ./Drivers/STM32F4xx_HAL_Driver/Src/stm32f4xx_hal_tim.o
                0x08003ff8                HAL_TIM_Encoder_Init
 .text.HAL_TIM_Encoder_Start
                0x08004144      0x11c ./Drivers/STM32F4xx_HAL_Driver/Src/stm32f4xx_hal_tim.o
                0x08004144                HAL_TIM_Encoder_Start
 .text.HAL_TIM_IRQHandler
                0x08004260      0x1e0 ./Drivers/STM32F4xx_HAL_Driver/Src/stm32f4xx_hal_tim.o
                0x08004260                HAL_TIM_IRQHandler
 .text.HAL_TIM_ConfigClockSource
                0x08004440      0x18e ./Drivers/STM32F4xx_HAL_Driver/Src/stm32f4xx_hal_tim.o
                0x08004440                HAL_TIM_ConfigClockSource
 .text.HAL_TIM_OC_DelayElapsedCallback
                0x080045ce       0x14 ./Drivers/STM32F4xx_HAL_Driver/Src/stm32f4xx_hal_tim.o
                0x080045ce                HAL_TIM_OC_DelayElapsedCallback
 .text.HAL_TIM_IC_CaptureCallback
                0x080045e2       0x14 ./Drivers/STM32F4xx_HAL_Driver/Src/stm32f4xx_hal_tim.o
                0x080045e2                HAL_TIM_IC_CaptureCallback
 .text.HAL_TIM_PWM_PulseFinishedCallback
                0x080045f6       0x14 ./Drivers/STM32F4xx_HAL_Driver/Src/stm32f4xx_hal_tim.o
                0x080045f6                HAL_TIM_PWM_PulseFinishedCallback
 .text.HAL_TIM_TriggerCallback
                0x0800460a       0x14 ./Drivers/STM32F4xx_HAL_Driver/Src/stm32f4xx_hal_tim.o
                0x0800460a                HAL_TIM_TriggerCallback
 *fill*         0x0800461e        0x2 
 .text.TIM_Base_SetConfig
                0x08004620      0x14c ./Drivers/STM32F4xx_HAL_Driver/Src/stm32f4xx_hal_tim.o
                0x08004620                TIM_Base_SetConfig
 .text.TIM_TI1_ConfigInputStage
                0x0800476c       0x5e ./Drivers/STM32F4xx_HAL_Driver/Src/stm32f4xx_hal_tim.o
 .text.TIM_TI2_ConfigInputStage
                0x080047ca       0x60 ./Drivers/STM32F4xx_HAL_Driver/Src/stm32f4xx_hal_tim.o
 .text.TIM_ITRx_SetConfig
                0x0800482a       0x36 ./Drivers/STM32F4xx_HAL_Driver/Src/stm32f4xx_hal_tim.o
 .text.TIM_ETR_SetConfig
                0x08004860       0x40 ./Drivers/STM32F4xx_HAL_Driver/Src/stm32f4xx_hal_tim.o
                0x08004860                TIM_ETR_SetConfig
 .text.TIM_CCxChannelCmd
                0x080048a0       0x4a ./Drivers/STM32F4xx_HAL_Driver/Src/stm32f4xx_hal_tim.o
                0x080048a0                TIM_CCxChannelCmd
 *fill*         0x080048ea        0x2 
 .text.HAL_TIMEx_MasterConfigSynchronization
                0x080048ec       0xf8 ./Drivers/STM32F4xx_HAL_Driver/Src/stm32f4xx_hal_tim_ex.o
                0x080048ec                HAL_TIMEx_MasterConfigSynchronization
 .text.HAL_TIMEx_CommutCallback
                0x080049e4       0x14 ./Drivers/STM32F4xx_HAL_Driver/Src/stm32f4xx_hal_tim_ex.o
                0x080049e4                HAL_TIMEx_CommutCallback
 .text.HAL_TIMEx_BreakCallback
                0x080049f8       0x14 ./Drivers/STM32F4xx_HAL_Driver/Src/stm32f4xx_hal_tim_ex.o
                0x080049f8                HAL_TIMEx_BreakCallback
 .text.HAL_UART_Init
                0x08004a0c       0xa0 ./Drivers/STM32F4xx_HAL_Driver/Src/stm32f4xx_hal_uart.o
                0x08004a0c                HAL_UART_Init
 .text.UART_SetConfig
                0x08004aac      0x4e8 ./Drivers/STM32F4xx_HAL_Driver/Src/stm32f4xx_hal_uart.o
 .text.memset   0x08004f94       0x10 C:/ST/STM32CubeIDE_1.18.0/STM32CubeIDE/plugins/com.st.stm32cube.ide.mcu.externaltools.gnu-tools-for-stm32.13.3.rel1.win32_1.0.0.202411081344/tools/bin/../lib/gcc/arm-none-eabi/13.3.1/../../../../arm-none-eabi/lib/thumb/v7e-m+fp/hard\libc_nano.a(libc_a-memset.o)
                0x08004f94                memset
 .text.__libc_init_array
                0x08004fa4       0x48 C:/ST/STM32CubeIDE_1.18.0/STM32CubeIDE/plugins/com.st.stm32cube.ide.mcu.externaltools.gnu-tools-for-stm32.13.3.rel1.win32_1.0.0.202411081344/tools/bin/../lib/gcc/arm-none-eabi/13.3.1/../../../../arm-none-eabi/lib/thumb/v7e-m+fp/hard\libc_nano.a(libc_a-init.o)
                0x08004fa4                __libc_init_array
 *(.glue_7)
 .glue_7        0x08004fec        0x0 linker stubs
 *(.glue_7t)
 .glue_7t       0x08004fec        0x0 linker stubs
 *(.eh_frame)
 .eh_frame      0x08004fec        0x0 C:/ST/STM32CubeIDE_1.18.0/STM32CubeIDE/plugins/com.st.stm32cube.ide.mcu.externaltools.gnu-tools-for-stm32.13.3.rel1.win32_1.0.0.202411081344/tools/bin/../lib/gcc/arm-none-eabi/13.3.1/thumb/v7e-m+fp/hard/crtbegin.o
 *(.init)
 .init          0x08004fec        0x4 C:/ST/STM32CubeIDE_1.18.0/STM32CubeIDE/plugins/com.st.stm32cube.ide.mcu.externaltools.gnu-tools-for-stm32.13.3.rel1.win32_1.0.0.202411081344/tools/bin/../lib/gcc/arm-none-eabi/13.3.1/thumb/v7e-m+fp/hard/crti.o
                0x08004fec                _init
 .init          0x08004ff0        0x8 C:/ST/STM32CubeIDE_1.18.0/STM32CubeIDE/plugins/com.st.stm32cube.ide.mcu.externaltools.gnu-tools-for-stm32.13.3.rel1.win32_1.0.0.202411081344/tools/bin/../lib/gcc/arm-none-eabi/13.3.1/thumb/v7e-m+fp/hard/crtn.o
 *(.fini)
 .fini          0x08004ff8        0x4 C:/ST/STM32CubeIDE_1.18.0/STM32CubeIDE/plugins/com.st.stm32cube.ide.mcu.externaltools.gnu-tools-for-stm32.13.3.rel1.win32_1.0.0.202411081344/tools/bin/../lib/gcc/arm-none-eabi/13.3.1/thumb/v7e-m+fp/hard/crti.o
                0x08004ff8                _fini
 .fini          0x08004ffc        0x8 C:/ST/STM32CubeIDE_1.18.0/STM32CubeIDE/plugins/com.st.stm32cube.ide.mcu.externaltools.gnu-tools-for-stm32.13.3.rel1.win32_1.0.0.202411081344/tools/bin/../lib/gcc/arm-none-eabi/13.3.1/thumb/v7e-m+fp/hard/crtn.o
                0x08005004                        . = ALIGN (0x4)
                0x08005004                        _etext = .

.vfp11_veneer   0x08005004        0x0
 .vfp11_veneer  0x08005004        0x0 linker stubs

.v4_bx          0x08005004        0x0
 .v4_bx         0x08005004        0x0 linker stubs

.iplt           0x08005004        0x0
 .iplt          0x08005004        0x0 C:/ST/STM32CubeIDE_1.18.0/STM32CubeIDE/plugins/com.st.stm32cube.ide.mcu.externaltools.gnu-tools-for-stm32.13.3.rel1.win32_1.0.0.202411081344/tools/bin/../lib/gcc/arm-none-eabi/13.3.1/thumb/v7e-m+fp/hard/crtbegin.o

.rodata         0x08005004      0x70c
                0x08005004                        . = ALIGN (0x4)
 *(.rodata)
 .rodata        0x08005004       0x94 ./Core/Src/display.o
 *(.rodata*)
 .rodata.font_8x12
                0x08005098      0x660 ./Core/Src/font_8x12.o
                0x08005098                font_8x12
 .rodata.AHBPrescTable
                0x080056f8       0x10 ./Core/Src/system_stm32f4xx.o
                0x080056f8                AHBPrescTable
 .rodata.APBPrescTable
                0x08005708        0x8 ./Core/Src/system_stm32f4xx.o
                0x08005708                APBPrescTable
                0x08005710                        . = ALIGN (0x4)

.ARM.extab      0x08005710        0x0
                0x08005710                        . = ALIGN (0x4)
 *(.ARM.extab* .gnu.linkonce.armextab.*)
                0x08005710                        . = ALIGN (0x4)

.ARM            0x08005710        0x8
                0x08005710                        . = ALIGN (0x4)
                0x08005710                        __exidx_start = .
 *(.ARM.exidx*)
 .ARM.exidx     0x08005710        0x8 C:/ST/STM32CubeIDE_1.18.0/STM32CubeIDE/plugins/com.st.stm32cube.ide.mcu.externaltools.gnu-tools-for-stm32.13.3.rel1.win32_1.0.0.202411081344/tools/bin/../lib/gcc/arm-none-eabi/13.3.1/thumb/v7e-m+fp/hard\libgcc.a(_udivmoddi4.o)
                0x08005718                        __exidx_end = .
                0x08005718                        . = ALIGN (0x4)

.preinit_array  0x08005718        0x0
                0x08005718                        . = ALIGN (0x4)
                0x08005718                        PROVIDE (__preinit_array_start = .)
 *(.preinit_array*)
                0x08005718                        PROVIDE (__preinit_array_end = .)
                0x08005718                        . = ALIGN (0x4)

.init_array     0x08005718        0x4
                0x08005718                        . = ALIGN (0x4)
                0x08005718                        PROVIDE (__init_array_start = .)
 *(SORT_BY_NAME(.init_array.*))
 *(.init_array*)
 .init_array    0x08005718        0x4 C:/ST/STM32CubeIDE_1.18.0/STM32CubeIDE/plugins/com.st.stm32cube.ide.mcu.externaltools.gnu-tools-for-stm32.13.3.rel1.win32_1.0.0.202411081344/tools/bin/../lib/gcc/arm-none-eabi/13.3.1/thumb/v7e-m+fp/hard/crtbegin.o
                0x0800571c                        PROVIDE (__init_array_end = .)
                0x0800571c                        . = ALIGN (0x4)

.fini_array     0x0800571c        0x4
                0x0800571c                        . = ALIGN (0x4)
                [!provide]                        PROVIDE (__fini_array_start = .)
 *(SORT_BY_NAME(.fini_array.*))
 *(.fini_array*)
 .fini_array    0x0800571c        0x4 C:/ST/STM32CubeIDE_1.18.0/STM32CubeIDE/plugins/com.st.stm32cube.ide.mcu.externaltools.gnu-tools-for-stm32.13.3.rel1.win32_1.0.0.202411081344/tools/bin/../lib/gcc/arm-none-eabi/13.3.1/thumb/v7e-m+fp/hard/crtbegin.o
                [!provide]                        PROVIDE (__fini_array_end = .)
                0x08005720                        . = ALIGN (0x4)
                0x08005720                        _sidata = LOADADDR (.data)

.rel.dyn        0x08005720        0x0
 .rel.iplt      0x08005720        0x0 C:/ST/STM32CubeIDE_1.18.0/STM32CubeIDE/plugins/com.st.stm32cube.ide.mcu.externaltools.gnu-tools-for-stm32.13.3.rel1.win32_1.0.0.202411081344/tools/bin/../lib/gcc/arm-none-eabi/13.3.1/thumb/v7e-m+fp/hard/crtbegin.o

.data           0x20000000       0x24 load address 0x08005720
                0x20000000                        . = ALIGN (0x4)
                0x20000000                        _sdata = .
 *(.data)
 *(.data*)
 .data.is_blink
                0x20000000        0x1 ./Core/Src/display.o
 .data.data_byte
                0x20000001        0x1 ./Core/Src/oled.o
 *fill*         0x20000002        0x2 
 .data.set_column_page
                0x20000004        0x6 ./Core/Src/oled.o
 *fill*         0x2000000a        0x2 
 .data.init_buf.0
                0x2000000c        0xc ./Core/Src/oled.o
 .data.SystemCoreClock
                0x20000018        0x4 ./Core/Src/system_stm32f4xx.o
                0x20000018                SystemCoreClock
 .data.uwTickPrio
                0x2000001c        0x4 ./Drivers/STM32F4xx_HAL_Driver/Src/stm32f4xx_hal.o
                0x2000001c                uwTickPrio
 .data.uwTickFreq
                0x20000020        0x1 ./Drivers/STM32F4xx_HAL_Driver/Src/stm32f4xx_hal.o
                0x20000020                uwTickFreq
 *(.RamFunc)
 *(.RamFunc*)
                0x20000024                        . = ALIGN (0x4)
 *fill*         0x20000021        0x3 
                0x20000024                        _edata = .

.igot.plt       0x20000024        0x0 load address 0x08005744
 .igot.plt      0x20000024        0x0 C:/ST/STM32CubeIDE_1.18.0/STM32CubeIDE/plugins/com.st.stm32cube.ide.mcu.externaltools.gnu-tools-for-stm32.13.3.rel1.win32_1.0.0.202411081344/tools/bin/../lib/gcc/arm-none-eabi/13.3.1/thumb/v7e-m+fp/hard/crtbegin.o
                0x20000024                        . = ALIGN (0x4)

.bss            0x20000024      0x5a8 load address 0x08005744
                0x20000024                        _sbss = .
                0x20000024                        __bss_start__ = _sbss
 *(.bss)
 .bss           0x20000024       0x1c C:/ST/STM32CubeIDE_1.18.0/STM32CubeIDE/plugins/com.st.stm32cube.ide.mcu.externaltools.gnu-tools-for-stm32.13.3.rel1.win32_1.0.0.202411081344/tools/bin/../lib/gcc/arm-none-eabi/13.3.1/thumb/v7e-m+fp/hard/crtbegin.o
 *(.bss*)
 .bss.blink_tick
                0x20000040        0x4 ./Core/Src/display.o
 .bss.hi2c1     0x20000044       0x54 ./Core/Src/main.o
                0x20000044                hi2c1
 .bss.htim2     0x20000098       0x48 ./Core/Src/main.o
                0x20000098                htim2
 .bss.htim3     0x200000e0       0x48 ./Core/Src/main.o
                0x200000e0                htim3
 .bss.huart2    0x20000128       0x48 ./Core/Src/main.o
                0x20000128                huart2
 .bss.oled      0x20000170        0xc ./Core/Src/main.o
                0x20000170                oled
 .bss.encoder   0x2000017c       0x18 ./Core/Src/main.o
                0x2000017c                encoder
 .bss.sht30     0x20000194       0x18 ./Core/Src/main.o
                0x20000194                sht30
 .bss.control   0x200001ac       0x10 ./Core/Src/main.o
                0x200001ac                control
 .bss.display   0x200001bc        0x4 ./Core/Src/main.o
                0x200001bc                display
 .bss.oled_tick
                0x200001c0        0x4 ./Core/Src/main.o
                0x200001c0                oled_tick
 .bss.command_byte
                0x200001c4        0x1 ./Core/Src/oled.o
 *fill*         0x200001c5        0x3 
 .bss.oled_buffer
                0x200001c8      0x400 ./Core/Src/oled.o
 .bss.uwTick    0x200005c8        0x4 ./Drivers/STM32F4xx_HAL_Driver/Src/stm32f4xx_hal.o
                0x200005c8                uwTick
 *(COMMON)
                0x200005cc                        . = ALIGN (0x4)
                0x200005cc                        _ebss = .
                0x200005cc                        __bss_end__ = _ebss

._user_heap_stack
                0x200005cc      0x604 load address 0x08005744
                0x200005d0                        . = ALIGN (0x8)
 *fill*         0x200005cc        0x4 
                [!provide]                        PROVIDE (end = .)
                0x200005d0                        PROVIDE (_end = .)
                0x200007d0                        . = (. + _Min_Heap_Size)
 *fill*         0x200005d0      0x200 
                0x20000bd0                        . = (. + _Min_Stack_Size)
 *fill*         0x200007d0      0x400 
                0x20000bd0                        . = ALIGN (0x8)

/DISCARD/
 libc.a(*)
 libm.a(*)
 libgcc.a(*)

.ARM.attributes
                0x00000000       0x30
 *(.ARM.attributes)
 .ARM.attributes
                0x00000000       0x22 C:/ST/STM32CubeIDE_1.18.0/STM32CubeIDE/plugins/com.st.stm32cube.ide.mcu.externaltools.gnu-tools-for-stm32.13.3.rel1.win32_1.0.0.202411081344/tools/bin/../lib/gcc/arm-none-eabi/13.3.1/thumb/v7e-m+fp/hard/crti.o
 .ARM.attributes
                0x00000022       0x34 C:/ST/STM32CubeIDE_1.18.0/STM32CubeIDE/plugins/com.st.stm32cube.ide.mcu.externaltools.gnu-tools-for-stm32.13.3.rel1.win32_1.0.0.202411081344/tools/bin/../lib/gcc/arm-none-eabi/13.3.1/thumb/v7e-m+fp/hard/crtbegin.o
 .ARM.attributes
                0x00000056       0x34 ./Core/Src/control.o
 .ARM.attributes
                0x0000008a       0x34 ./Core/Src/display.o
 .ARM.attributes
                0x000000be       0x34 ./Core/Src/encoder.o
 .ARM.attributes
                0x000000f2       0x34 ./Core/Src/font_8x12.o
 .ARM.attributes
                0x00000126       0x34 ./Core/Src/main.o
 .ARM.attributes
                0x0000015a       0x34 ./Core/Src/oled.o
 .ARM.attributes
                0x0000018e       0x34 ./Core/Src/stm32f4xx_hal_msp.o
 .ARM.attributes
                0x000001c2       0x34 ./Core/Src/stm32f4xx_it.o
 .ARM.attributes
                0x000001f6       0x34 ./Core/Src/system_stm32f4xx.o
 .ARM.attributes
                0x0000022a       0x21 ./Core/Startup/startup_stm32f446retx.o
 .ARM.attributes
                0x0000024b       0x34 ./Drivers/STM32F4xx_HAL_Driver/Src/stm32f4xx_hal.o
 .ARM.attributes
                0x0000027f       0x34 ./Drivers/STM32F4xx_HAL_Driver/Src/stm32f4xx_hal_cortex.o
 .ARM.attributes
                0x000002b3       0x34 ./Drivers/STM32F4xx_HAL_Driver/Src/stm32f4xx_hal_gpio.o
 .ARM.attributes
                0x000002e7       0x34 ./Drivers/STM32F4xx_HAL_Driver/Src/stm32f4xx_hal_i2c.o
 .ARM.attributes
                0x0000031b       0x34 ./Drivers/STM32F4xx_HAL_Driver/Src/stm32f4xx_hal_rcc.o
 .ARM.attributes
                0x0000034f       0x34 ./Drivers/STM32F4xx_HAL_Driver/Src/stm32f4xx_hal_rcc_ex.o
 .ARM.attributes
                0x00000383       0x34 ./Drivers/STM32F4xx_HAL_Driver/Src/stm32f4xx_hal_tim.o
 .ARM.attributes
                0x000003b7       0x34 ./Drivers/STM32F4xx_HAL_Driver/Src/stm32f4xx_hal_tim_ex.o
 .ARM.attributes
                0x000003eb       0x34 ./Drivers/STM32F4xx_HAL_Driver/Src/stm32f4xx_hal_uart.o
 .ARM.attributes
                0x0000041f       0x34 C:/ST/STM32CubeIDE_1.18.0/STM32CubeIDE/plugins/com.st.stm32cube.ide.mcu.externaltools.gnu-tools-for-stm32.13.3.rel1.win32_1.0.0.202411081344/tools/bin/../lib/gcc/arm-none-eabi/13.3.1/../../../../arm-none-eabi/lib/thumb/v7e-m+fp/hard\libc_nano.a(libc_a-memset.o)
 .ARM.attributes
                0x00000453       0x34 C:/ST/STM32CubeIDE_1.18.0/STM32CubeIDE/plugins/com.st.stm32cube.ide.mcu.externaltools.gnu-tools-for-stm32.13.3.rel1.win32_1.0.0.202411081344/tools/bin/../lib/gcc/arm-none-eabi/13.3.1/../../../../arm-none-eabi/lib/thumb/v7e-m+fp/hard\libc_nano.a(libc_a-init.o)
 .ARM.attributes
                0x00000487       0x22 C:/ST/STM32CubeIDE_1.18.0/STM32CubeIDE/plugins/com.st.stm32cube.ide.mcu.externaltools.gnu-tools-for-stm32.13.3.rel1.win32_1.0.0.202411081344/tools/bin/../lib/gcc/arm-none-eabi/13.3.1/thumb/v7e-m+fp/hard\libgcc.a(_arm_muldf3.o)
 .ARM.attributes
                0x000004a9       0x22 C:/ST/STM32CubeIDE_1.18.0/STM32CubeIDE/plugins/com.st.stm32cube.ide.mcu.externaltools.gnu-tools-for-stm32.13.3.rel1.win32_1.0.0.202411081344/tools/bin/../lib/gcc/arm-none-eabi/13.3.1/thumb/v7e-m+fp/hard\libgcc.a(_arm_addsubdf3.o)
 .ARM.attributes
                0x000004cb       0x22 C:/ST/STM32CubeIDE_1.18.0/STM32CubeIDE/plugins/com.st.stm32cube.ide.mcu.externaltools.gnu-tools-for-stm32.13.3.rel1.win32_1.0.0.202411081344/tools/bin/../lib/gcc/arm-none-eabi/13.3.1/thumb/v7e-m+fp/hard\libgcc.a(_arm_fixunsdfsi.o)
 .ARM.attributes
                0x000004ed       0x22 C:/ST/STM32CubeIDE_1.18.0/STM32CubeIDE/plugins/com.st.stm32cube.ide.mcu.externaltools.gnu-tools-for-stm32.13.3.rel1.win32_1.0.0.202411081344/tools/bin/../lib/gcc/arm-none-eabi/13.3.1/thumb/v7e-m+fp/hard\libgcc.a(_aeabi_uldivmod.o)
 .ARM.attributes
                0x0000050f       0x34 C:/ST/STM32CubeIDE_1.18.0/STM32CubeIDE/plugins/com.st.stm32cube.ide.mcu.externaltools.gnu-tools-for-stm32.13.3.rel1.win32_1.0.0.202411081344/tools/bin/../lib/gcc/arm-none-eabi/13.3.1/thumb/v7e-m+fp/hard\libgcc.a(_udivmoddi4.o)
 .ARM.attributes
                0x00000543       0x22 C:/ST/STM32CubeIDE_1.18.0/STM32CubeIDE/plugins/com.st.stm32cube.ide.mcu.externaltools.gnu-tools-for-stm32.13.3.rel1.win32_1.0.0.202411081344/tools/bin/../lib/gcc/arm-none-eabi/13.3.1/thumb/v7e-m+fp/hard\libgcc.a(_dvmd_tls.o)
 .ARM.attributes
                0x00000565       0x22 C:/ST/STM32CubeIDE_1.18.0/STM32CubeIDE/plugins/com.st.stm32cube.ide.mcu.externaltools.gnu-tools-for-stm32.13.3.rel1.win32_1.0.0.202411081344/tools/bin/../lib/gcc/arm-none-eabi/13.3.1/thumb/v7e-m+fp/hard/crtn.o
OUTPUT(dry_storage_cabinet.elf elf32-littlearm)
LOAD linker stubs
LOAD C:/ST/STM32CubeIDE_1.18.0/STM32CubeIDE/plugins/com.st.stm32cube.ide.mcu.externaltools.gnu-tools-for-stm32.13.3.rel1.win32_1.0.0.202411081344/tools/bin/../lib/gcc/arm-none-eabi/13.3.1/../../../../arm-none-eabi/lib/thumb/v7e-m+fp/hard\libc.a
LOAD C:/ST/STM32CubeIDE_1.18.0/STM32CubeIDE/plugins/com.st.stm32cube.ide.mcu.externaltools.gnu-tools-for-stm32.13.3.rel1.win32_1.0.0.202411081344/tools/bin/../lib/gcc/arm-none-eabi/13.3.1/../../../../arm-none-eabi/lib/thumb/v7e-m+fp/hard\libm.a
LOAD C:/ST/STM32CubeIDE_1.18.0/STM32CubeIDE/plugins/com.st.stm32cube.ide.mcu.externaltools.gnu-tools-for-stm32.13.3.rel1.win32_1.0.0.202411081344/tools/bin/../lib/gcc/arm-none-eabi/13.3.1/thumb/v7e-m+fp/hard\libgcc.a

.debug_info     0x00000000    0x11b5c
 .debug_info    0x00000000       0xa0 ./Core/Src/control.o
 .debug_info    0x000000a0      0x9e6 ./Core/Src/display.o
 .debug_info    0x00000a86      0x7e2 ./Core/Src/encoder.o
 .debug_info    0x00001268       0xf1 ./Core/Src/font_8x12.o
 .debug_info    0x00001359     0x1b46 ./Core/Src/main.o
 .debug_info    0x00002e9f      0xa5c ./Core/Src/oled.o
 .debug_info    0x000038fb     0x1336 ./Core/Src/stm32f4xx_hal_msp.o
 .debug_info    0x00004c31      0x71b ./Core/Src/stm32f4xx_it.o
 .debug_info    0x0000534c      0x54a ./Core/Src/system_stm32f4xx.o
 .debug_info    0x00005896       0x30 ./Core/Startup/startup_stm32f446retx.o
 .debug_info    0x000058c6      0x99a ./Drivers/STM32F4xx_HAL_Driver/Src/stm32f4xx_hal.o
 .debug_info    0x00006260      0xdaa ./Drivers/STM32F4xx_HAL_Driver/Src/stm32f4xx_hal_cortex.o
 .debug_info    0x0000700a      0x70b ./Drivers/STM32F4xx_HAL_Driver/Src/stm32f4xx_hal_gpio.o
 .debug_info    0x00007715     0x2421 ./Drivers/STM32F4xx_HAL_Driver/Src/stm32f4xx_hal_i2c.o
 .debug_info    0x00009b36      0x8ff ./Drivers/STM32F4xx_HAL_Driver/Src/stm32f4xx_hal_rcc.o
 .debug_info    0x0000a435      0x960 ./Drivers/STM32F4xx_HAL_Driver/Src/stm32f4xx_hal_rcc_ex.o
 .debug_info    0x0000ad95     0x299d ./Drivers/STM32F4xx_HAL_Driver/Src/stm32f4xx_hal_tim.o
 .debug_info    0x0000d732     0x14db ./Drivers/STM32F4xx_HAL_Driver/Src/stm32f4xx_hal_tim_ex.o
 .debug_info    0x0000ec0d     0x2f4f ./Drivers/STM32F4xx_HAL_Driver/Src/stm32f4xx_hal_uart.o

.debug_abbrev   0x00000000     0x2532
 .debug_abbrev  0x00000000       0x87 ./Core/Src/control.o
 .debug_abbrev  0x00000087      0x1b0 ./Core/Src/display.o
 .debug_abbrev  0x00000237      0x1b6 ./Core/Src/encoder.o
 .debug_abbrev  0x000003ed       0x94 ./Core/Src/font_8x12.o
 .debug_abbrev  0x00000481      0x2fe ./Core/Src/main.o
 .debug_abbrev  0x0000077f      0x22c ./Core/Src/oled.o
 .debug_abbrev  0x000009ab      0x21f ./Core/Src/stm32f4xx_hal_msp.o
 .debug_abbrev  0x00000bca      0x1a7 ./Core/Src/stm32f4xx_it.o
 .debug_abbrev  0x00000d71      0x11a ./Core/Src/system_stm32f4xx.o
 .debug_abbrev  0x00000e8b       0x24 ./Core/Startup/startup_stm32f446retx.o
 .debug_abbrev  0x00000eaf      0x214 ./Drivers/STM32F4xx_HAL_Driver/Src/stm32f4xx_hal.o
 .debug_abbrev  0x000010c3      0x31d ./Drivers/STM32F4xx_HAL_Driver/Src/stm32f4xx_hal_cortex.o
 .debug_abbrev  0x000013e0      0x1d4 ./Drivers/STM32F4xx_HAL_Driver/Src/stm32f4xx_hal_gpio.o
 .debug_abbrev  0x000015b4      0x2ad ./Drivers/STM32F4xx_HAL_Driver/Src/stm32f4xx_hal_i2c.o
 .debug_abbrev  0x00001861      0x2b7 ./Drivers/STM32F4xx_HAL_Driver/Src/stm32f4xx_hal_rcc.o
 .debug_abbrev  0x00001b18      0x211 ./Drivers/STM32F4xx_HAL_Driver/Src/stm32f4xx_hal_rcc_ex.o
 .debug_abbrev  0x00001d29      0x278 ./Drivers/STM32F4xx_HAL_Driver/Src/stm32f4xx_hal_tim.o
 .debug_abbrev  0x00001fa1      0x283 ./Drivers/STM32F4xx_HAL_Driver/Src/stm32f4xx_hal_tim_ex.o
 .debug_abbrev  0x00002224      0x30e ./Drivers/STM32F4xx_HAL_Driver/Src/stm32f4xx_hal_uart.o

.debug_aranges  0x00000000      0xfc0
 .debug_aranges
                0x00000000       0x20 ./Core/Src/control.o
 .debug_aranges
                0x00000020       0x28 ./Core/Src/display.o
 .debug_aranges
                0x00000048       0x28 ./Core/Src/encoder.o
 .debug_aranges
                0x00000070       0x18 ./Core/Src/font_8x12.o
 .debug_aranges
                0x00000088       0x68 ./Core/Src/main.o
 .debug_aranges
                0x000000f0       0x50 ./Core/Src/oled.o
 .debug_aranges
                0x00000140       0x60 ./Core/Src/stm32f4xx_hal_msp.o
 .debug_aranges
                0x000001a0       0x70 ./Core/Src/stm32f4xx_it.o
 .debug_aranges
                0x00000210       0x28 ./Core/Src/system_stm32f4xx.o
 .debug_aranges
                0x00000238       0x28 ./Core/Startup/startup_stm32f446retx.o
 .debug_aranges
                0x00000260       0xf0 ./Drivers/STM32F4xx_HAL_Driver/Src/stm32f4xx_hal.o
 .debug_aranges
                0x00000350      0x130 ./Drivers/STM32F4xx_HAL_Driver/Src/stm32f4xx_hal_cortex.o
 .debug_aranges
                0x00000480       0x58 ./Drivers/STM32F4xx_HAL_Driver/Src/stm32f4xx_hal_gpio.o
 .debug_aranges
                0x000004d8      0x2a8 ./Drivers/STM32F4xx_HAL_Driver/Src/stm32f4xx_hal_i2c.o
 .debug_aranges
                0x00000780       0x88 ./Drivers/STM32F4xx_HAL_Driver/Src/stm32f4xx_hal_rcc.o
 .debug_aranges
                0x00000808       0x78 ./Drivers/STM32F4xx_HAL_Driver/Src/stm32f4xx_hal_rcc_ex.o
 .debug_aranges
                0x00000880      0x3d0 ./Drivers/STM32F4xx_HAL_Driver/Src/stm32f4xx_hal_tim.o
 .debug_aranges
                0x00000c50      0x168 ./Drivers/STM32F4xx_HAL_Driver/Src/stm32f4xx_hal_tim_ex.o
 .debug_aranges
                0x00000db8      0x208 ./Drivers/STM32F4xx_HAL_Driver/Src/stm32f4xx_hal_uart.o

.debug_rnglists
                0x00000000      0xc5f
 .debug_rnglists
                0x00000000       0x13 ./Core/Src/control.o
 .debug_rnglists
                0x00000013       0x1a ./Core/Src/display.o
 .debug_rnglists
                0x0000002d       0x19 ./Core/Src/encoder.o
 .debug_rnglists
                0x00000046       0x4f ./Core/Src/main.o
 .debug_rnglists
                0x00000095       0x39 ./Core/Src/oled.o
 .debug_rnglists
                0x000000ce       0x46 ./Core/Src/stm32f4xx_hal_msp.o
 .debug_rnglists
                0x00000114       0x4f ./Core/Src/stm32f4xx_it.o
 .debug_rnglists
                0x00000163       0x1a ./Core/Src/system_stm32f4xx.o
 .debug_rnglists
                0x0000017d       0x19 ./Core/Startup/startup_stm32f446retx.o
 .debug_rnglists
                0x00000196       0xaf ./Drivers/STM32F4xx_HAL_Driver/Src/stm32f4xx_hal.o
 .debug_rnglists
                0x00000245       0xe0 ./Drivers/STM32F4xx_HAL_Driver/Src/stm32f4xx_hal_cortex.o
 .debug_rnglists
                0x00000325       0x3f ./Drivers/STM32F4xx_HAL_Driver/Src/stm32f4xx_hal_gpio.o
 .debug_rnglists
                0x00000364      0x23c ./Drivers/STM32F4xx_HAL_Driver/Src/stm32f4xx_hal_i2c.o
 .debug_rnglists
                0x000005a0       0x66 ./Drivers/STM32F4xx_HAL_Driver/Src/stm32f4xx_hal_rcc.o
 .debug_rnglists
                0x00000606       0x5e ./Drivers/STM32F4xx_HAL_Driver/Src/stm32f4xx_hal_rcc_ex.o
 .debug_rnglists
                0x00000664      0x31a ./Drivers/STM32F4xx_HAL_Driver/Src/stm32f4xx_hal_tim.o
 .debug_rnglists
                0x0000097e      0x125 ./Drivers/STM32F4xx_HAL_Driver/Src/stm32f4xx_hal_tim_ex.o
 .debug_rnglists
                0x00000aa3      0x1bc ./Drivers/STM32F4xx_HAL_Driver/Src/stm32f4xx_hal_uart.o

.debug_macro    0x00000000    0x226e0
 .debug_macro   0x00000000       0x1b ./Core/Src/control.o
 .debug_macro   0x0000001b      0xad8 ./Core/Src/control.o
 .debug_macro   0x00000af3      0x2e5 ./Core/Src/display.o
 .debug_macro   0x00000dd8       0x2e ./Core/Src/display.o
 .debug_macro   0x00000e06       0x28 ./Core/Src/display.o
 .debug_macro   0x00000e2e       0x22 ./Core/Src/display.o
 .debug_macro   0x00000e50       0x8e ./Core/Src/display.o
 .debug_macro   0x00000ede       0x51 ./Core/Src/display.o
 .debug_macro   0x00000f2f      0x103 ./Core/Src/display.o
 .debug_macro   0x00001032       0x6a ./Core/Src/display.o
 .debug_macro   0x0000109c      0x1df ./Core/Src/display.o
 .debug_macro   0x0000127b       0x1c ./Core/Src/display.o
 .debug_macro   0x00001297       0x22 ./Core/Src/display.o
 .debug_macro   0x000012b9       0xfb ./Core/Src/display.o
 .debug_macro   0x000013b4     0x1011 ./Core/Src/display.o
 .debug_macro   0x000023c5      0x11f ./Core/Src/display.o
 .debug_macro   0x000024e4    0x1675e ./Core/Src/display.o
 .debug_macro   0x00018c42       0x6d ./Core/Src/display.o
 .debug_macro   0x00018caf      0x2a1 ./Core/Src/display.o
 .debug_macro   0x00018f50     0x3693 ./Core/Src/display.o
 .debug_macro   0x0001c5e3      0x190 ./Core/Src/display.o
 .debug_macro   0x0001c773       0x5c ./Core/Src/display.o
 .debug_macro   0x0001c7cf      0xca5 ./Core/Src/display.o
 .debug_macro   0x0001d474      0x9e9 ./Core/Src/display.o
 .debug_macro   0x0001de5d      0x115 ./Core/Src/display.o
 .debug_macro   0x0001df72      0x1a0 ./Core/Src/display.o
 .debug_macro   0x0001e112       0xa5 ./Core/Src/display.o
 .debug_macro   0x0001e1b7      0x16d ./Core/Src/display.o
 .debug_macro   0x0001e324      0x287 ./Core/Src/display.o
 .debug_macro   0x0001e5ab       0x5f ./Core/Src/display.o
 .debug_macro   0x0001e60a      0x236 ./Core/Src/display.o
 .debug_macro   0x0001e840      0x132 ./Core/Src/display.o
 .debug_macro   0x0001e972      0x29c ./Core/Src/display.o
 .debug_macro   0x0001ec0e       0x2e ./Core/Src/display.o
 .debug_macro   0x0001ec3c      0x1b5 ./Core/Src/display.o
 .debug_macro   0x0001edf1       0x22 ./Core/Src/display.o
 .debug_macro   0x0001ee13       0xd6 ./Core/Src/display.o
 .debug_macro   0x0001eee9      0x127 ./Core/Src/display.o
 .debug_macro   0x0001f010       0xe8 ./Core/Src/display.o
 .debug_macro   0x0001f0f8       0x89 ./Core/Src/display.o
 .debug_macro   0x0001f181      0x8ed ./Core/Src/display.o
 .debug_macro   0x0001fa6e       0x53 ./Core/Src/display.o
 .debug_macro   0x0001fac1      0x2aa ./Core/Src/display.o
 .debug_macro   0x0001fd6b      0x126 ./Core/Src/display.o
 .debug_macro   0x0001fe91       0x61 ./Core/Src/display.o
 .debug_macro   0x0001fef2       0x2a ./Core/Src/display.o
 .debug_macro   0x0001ff1c       0x43 ./Core/Src/display.o
 .debug_macro   0x0001ff5f       0x34 ./Core/Src/display.o
 .debug_macro   0x0001ff93      0x370 ./Core/Src/display.o
 .debug_macro   0x00020303       0x16 ./Core/Src/display.o
 .debug_macro   0x00020319       0x4a ./Core/Src/display.o
 .debug_macro   0x00020363       0x34 ./Core/Src/display.o
 .debug_macro   0x00020397       0x10 ./Core/Src/display.o
 .debug_macro   0x000203a7       0x58 ./Core/Src/display.o
 .debug_macro   0x000203ff       0x8e ./Core/Src/display.o
 .debug_macro   0x0002048d       0x1c ./Core/Src/display.o
 .debug_macro   0x000204a9      0x185 ./Core/Src/display.o
 .debug_macro   0x0002062e       0x10 ./Core/Src/display.o
 .debug_macro   0x0002063e       0x3c ./Core/Src/display.o
 .debug_macro   0x0002067a       0x20 ./Core/Src/display.o
 .debug_macro   0x0002069a       0x16 ./Core/Src/display.o
 .debug_macro   0x000206b0       0x10 ./Core/Src/display.o
 .debug_macro   0x000206c0      0x1f1 ./Core/Src/encoder.o
 .debug_macro   0x000208b1       0x73 ./Core/Src/font_8x12.o
 .debug_macro   0x00020924      0x30f ./Core/Src/main.o
 .debug_macro   0x00020c33      0x2d1 ./Core/Src/oled.o
 .debug_macro   0x00020f04       0x10 ./Core/Src/oled.o
 .debug_macro   0x00020f14      0x1f1 ./Core/Src/stm32f4xx_hal_msp.o
 .debug_macro   0x00021105      0x1fb ./Core/Src/stm32f4xx_it.o
 .debug_macro   0x00021300      0x1e7 ./Core/Src/system_stm32f4xx.o
 .debug_macro   0x000214e7      0x247 ./Drivers/STM32F4xx_HAL_Driver/Src/stm32f4xx_hal.o
 .debug_macro   0x0002172e      0x1e7 ./Drivers/STM32F4xx_HAL_Driver/Src/stm32f4xx_hal_cortex.o
 .debug_macro   0x00021915      0x1ed ./Drivers/STM32F4xx_HAL_Driver/Src/stm32f4xx_hal_gpio.o
 .debug_macro   0x00021b02      0x235 ./Drivers/STM32F4xx_HAL_Driver/Src/stm32f4xx_hal_i2c.o
 .debug_macro   0x00021d37      0x20b ./Drivers/STM32F4xx_HAL_Driver/Src/stm32f4xx_hal_rcc.o
 .debug_macro   0x00021f42      0x1e7 ./Drivers/STM32F4xx_HAL_Driver/Src/stm32f4xx_hal_rcc_ex.o
 .debug_macro   0x00022129      0x1e8 ./Drivers/STM32F4xx_HAL_Driver/Src/stm32f4xx_hal_tim.o
 .debug_macro   0x00022311      0x1e7 ./Drivers/STM32F4xx_HAL_Driver/Src/stm32f4xx_hal_tim_ex.o
 .debug_macro   0x000224f8      0x1e8 ./Drivers/STM32F4xx_HAL_Driver/Src/stm32f4xx_hal_uart.o

.debug_line     0x00000000    0x142bf
 .debug_line    0x00000000       0x6d ./Core/Src/control.o
 .debug_line    0x0000006d      0xb2b ./Core/Src/display.o
 .debug_line    0x00000b98      0x7d1 ./Core/Src/encoder.o
 .debug_line    0x00001369      0x412 ./Core/Src/font_8x12.o
 .debug_line    0x0000177b      0xded ./Core/Src/main.o
 .debug_line    0x00002568      0xa8f ./Core/Src/oled.o
 .debug_line    0x00002ff7      0x89a ./Core/Src/stm32f4xx_hal_msp.o
 .debug_line    0x00003891      0x856 ./Core/Src/stm32f4xx_it.o
 .debug_line    0x000040e7      0x7ed ./Core/Src/system_stm32f4xx.o
 .debug_line    0x000048d4       0x7a ./Core/Startup/startup_stm32f446retx.o
 .debug_line    0x0000494e      0xa69 ./Drivers/STM32F4xx_HAL_Driver/Src/stm32f4xx_hal.o
 .debug_line    0x000053b7      0xd39 ./Drivers/STM32F4xx_HAL_Driver/Src/stm32f4xx_hal_cortex.o
 .debug_line    0x000060f0      0xbad ./Drivers/STM32F4xx_HAL_Driver/Src/stm32f4xx_hal_gpio.o
 .debug_line    0x00006c9d     0x3b16 ./Drivers/STM32F4xx_HAL_Driver/Src/stm32f4xx_hal_i2c.o
 .debug_line    0x0000a7b3      0xe82 ./Drivers/STM32F4xx_HAL_Driver/Src/stm32f4xx_hal_rcc.o
 .debug_line    0x0000b635     0x1532 ./Drivers/STM32F4xx_HAL_Driver/Src/stm32f4xx_hal_rcc_ex.o
 .debug_line    0x0000cb67     0x37de ./Drivers/STM32F4xx_HAL_Driver/Src/stm32f4xx_hal_tim.o
 .debug_line    0x00010345     0x19c9 ./Drivers/STM32F4xx_HAL_Driver/Src/stm32f4xx_hal_tim_ex.o
 .debug_line    0x00011d0e     0x25b1 ./Drivers/STM32F4xx_HAL_Driver/Src/stm32f4xx_hal_uart.o

.debug_str      0x00000000    0xd2ffd
 .debug_str     0x00000000    0xd2ffd ./Core/Src/control.o
                               0x2ece (size before relaxing)
 .debug_str     0x000d2ffd    0xcebd5 ./Core/Src/display.o
 .debug_str     0x000d2ffd    0xcb714 ./Core/Src/encoder.o
 .debug_str     0x000d2ffd     0x3dd9 ./Core/Src/font_8x12.o
 .debug_str     0x000d2ffd    0xcfc44 ./Core/Src/main.o
 .debug_str     0x000d2ffd    0xce9a4 ./Core/Src/oled.o
 .debug_str     0x000d2ffd    0xcc254 ./Core/Src/stm32f4xx_hal_msp.o
 .debug_str     0x000d2ffd    0xcb6da ./Core/Src/stm32f4xx_it.o
 .debug_str     0x000d2ffd    0xcb289 ./Core/Src/system_stm32f4xx.o
 .debug_str     0x000d2ffd       0x6f ./Core/Startup/startup_stm32f446retx.o
 .debug_str     0x000d2ffd    0xcbe4e ./Drivers/STM32F4xx_HAL_Driver/Src/stm32f4xx_hal.o
 .debug_str     0x000d2ffd    0xcbba5 ./Drivers/STM32F4xx_HAL_Driver/Src/stm32f4xx_hal_cortex.o
 .debug_str     0x000d2ffd    0xcb404 ./Drivers/STM32F4xx_HAL_Driver/Src/stm32f4xx_hal_gpio.o
 .debug_str     0x000d2ffd    0xcc287 ./Drivers/STM32F4xx_HAL_Driver/Src/stm32f4xx_hal_i2c.o
 .debug_str     0x000d2ffd    0xcb6c2 ./Drivers/STM32F4xx_HAL_Driver/Src/stm32f4xx_hal_rcc.o
 .debug_str     0x000d2ffd    0xcb6f5 ./Drivers/STM32F4xx_HAL_Driver/Src/stm32f4xx_hal_rcc_ex.o
 .debug_str     0x000d2ffd    0xcc5ee ./Drivers/STM32F4xx_HAL_Driver/Src/stm32f4xx_hal_tim.o
 .debug_str     0x000d2ffd    0xcbdfa ./Drivers/STM32F4xx_HAL_Driver/Src/stm32f4xx_hal_tim_ex.o
 .debug_str     0x000d2ffd    0xcbc79 ./Drivers/STM32F4xx_HAL_Driver/Src/stm32f4xx_hal_uart.o

.comment        0x00000000       0x43
 .comment       0x00000000       0x43 ./Core/Src/control.o
                                 0x44 (size before relaxing)
 .comment       0x00000043       0x44 ./Core/Src/display.o
 .comment       0x00000043       0x44 ./Core/Src/encoder.o
 .comment       0x00000043       0x44 ./Core/Src/font_8x12.o
 .comment       0x00000043       0x44 ./Core/Src/main.o
 .comment       0x00000043       0x44 ./Core/Src/oled.o
 .comment       0x00000043       0x44 ./Core/Src/stm32f4xx_hal_msp.o
 .comment       0x00000043       0x44 ./Core/Src/stm32f4xx_it.o
 .comment       0x00000043       0x44 ./Core/Src/system_stm32f4xx.o
 .comment       0x00000043       0x44 ./Drivers/STM32F4xx_HAL_Driver/Src/stm32f4xx_hal.o
 .comment       0x00000043       0x44 ./Drivers/STM32F4xx_HAL_Driver/Src/stm32f4xx_hal_cortex.o
 .comment       0x00000043       0x44 ./Drivers/STM32F4xx_HAL_Driver/Src/stm32f4xx_hal_gpio.o
 .comment       0x00000043       0x44 ./Drivers/STM32F4xx_HAL_Driver/Src/stm32f4xx_hal_i2c.o
 .comment       0x00000043       0x44 ./Drivers/STM32F4xx_HAL_Driver/Src/stm32f4xx_hal_rcc.o
 .comment       0x00000043       0x44 ./Drivers/STM32F4xx_HAL_Driver/Src/stm32f4xx_hal_rcc_ex.o
 .comment       0x00000043       0x44 ./Drivers/STM32F4xx_HAL_Driver/Src/stm32f4xx_hal_tim.o
 .comment       0x00000043       0x44 ./Drivers/STM32F4xx_HAL_Driver/Src/stm32f4xx_hal_tim_ex.o
 .comment       0x00000043       0x44 ./Drivers/STM32F4xx_HAL_Driver/Src/stm32f4xx_hal_uart.o

.debug_frame    0x00000000     0x436c
 .debug_frame   0x00000000       0x38 ./Core/Src/control.o
 .debug_frame   0x00000038       0x60 ./Core/Src/display.o
 .debug_frame   0x00000098       0x5c ./Core/Src/encoder.o
 .debug_frame   0x000000f4      0x158 ./Core/Src/main.o
 .debug_frame   0x0000024c      0x114 ./Core/Src/oled.o
 .debug_frame   0x00000360      0x158 ./Core/Src/stm32f4xx_hal_msp.o
 .debug_frame   0x000004b8      0x13c ./Core/Src/stm32f4xx_it.o
 .debug_frame   0x000005f4       0x58 ./Core/Src/system_stm32f4xx.o
 .debug_frame   0x0000064c      0x374 ./Drivers/STM32F4xx_HAL_Driver/Src/stm32f4xx_hal.o
 .debug_frame   0x000009c0      0x508 ./Drivers/STM32F4xx_HAL_Driver/Src/stm32f4xx_hal_cortex.o
 .debug_frame   0x00000ec8      0x14c ./Drivers/STM32F4xx_HAL_Driver/Src/stm32f4xx_hal_gpio.o
 .debug_frame   0x00001014      0xc84 ./Drivers/STM32F4xx_HAL_Driver/Src/stm32f4xx_hal_i2c.o
 .debug_frame   0x00001c98      0x1f4 ./Drivers/STM32F4xx_HAL_Driver/Src/stm32f4xx_hal_rcc.o
 .debug_frame   0x00001e8c      0x1e8 ./Drivers/STM32F4xx_HAL_Driver/Src/stm32f4xx_hal_rcc_ex.o
 .debug_frame   0x00002074     0x11c0 ./Drivers/STM32F4xx_HAL_Driver/Src/stm32f4xx_hal_tim.o
 .debug_frame   0x00003234      0x638 ./Drivers/STM32F4xx_HAL_Driver/Src/stm32f4xx_hal_tim_ex.o
 .debug_frame   0x0000386c      0x954 ./Drivers/STM32F4xx_HAL_Driver/Src/stm32f4xx_hal_uart.o
 .debug_frame   0x000041c0       0x20 C:/ST/STM32CubeIDE_1.18.0/STM32CubeIDE/plugins/com.st.stm32cube.ide.mcu.externaltools.gnu-tools-for-stm32.13.3.rel1.win32_1.0.0.202411081344/tools/bin/../lib/gcc/arm-none-eabi/13.3.1/../../../../arm-none-eabi/lib/thumb/v7e-m+fp/hard\libc_nano.a(libc_a-memset.o)
 .debug_frame   0x000041e0       0x2c C:/ST/STM32CubeIDE_1.18.0/STM32CubeIDE/plugins/com.st.stm32cube.ide.mcu.externaltools.gnu-tools-for-stm32.13.3.rel1.win32_1.0.0.202411081344/tools/bin/../lib/gcc/arm-none-eabi/13.3.1/../../../../arm-none-eabi/lib/thumb/v7e-m+fp/hard\libc_nano.a(libc_a-init.o)
 .debug_frame   0x0000420c       0x30 C:/ST/STM32CubeIDE_1.18.0/STM32CubeIDE/plugins/com.st.stm32cube.ide.mcu.externaltools.gnu-tools-for-stm32.13.3.rel1.win32_1.0.0.202411081344/tools/bin/../lib/gcc/arm-none-eabi/13.3.1/thumb/v7e-m+fp/hard\libgcc.a(_arm_muldf3.o)
 .debug_frame   0x0000423c       0xac C:/ST/STM32CubeIDE_1.18.0/STM32CubeIDE/plugins/com.st.stm32cube.ide.mcu.externaltools.gnu-tools-for-stm32.13.3.rel1.win32_1.0.0.202411081344/tools/bin/../lib/gcc/arm-none-eabi/13.3.1/thumb/v7e-m+fp/hard\libgcc.a(_arm_addsubdf3.o)
 .debug_frame   0x000042e8       0x24 C:/ST/STM32CubeIDE_1.18.0/STM32CubeIDE/plugins/com.st.stm32cube.ide.mcu.externaltools.gnu-tools-for-stm32.13.3.rel1.win32_1.0.0.202411081344/tools/bin/../lib/gcc/arm-none-eabi/13.3.1/thumb/v7e-m+fp/hard\libgcc.a(_arm_fixunsdfsi.o)
 .debug_frame   0x0000430c       0x2c C:/ST/STM32CubeIDE_1.18.0/STM32CubeIDE/plugins/com.st.stm32cube.ide.mcu.externaltools.gnu-tools-for-stm32.13.3.rel1.win32_1.0.0.202411081344/tools/bin/../lib/gcc/arm-none-eabi/13.3.1/thumb/v7e-m+fp/hard\libgcc.a(_aeabi_uldivmod.o)
 .debug_frame   0x00004338       0x34 C:/ST/STM32CubeIDE_1.18.0/STM32CubeIDE/plugins/com.st.stm32cube.ide.mcu.externaltools.gnu-tools-for-stm32.13.3.rel1.win32_1.0.0.202411081344/tools/bin/../lib/gcc/arm-none-eabi/13.3.1/thumb/v7e-m+fp/hard\libgcc.a(_udivmoddi4.o)

.debug_line_str
                0x00000000       0x53
 .debug_line_str
                0x00000000       0x53 ./Core/Startup/startup_stm32f446retx.o
