../Core/Src/main.c:105:6:HAL_GPIO_EXTI_Callback	3
../Core/Src/main.c:117:6:HAL_TIM_PeriodElapsedCallback	6
../Core/Src/main.c:139:6:menu_setting	21
../Core/Src/main.c:162:6:error_raise	4
../Core/Src/main.c:189:6:HAL_I2C_ErrorCallback	3
../Core/Src/main.c:204:5:main	15
../Core/Src/main.c:372:6:SystemClock_Config	3
../Core/Src/main.c:414:13:MX_ADC1_Init	3
../Core/Src/main.c:466:13:MX_I2C1_Init	2
../Core/Src/main.c:500:13:MX_TIM2_Init	3
../Core/Src/main.c:549:13:MX_TIM3_Init	6
../Core/Src/main.c:608:13:MX_TIM4_Init	4
../Core/Src/main.c:653:13:MX_USART1_UART_Init	2
../Core/Src/main.c:686:13:MX_GPIO_Init	1
../Core/Src/main.c:740:6:Error_Handler	1
