../Core/Src/main.c:105:6:HAL_GPIO_EXTI_Callback	16	static
../Core/Src/main.c:117:6:HAL_TIM_PeriodElapsedCallback	16	static
../Core/Src/main.c:139:6:menu_setting	4	static
../Core/Src/main.c:166:6:error_raise	24	static
../Core/Src/main.c:193:6:HAL_I2C_ErrorCallback	16	static
../Core/Src/main.c:208:5:main	48	static,ignoring_inline_asm
../Core/Src/main.c:386:6:SystemClock_Config	88	static
../Core/Src/main.c:428:13:MX_ADC1_Init	24	static
../Core/Src/main.c:480:13:MX_I2C1_Init	8	static
../Core/Src/main.c:514:13:MX_TIM2_Init	56	static
../Core/Src/main.c:563:13:MX_TIM3_Init	64	static
../Core/Src/main.c:622:13:MX_TIM4_Init	32	static
../Core/Src/main.c:667:13:MX_USART1_UART_Init	8	static
../Core/Src/main.c:700:13:MX_GPIO_Init	40	static
../Core/Src/main.c:754:6:Error_Handler	4	static,ignoring_inline_asm
