../Core/Src/main.c:99:6:HAL_GPIO_EXTI_Callback	3
../Core/Src/main.c:111:6:HAL_TIM_PeriodElapsedCallback	6
../Core/Src/main.c:133:6:menu_setting	6
../Core/Src/main.c:154:5:main	7
../Core/Src/main.c:299:6:SystemClock_Config	3
../Core/Src/main.c:341:13:MX_ADC1_Init	3
../Core/Src/main.c:393:13:MX_I2C1_Init	2
../Core/Src/main.c:427:13:MX_TIM2_Init	3
../Core/Src/main.c:476:13:MX_TIM3_Init	6
../Core/Src/main.c:535:13:MX_TIM4_Init	4
../Core/Src/main.c:580:13:MX_USART1_UART_Init	2
../Core/Src/main.c:613:13:MX_GPIO_Init	1
../Core/Src/main.c:667:6:Error_Handler	1
