../Core/Src/main.c:104:6:HAL_GPIO_EXTI_Callback	16	static
../Core/Src/main.c:116:6:HAL_TIM_PeriodElapsedCallback	16	static
../Core/Src/main.c:138:6:menu_setting	4	static
../Core/Src/main.c:153:6:error_raise	24	static
../Core/Src/main.c:180:6:HAL_I2C_ErrorCallback	16	static
../Core/Src/main.c:195:5:main	32	static,ignoring_inline_asm
../Core/Src/main.c:358:6:SystemClock_Config	88	static
../Core/Src/main.c:400:13:MX_ADC1_Init	24	static
../Core/Src/main.c:452:13:MX_I2C1_Init	8	static
../Core/Src/main.c:486:13:MX_TIM2_Init	56	static
../Core/Src/main.c:535:13:MX_TIM3_Init	64	static
../Core/Src/main.c:594:13:MX_TIM4_Init	32	static
../Core/Src/main.c:639:13:MX_USART1_UART_Init	8	static
../Core/Src/main.c:672:13:MX_GPIO_Init	40	static
../Core/Src/main.c:726:6:Error_Handler	4	static,ignoring_inline_asm
